Component: ARM Compiler 6.16 Tool: armlink [5dfeaa00]

==============================================================================

Section Cross References

    startup_stm32f303x8.o(RESET) refers to startup_stm32f303x8.o(STACK) for __initial_sp
    startup_stm32f303x8.o(RESET) refers to startup_stm32f303x8.o(.text) for Reset_Handler
    startup_stm32f303x8.o(RESET) refers to stm32f3xx_it.o(.text.NMI_Handler) for NMI_Handler
    startup_stm32f303x8.o(RESET) refers to stm32f3xx_it.o(.text.HardFault_Handler) for HardFault_Handler
    startup_stm32f303x8.o(RESET) refers to stm32f3xx_it.o(.text.MemManage_Handler) for MemManage_Handler
    startup_stm32f303x8.o(RESET) refers to stm32f3xx_it.o(.text.BusFault_Handler) for BusFault_Handler
    startup_stm32f303x8.o(RESET) refers to stm32f3xx_it.o(.text.UsageFault_Handler) for UsageFault_Handler
    startup_stm32f303x8.o(RESET) refers to stm32f3xx_it.o(.text.SVC_Handler) for SVC_Handler
    startup_stm32f303x8.o(RESET) refers to stm32f3xx_it.o(.text.DebugMon_Handler) for DebugMon_Handler
    startup_stm32f303x8.o(RESET) refers to stm32f3xx_it.o(.text.PendSV_Handler) for PendSV_Handler
    startup_stm32f303x8.o(RESET) refers to stm32f3xx_it.o(.text.SysTick_Handler) for SysTick_Handler
    startup_stm32f303x8.o(.text) refers to system_stm32f3xx.o(.text.SystemInit) for SystemInit
    startup_stm32f303x8.o(.text) refers to entry.o(.ARM.Collect$$$$00000000) for __main
    airun.o(.ARM.exidx.text.compare) refers to airun.o(.text.compare) for [Anonymous Symbol]
    airun.o(.text.cal_mean_std) refers to sqrtf.o(i.__hardfp_sqrtf) for __hardfp_sqrtf
    airun.o(.ARM.exidx.text.cal_mean_std) refers to airun.o(.text.cal_mean_std) for [Anonymous Symbol]
    airun.o(.text.get_feature) refers to airun.o(.text.OUTLINED_FUNCTION_1) for OUTLINED_FUNCTION_1
    airun.o(.text.get_feature) refers to airun.o(.text.OUTLINED_FUNCTION_3) for OUTLINED_FUNCTION_3
    airun.o(.text.get_feature) refers to airun.o(.text.cal_mean_std) for cal_mean_std
    airun.o(.text.get_feature) refers to memcpya.o(.text) for __aeabi_memcpy4
    airun.o(.text.get_feature) refers to airun.o(.text.OUTLINED_FUNCTION_0) for OUTLINED_FUNCTION_0
    airun.o(.text.get_feature) refers to airun.o(.text.OUTLINED_FUNCTION_2) for OUTLINED_FUNCTION_2
    airun.o(.ARM.exidx.text.get_feature) refers to airun.o(.text.get_feature) for [Anonymous Symbol]
    airun.o(.text.get_network_input) refers to airun.o(.text.cal_mean_std) for cal_mean_std
    airun.o(.text.get_network_input) refers to parameter.o(.data.factor) for factor
    airun.o(.text.get_network_input) refers to parameter.o(.data.threshold) for threshold
    airun.o(.text.get_network_input) refers to airun.o(.text.get_feature) for get_feature
    airun.o(.text.get_network_input) refers to airun.o(.text.OUTLINED_FUNCTION_4) for OUTLINED_FUNCTION_4
    airun.o(.ARM.exidx.text.get_network_input) refers to airun.o(.text.get_network_input) for [Anonymous Symbol]
    airun.o(.text.aiRun) refers to airun.o(.text.get_network_input) for get_network_input
    airun.o(.text.aiRun) refers to matrix.o(.text.Matrix_gen) for Matrix_gen
    airun.o(.text.aiRun) refers to parameter.o(.data.dense1_weight) for dense1_weight
    airun.o(.text.aiRun) refers to matrix.o(.text.M_mul) for M_mul
    airun.o(.text.aiRun) refers to parameter.o(.data.dense1_bias) for dense1_bias
    airun.o(.text.aiRun) refers to matrix.o(.text.M_add) for M_add
    airun.o(.text.aiRun) refers to matrix.o(.text.M_relu) for M_relu
    airun.o(.text.aiRun) refers to parameter.o(.data.dense2_weight) for dense2_weight
    airun.o(.text.aiRun) refers to parameter.o(.data.dense2_bias) for dense2_bias
    airun.o(.text.aiRun) refers to parameter.o(.data.dense3_weight) for dense3_weight
    airun.o(.text.aiRun) refers to parameter.o(.data.dense3_bias) for dense3_bias
    airun.o(.ARM.exidx.text.aiRun) refers to airun.o(.text.aiRun) for [Anonymous Symbol]
    airun.o(.text.OUTLINED_FUNCTION_0) refers to airun.o(.text.compare) for compare
    airun.o(.text.OUTLINED_FUNCTION_0) refers to qsort.o(.text) for qsort
    airun.o(.ARM.exidx.text.OUTLINED_FUNCTION_0) refers to airun.o(.text.OUTLINED_FUNCTION_0) for [Anonymous Symbol]
    airun.o(.ARM.exidx.text.OUTLINED_FUNCTION_1) refers to airun.o(.text.OUTLINED_FUNCTION_1) for [Anonymous Symbol]
    airun.o(.ARM.exidx.text.OUTLINED_FUNCTION_2) refers to airun.o(.text.OUTLINED_FUNCTION_2) for [Anonymous Symbol]
    airun.o(.ARM.exidx.text.OUTLINED_FUNCTION_3) refers to airun.o(.text.OUTLINED_FUNCTION_3) for [Anonymous Symbol]
    airun.o(.ARM.exidx.text.OUTLINED_FUNCTION_4) refers to airun.o(.text.OUTLINED_FUNCTION_4) for [Anonymous Symbol]
    main.o(.text.fputc) refers to usart.o(.bss.huart1) for huart1
    main.o(.text.fputc) refers to stm32f3xx_hal_uart.o(.text.HAL_UART_Transmit) for HAL_UART_Transmit
    main.o(.ARM.exidx.text.fputc) refers to main.o(.text.fputc) for [Anonymous Symbol]
[...]
    Removing stm32f3xx_hal_i2c.o(.text.OUTLINED_FUNCTION_90), (10 bytes).
    Removing stm32f3xx_hal_i2c.o(.ARM.exidx.text.OUTLINED_FUNCTION_90), (8 bytes).
    Removing stm32f3xx_hal_i2c.o(.text.OUTLINED_FUNCTION_91), (10 bytes).
    Removing stm32f3xx_hal_i2c.o(.ARM.exidx.text.OUTLINED_FUNCTION_91), (8 bytes).
    Removing stm32f3xx_hal_i2c.o(.text.OUTLINED_FUNCTION_92), (14 bytes).
    Removing stm32f3xx_hal_i2c.o(.ARM.exidx.text.OUTLINED_FUNCTION_92), (8 bytes).
    Removing stm32f3xx_hal_i2c.o(.text.OUTLINED_FUNCTION_93), (14 bytes).
    Removing stm32f3xx_hal_i2c.o(.ARM.exidx.text.OUTLINED_FUNCTION_93), (8 bytes).
    Removing stm32f3xx_hal_i2c.o(.text.OUTLINED_FUNCTION_94), (14 bytes).
    Removing stm32f3xx_hal_i2c.o(.ARM.exidx.text.OUTLINED_FUNCTION_94), (8 bytes).
    Removing stm32f3xx_hal_i2c.o(.text.OUTLINED_FUNCTION_95), (10 bytes).
    Removing stm32f3xx_hal_i2c.o(.ARM.exidx.text.OUTLINED_FUNCTION_95), (8 bytes).
    Removing stm32f3xx_hal_i2c.o(.text.OUTLINED_FUNCTION_96), (10 bytes).
    Removing stm32f3xx_hal_i2c.o(.ARM.exidx.text.OUTLINED_FUNCTION_96), (8 bytes).
    Removing stm32f3xx_hal_i2c.o(.text.OUTLINED_FUNCTION_97), (10 bytes).
    Removing stm32f3xx_hal_i2c.o(.ARM.exidx.text.OUTLINED_FUNCTION_97), (8 bytes).
    Removing stm32f3xx_hal_i2c.o(.rodata..Lswitch.table.I2C_Slave_ISR_DMA), (40 bytes).
    Removing stm32f3xx_hal_i2c_ex.o(.text), (0 bytes).
    Removing stm32f3xx_hal_i2c_ex.o(.text.HAL_I2CEx_ConfigAnalogFilter), (60 bytes).
    Removing stm32f3xx_hal_i2c_ex.o(.ARM.exidx.text.HAL_I2CEx_ConfigAnalogFilter), (8 bytes).
    Removing stm32f3xx_hal_i2c_ex.o(.text.HAL_I2CEx_ConfigDigitalFilter), (58 bytes).
    Removing stm32f3xx_hal_i2c_ex.o(.ARM.exidx.text.HAL_I2CEx_ConfigDigitalFilter), (8 bytes).
    Removing stm32f3xx_hal_i2c_ex.o(.text.HAL_I2CEx_EnableWakeUp), (54 bytes).
    Removing stm32f3xx_hal_i2c_ex.o(.ARM.exidx.text.HAL_I2CEx_EnableWakeUp), (8 bytes).
    Removing stm32f3xx_hal_i2c_ex.o(.text.HAL_I2CEx_DisableWakeUp), (54 bytes).
    Removing stm32f3xx_hal_i2c_ex.o(.ARM.exidx.text.HAL_I2CEx_DisableWakeUp), (8 bytes).
    Removing stm32f3xx_hal_i2c_ex.o(.text.HAL_I2CEx_EnableFastModePlus), (18 bytes).
    Removing stm32f3xx_hal_i2c_ex.o(.ARM.exidx.text.HAL_I2CEx_EnableFastModePlus), (8 bytes).
    Removing stm32f3xx_hal_i2c_ex.o(.text.HAL_I2CEx_DisableFastModePlus), (20 bytes).
    Removing stm32f3xx_hal_i2c_ex.o(.ARM.exidx.text.HAL_I2CEx_DisableFastModePlus), (8 bytes).
    Removing stm32f3xx_hal_i2c_ex.o(.text.OUTLINED_FUNCTION_0), (36 bytes).
    Removing stm32f3xx_hal_i2c_ex.o(.ARM.exidx.text.OUTLINED_FUNCTION_0), (8 bytes).
    Removing stm32f3xx_hal_i2c_ex.o(.text.OUTLINED_FUNCTION_1), (24 bytes).
    Removing stm32f3xx_hal_i2c_ex.o(.ARM.exidx.text.OUTLINED_FUNCTION_1), (8 bytes).
    Removing stm32f3xx_hal_i2c_ex.o(.text.OUTLINED_FUNCTION_2), (24 bytes).
    Removing stm32f3xx_hal_i2c_ex.o(.ARM.exidx.text.OUTLINED_FUNCTION_2), (8 bytes).
    Removing stm32f3xx_hal_exti.o(.text), (0 bytes).
    Removing stm32f3xx_hal_exti.o(.text.HAL_EXTI_SetConfigLine), (210 bytes).
    Removing stm32f3xx_hal_exti.o(.ARM.exidx.text.HAL_EXTI_SetConfigLine), (8 bytes).
    Removing stm32f3xx_hal_exti.o(.text.HAL_EXTI_GetConfigLine), (162 bytes).
    Removing stm32f3xx_hal_exti.o(.ARM.exidx.text.HAL_EXTI_GetConfigLine), (8 bytes).
    Removing stm32f3xx_hal_exti.o(.text.HAL_EXTI_ClearConfigLine), (140 bytes).
    Removing stm32f3xx_hal_exti.o(.ARM.exidx.text.HAL_EXTI_ClearConfigLine), (8 bytes).
    Removing stm32f3xx_hal_exti.o(.text.HAL_EXTI_RegisterCallback), (12 bytes).
    Removing stm32f3xx_hal_exti.o(.ARM.exidx.text.HAL_EXTI_RegisterCallback), (8 bytes).
    Removing stm32f3xx_hal_exti.o(.text.HAL_EXTI_GetHandle), (12 bytes).
    Removing stm32f3xx_hal_exti.o(.ARM.exidx.text.HAL_EXTI_GetHandle), (8 bytes).
    Removing stm32f3xx_hal_exti.o(.text.HAL_EXTI_IRQHandler), (42 bytes).
    Removing stm32f3xx_hal_exti.o(.ARM.exidx.text.HAL_EXTI_IRQHandler), (8 bytes).
    Removing stm32f3xx_hal_exti.o(.text.HAL_EXTI_GetPending), (34 bytes).
    Removing stm32f3xx_hal_exti.o(.ARM.exidx.text.HAL_EXTI_GetPending), (8 bytes).
    Removing stm32f3xx_hal_exti.o(.text.HAL_EXTI_ClearPending), (30 bytes).
    Removing stm32f3xx_hal_exti.o(.ARM.exidx.text.HAL_EXTI_ClearPending), (8 bytes).
    Removing stm32f3xx_hal_exti.o(.text.HAL_EXTI_GenerateSWI), (30 bytes).
    Removing stm32f3xx_hal_exti.o(.ARM.exidx.text.HAL_EXTI_GenerateSWI), (8 bytes).
    Removing stm32f3xx_hal_tim.o(.text), (0 bytes).
    Removing stm32f3xx_hal_tim_ex.o(.text), (0 bytes).
    Removing stm32f3xx_hal_uart.o(.text), (0 bytes).
    Removing stm32f3xx_hal_uart.o(.ARM.exidx.text.HAL_UART_Init), (8 bytes).
    Removing stm32f3xx_hal_uart.o(.text.HAL_UART_MspInit), (2 bytes).
    Removing stm32f3xx_hal_uart.o(.ARM.exidx.text.HAL_UART_MspInit), (8 bytes).
    Removing stm32f3xx_hal_uart.o(.ARM.exidx.text.UART_SetConfig), (8 bytes).
    Removing stm32f3xx_hal_uart.o(.ARM.exidx.text.UART_AdvFeatureConfig), (8 bytes).
    Removing stm32f3xx_hal_uart.o(.ARM.exidx.text.UART_CheckIdleState), (8 bytes).
    Removing stm32f3xx_hal_uart.o(.text.HAL_HalfDuplex_Init), (64 bytes).
    Removing stm32f3xx_hal_uart.o(.ARM.exidx.text.HAL_HalfDuplex_Init), (8 bytes).
    Removing stm32f3xx_hal_uart.o(.text.HAL_LIN_Init), (96 bytes).
    Removing stm32f3xx_hal_uart.o(.ARM.exidx.text.HAL_LIN_Init), (8 bytes).
    Removing stm32f3xx_hal_uart.o(.text.HAL_MultiProcessor_Init), (96 bytes).
    Removing stm32f3xx_hal_uart.o(.ARM.exidx.text.HAL_MultiProcessor_Init), (8 bytes).
    Removing stm32f3xx_hal_uart.o(.text.HAL_UART_DeInit), (60 bytes).
    Removing stm32f3xx_hal_uart.o(.ARM.exidx.text.HAL_UART_DeInit), (8 bytes).
    Removing stm32f3xx_hal_uart.o(.text.HAL_UART_MspDeInit), (2 bytes).
    Removing stm32f3xx_hal_uart.o(.ARM.exidx.text.HAL_UART_MspDeInit), (8 bytes).
    Removing stm32f3xx_hal_uart.o(.ARM.exidx.text.HAL_UART_Transmit), (8 bytes).
    Removing stm32f3xx_hal_uart.o(.ARM.exidx.text.UART_WaitOnFlagUntilTimeout), (8 bytes).
    Removing stm32f3xx_hal_uart.o(.text.HAL_UART_Receive), (196 bytes).
    Removing stm32f3xx_hal_uart.o(.ARM.exidx.text.HAL_UART_Receive), (8 bytes).
    Removing stm32f3xx_hal_uart.o(.text.HAL_UART_Transmit_IT), (94 bytes).
    Removing stm32f3xx_hal_uart.o(.ARM.exidx.text.HAL_UART_Transmit_IT), (8 bytes).
    Removing stm32f3xx_hal_uart.o(.text.UART_TxISR_16BIT), (76 bytes).
    Removing stm32f3xx_hal_uart.o(.ARM.exidx.text.UART_TxISR_16BIT), (8 bytes).
    Removing stm32f3xx_hal_uart.o(.text.UART_TxISR_8BIT), (72 bytes).
    Removing stm32f3xx_hal_uart.o(.ARM.exidx.text.UART_TxISR_8BIT), (8 bytes).
    Removing stm32f3xx_hal_uart.o(.text.HAL_UART_Receive_IT), (52 bytes).
    Removing stm32f3xx_hal_uart.o(.ARM.exidx.text.HAL_UART_Receive_IT), (8 bytes).
    Removing stm32f3xx_hal_uart.o(.text.UART_Start_Receive_IT), (190 bytes).
    Removing stm32f3xx_hal_uart.o(.ARM.exidx.text.UART_Start_Receive_IT), (8 bytes).
    Removing stm32f3xx_hal_uart.o(.text.HAL_UART_Transmit_DMA), (130 bytes).
    Removing stm32f3xx_hal_uart.o(.ARM.exidx.text.HAL_UART_Transmit_DMA), (8 bytes).
    Removing stm32f3xx_hal_uart.o(.text.UART_DMATransmitCplt), (54 bytes).
    Removing stm32f3xx_hal_uart.o(.ARM.exidx.text.UART_DMATransmitCplt), (8 bytes).
    Removing stm32f3xx_hal_uart.o(.text.UART_DMATxHalfCplt), (6 bytes).
    Removing stm32f3xx_hal_uart.o(.ARM.exidx.text.UART_DMATxHalfCplt), (8 bytes).
    Removing stm32f3xx_hal_uart.o(.text.UART_DMAError), (84 bytes).
    Removing stm32f3xx_hal_uart.o(.ARM.exidx.text.UART_DMAError), (8 bytes).
    Removing stm32f3xx_hal_uart.o(.text.HAL_UART_Receive_DMA), (52 bytes).
    Removing stm32f3xx_hal_uart.o(.ARM.exidx.text.HAL_UART_Receive_DMA), (8 bytes).
    Removing stm32f3xx_hal_uart.o(.text.UART_Start_Receive_DMA), (150 bytes).
    Removing stm32f3xx_hal_uart.o(.ARM.exidx.text.UART_Start_Receive_DMA), (8 bytes).
    Removing stm32f3xx_hal_uart.o(.text.HAL_UART_DMAPause), (80 bytes).
    Removing stm32f3xx_hal_uart.o(.ARM.exidx.text.HAL_UART_DMAPause), (8 bytes).
    Removing stm32f3xx_hal_uart.o(.text.HAL_UART_DMAResume), (108 bytes).
    Removing stm32f3xx_hal_uart.o(.ARM.exidx.text.HAL_UART_DMAResume), (8 bytes).
    Removing stm32f3xx_hal_uart.o(.text.HAL_UART_DMAStop), (146 bytes).
    Removing stm32f3xx_hal_uart.o(.ARM.exidx.text.HAL_UART_DMAStop), (8 bytes).
    Removing stm32f3xx_hal_uart.o(.text.UART_EndTxTransfer), (26 bytes).
    Removing stm32f3xx_hal_uart.o(.ARM.exidx.text.UART_EndTxTransfer), (8 bytes).
    Removing stm32f3xx_hal_uart.o(.ARM.exidx.text.UART_EndRxTransfer), (8 bytes).
    Removing stm32f3xx_hal_uart.o(.text.HAL_UART_Abort), (174 bytes).
    Removing stm32f3xx_hal_uart.o(.ARM.exidx.text.HAL_UART_Abort), (8 bytes).
    Removing stm32f3xx_hal_uart.o(.text.HAL_UART_AbortTransmit), (86 bytes).
    Removing stm32f3xx_hal_uart.o(.ARM.exidx.text.HAL_UART_AbortTransmit), (8 bytes).
    Removing stm32f3xx_hal_uart.o(.text.HAL_UART_AbortReceive), (90 bytes).
    Removing stm32f3xx_hal_uart.o(.ARM.exidx.text.HAL_UART_AbortReceive), (8 bytes).
    Removing stm32f3xx_hal_uart.o(.text.HAL_UART_Abort_IT), (232 bytes).
    Removing stm32f3xx_hal_uart.o(.ARM.exidx.text.HAL_UART_Abort_IT), (8 bytes).
    Removing stm32f3xx_hal_uart.o(.text.UART_DMATxAbortCallback), (40 bytes).
    Removing stm32f3xx_hal_uart.o(.ARM.exidx.text.UART_DMATxAbortCallback), (8 bytes).
    Removing stm32f3xx_hal_uart.o(.text.UART_DMARxAbortCallback), (48 bytes).
    Removing stm32f3xx_hal_uart.o(.ARM.exidx.text.UART_DMARxAbortCallback), (8 bytes).
    Removing stm32f3xx_hal_uart.o(.text.HAL_UART_AbortCpltCallback), (2 bytes).
    Removing stm32f3xx_hal_uart.o(.ARM.exidx.text.HAL_UART_AbortCpltCallback), (8 bytes).
    Removing stm32f3xx_hal_uart.o(.text.HAL_UART_AbortTransmit_IT), (100 bytes).
    Removing stm32f3xx_hal_uart.o(.ARM.exidx.text.HAL_UART_AbortTransmit_IT), (8 bytes).
    Removing stm32f3xx_hal_uart.o(.text.UART_DMATxOnlyAbortCallback), (16 bytes).
    Removing stm32f3xx_hal_uart.o(.ARM.exidx.text.UART_DMATxOnlyAbortCallback), (8 bytes).
    Removing stm32f3xx_hal_uart.o(.text.HAL_UART_AbortTransmitCpltCallback), (2 bytes).
    Removing stm32f3xx_hal_uart.o(.ARM.exidx.text.HAL_UART_AbortTransmitCpltCallback), (8 bytes).
    Removing stm32f3xx_hal_uart.o(.text.HAL_UART_AbortReceive_IT), (126 bytes).
    Removing stm32f3xx_hal_uart.o(.ARM.exidx.text.HAL_UART_AbortReceive_IT), (8 bytes).
    Removing stm32f3xx_hal_uart.o(.text.UART_DMARxOnlyAbortCallback), (34 bytes).
    Removing stm32f3xx_hal_uart.o(.ARM.exidx.text.UART_DMARxOnlyAbortCallback), (8 bytes).
    Removing stm32f3xx_hal_uart.o(.text.HAL_UART_AbortReceiveCpltCallback), (2 bytes).
    Removing stm32f3xx_hal_uart.o(.ARM.exidx.text.HAL_UART_AbortReceiveCpltCallback), (8 bytes).
    Removing stm32f3xx_hal_uart.o(.text.HAL_UART_IRQHandler), (622 bytes).
    Removing stm32f3xx_hal_uart.o(.ARM.exidx.text.HAL_UART_IRQHandler), (8 bytes).
    Removing stm32f3xx_hal_uart.o(.text.UART_DMAAbortOnError), (16 bytes).
    Removing stm32f3xx_hal_uart.o(.ARM.exidx.text.UART_DMAAbortOnError), (8 bytes).
    Removing stm32f3xx_hal_uart.o(.text.HAL_UART_ErrorCallback), (2 bytes).
    Removing stm32f3xx_hal_uart.o(.ARM.exidx.text.HAL_UART_ErrorCallback), (8 bytes).
    Removing stm32f3xx_hal_uart.o(.text.HAL_UARTEx_RxEventCallback), (2 bytes).
    Removing stm32f3xx_hal_uart.o(.ARM.exidx.text.HAL_UARTEx_RxEventCallback), (8 bytes).
    Removing stm32f3xx_hal_uart.o(.text.HAL_UART_TxCpltCallback), (2 bytes).
    Removing stm32f3xx_hal_uart.o(.ARM.exidx.text.HAL_UART_TxCpltCallback), (8 bytes).
    Removing stm32f3xx_hal_uart.o(.text.HAL_UART_TxHalfCpltCallback), (2 bytes).
    Removing stm32f3xx_hal_uart.o(.ARM.exidx.text.HAL_UART_TxHalfCpltCallback), (8 bytes).
    Removing stm32f3xx_hal_uart.o(.text.HAL_UART_RxCpltCallback), (2 bytes).
    Removing stm32f3xx_hal_uart.o(.ARM.exidx.text.HAL_UART_RxCpltCallback), (8 bytes).
    Removing stm32f3xx_hal_uart.o(.text.HAL_UART_RxHalfCpltCallback), (2 bytes).
    Removing stm32f3xx_hal_uart.o(.ARM.exidx.text.HAL_UART_RxHalfCpltCallback), (8 bytes).
    Removing stm32f3xx_hal_uart.o(.text.HAL_UART_ReceiverTimeout_Config), (14 bytes).
    Removing stm32f3xx_hal_uart.o(.ARM.exidx.text.HAL_UART_ReceiverTimeout_Config), (8 bytes).
    Removing stm32f3xx_hal_uart.o(.text.HAL_UART_EnableReceiverTimeout), (46 bytes).
    Removing stm32f3xx_hal_uart.o(.ARM.exidx.text.HAL_UART_EnableReceiverTimeout), (8 bytes).
    Removing stm32f3xx_hal_uart.o(.text.HAL_UART_DisableReceiverTimeout), (46 bytes).
    Removing stm32f3xx_hal_uart.o(.ARM.exidx.text.HAL_UART_DisableReceiverTimeout), (8 bytes).
    Removing stm32f3xx_hal_uart.o(.text.HAL_MultiProcessor_EnableMuteMode), (50 bytes).
    Removing stm32f3xx_hal_uart.o(.ARM.exidx.text.HAL_MultiProcessor_EnableMuteMode), (8 bytes).
    Removing stm32f3xx_hal_uart.o(.text.HAL_MultiProcessor_DisableMuteMode), (50 bytes).
    Removing stm32f3xx_hal_uart.o(.ARM.exidx.text.HAL_MultiProcessor_DisableMuteMode), (8 bytes).
    Removing stm32f3xx_hal_uart.o(.text.HAL_MultiProcessor_EnterMuteMode), (12 bytes).
    Removing stm32f3xx_hal_uart.o(.ARM.exidx.text.HAL_MultiProcessor_EnterMuteMode), (8 bytes).
    Removing stm32f3xx_hal_uart.o(.text.HAL_HalfDuplex_EnableTransmitter), (76 bytes).
    Removing stm32f3xx_hal_uart.o(.ARM.exidx.text.HAL_HalfDuplex_EnableTransmitter), (8 bytes).
    Removing stm32f3xx_hal_uart.o(.text.HAL_HalfDuplex_EnableReceiver), (76 bytes).
    Removing stm32f3xx_hal_uart.o(.ARM.exidx.text.HAL_HalfDuplex_EnableReceiver), (8 bytes).
    Removing stm32f3xx_hal_uart.o(.text.HAL_LIN_SendBreak), (40 bytes).
    Removing stm32f3xx_hal_uart.o(.ARM.exidx.text.HAL_LIN_SendBreak), (8 bytes).
    Removing stm32f3xx_hal_uart.o(.text.HAL_UART_GetState), (10 bytes).
    Removing stm32f3xx_hal_uart.o(.ARM.exidx.text.HAL_UART_GetState), (8 bytes).
    Removing stm32f3xx_hal_uart.o(.text.HAL_UART_GetError), (6 bytes).
    Removing stm32f3xx_hal_uart.o(.ARM.exidx.text.HAL_UART_GetError), (8 bytes).
    Removing stm32f3xx_hal_uart.o(.text.UART_RxISR_16BIT), (164 bytes).
    Removing stm32f3xx_hal_uart.o(.ARM.exidx.text.UART_RxISR_16BIT), (8 bytes).
    Removing stm32f3xx_hal_uart.o(.text.UART_RxISR_8BIT), (166 bytes).
    Removing stm32f3xx_hal_uart.o(.ARM.exidx.text.UART_RxISR_8BIT), (8 bytes).
    Removing stm32f3xx_hal_uart.o(.text.UART_DMAReceiveCplt), (102 bytes).
    Removing stm32f3xx_hal_uart.o(.ARM.exidx.text.UART_DMAReceiveCplt), (8 bytes).
    Removing stm32f3xx_hal_uart.o(.text.UART_DMARxHalfCplt), (26 bytes).
    Removing stm32f3xx_hal_uart.o(.ARM.exidx.text.UART_DMARxHalfCplt), (8 bytes).
    Removing stm32f3xx_hal_uart.o(.ARM.exidx.text.OUTLINED_FUNCTION_0), (8 bytes).
    Removing stm32f3xx_hal_uart.o(.text.OUTLINED_FUNCTION_1), (20 bytes).
    Removing stm32f3xx_hal_uart.o(.ARM.exidx.text.OUTLINED_FUNCTION_1), (8 bytes).
    Removing stm32f3xx_hal_uart.o(.ARM.exidx.text.OUTLINED_FUNCTION_2), (8 bytes).
    Removing stm32f3xx_hal_uart.o(.text.OUTLINED_FUNCTION_3), (18 bytes).
    Removing stm32f3xx_hal_uart.o(.ARM.exidx.text.OUTLINED_FUNCTION_3), (8 bytes).
    Removing stm32f3xx_hal_uart.o(.ARM.exidx.text.OUTLINED_FUNCTION_4), (8 bytes).
    Removing stm32f3xx_hal_uart.o(.text.OUTLINED_FUNCTION_5), (8 bytes).
    Removing stm32f3xx_hal_uart.o(.ARM.exidx.text.OUTLINED_FUNCTION_5), (8 bytes).
    Removing stm32f3xx_hal_uart.o(.ARM.exidx.text.OUTLINED_FUNCTION_6), (8 bytes).
    Removing stm32f3xx_hal_uart.o(.ARM.exidx.text.OUTLINED_FUNCTION_7), (8 bytes).
    Removing stm32f3xx_hal_uart.o(.ARM.exidx.text.OUTLINED_FUNCTION_8), (8 bytes).
    Removing stm32f3xx_hal_uart.o(.text.OUTLINED_FUNCTION_9), (28 bytes).
    Removing stm32f3xx_hal_uart.o(.ARM.exidx.text.OUTLINED_FUNCTION_9), (8 bytes).
    Removing stm32f3xx_hal_uart.o(.ARM.exidx.text.OUTLINED_FUNCTION_10), (8 bytes).
    Removing stm32f3xx_hal_uart.o(.text.OUTLINED_FUNCTION_11), (20 bytes).
    Removing stm32f3xx_hal_uart.o(.ARM.exidx.text.OUTLINED_FUNCTION_11), (8 bytes).
    Removing stm32f3xx_hal_uart.o(.ARM.exidx.text.OUTLINED_FUNCTION_12), (8 bytes).
    Removing stm32f3xx_hal_uart.o(.text.OUTLINED_FUNCTION_13), (8 bytes).
    Removing stm32f3xx_hal_uart.o(.ARM.exidx.text.OUTLINED_FUNCTION_13), (8 bytes).
    Removing stm32f3xx_hal_uart.o(.ARM.exidx.text.OUTLINED_FUNCTION_14), (8 bytes).
    Removing stm32f3xx_hal_uart.o(.text.OUTLINED_FUNCTION_15), (18 bytes).
    Removing stm32f3xx_hal_uart.o(.ARM.exidx.text.OUTLINED_FUNCTION_15), (8 bytes).
    Removing stm32f3xx_hal_uart.o(.text.OUTLINED_FUNCTION_16), (14 bytes).
    Removing stm32f3xx_hal_uart.o(.ARM.exidx.text.OUTLINED_FUNCTION_16), (8 bytes).
    Removing stm32f3xx_hal_uart.o(.ARM.exidx.text.OUTLINED_FUNCTION_17), (8 bytes).
    Removing stm32f3xx_hal_uart.o(.text.OUTLINED_FUNCTION_18), (8 bytes).
    Removing stm32f3xx_hal_uart.o(.ARM.exidx.text.OUTLINED_FUNCTION_18), (8 bytes).
    Removing stm32f3xx_hal_uart.o(.text.OUTLINED_FUNCTION_19), (20 bytes).
    Removing stm32f3xx_hal_uart.o(.ARM.exidx.text.OUTLINED_FUNCTION_19), (8 bytes).
    Removing stm32f3xx_hal_uart.o(.text.OUTLINED_FUNCTION_20), (18 bytes).
    Removing stm32f3xx_hal_uart.o(.ARM.exidx.text.OUTLINED_FUNCTION_20), (8 bytes).
    Removing stm32f3xx_hal_uart.o(.text.OUTLINED_FUNCTION_21), (10 bytes).
    Removing stm32f3xx_hal_uart.o(.ARM.exidx.text.OUTLINED_FUNCTION_21), (8 bytes).
    Removing stm32f3xx_hal_uart.o(.text.OUTLINED_FUNCTION_22), (10 bytes).
    Removing stm32f3xx_hal_uart.o(.ARM.exidx.text.OUTLINED_FUNCTION_22), (8 bytes).
    Removing stm32f3xx_hal_uart.o(.text.OUTLINED_FUNCTION_23), (10 bytes).
    Removing stm32f3xx_hal_uart.o(.ARM.exidx.text.OUTLINED_FUNCTION_23), (8 bytes).
    Removing stm32f3xx_hal_uart.o(.ARM.exidx.text.OUTLINED_FUNCTION_24), (8 bytes).
    Removing stm32f3xx_hal_uart.o(.ARM.exidx.text.OUTLINED_FUNCTION_25), (8 bytes).
    Removing stm32f3xx_hal_uart_ex.o(.text), (0 bytes).
    Removing stm32f3xx_hal_uart_ex.o(.text.HAL_RS485Ex_Init), (120 bytes).
    Removing stm32f3xx_hal_uart_ex.o(.ARM.exidx.text.HAL_RS485Ex_Init), (8 bytes).
    Removing stm32f3xx_hal_uart_ex.o(.text.HAL_UARTEx_WakeupCallback), (2 bytes).
    Removing stm32f3xx_hal_uart_ex.o(.ARM.exidx.text.HAL_UARTEx_WakeupCallback), (8 bytes).
    Removing stm32f3xx_hal_uart_ex.o(.text.HAL_MultiProcessorEx_AddressLength_Set), (42 bytes).
    Removing stm32f3xx_hal_uart_ex.o(.ARM.exidx.text.HAL_MultiProcessorEx_AddressLength_Set), (8 bytes).
    Removing stm32f3xx_hal_uart_ex.o(.text.HAL_UARTEx_StopModeWakeUpSourceConfig), (124 bytes).
    Removing stm32f3xx_hal_uart_ex.o(.ARM.exidx.text.HAL_UARTEx_StopModeWakeUpSourceConfig), (8 bytes).
    Removing stm32f3xx_hal_uart_ex.o(.text.HAL_UARTEx_EnableStopMode), (48 bytes).
    Removing stm32f3xx_hal_uart_ex.o(.ARM.exidx.text.HAL_UARTEx_EnableStopMode), (8 bytes).
    Removing stm32f3xx_hal_uart_ex.o(.text.HAL_UARTEx_DisableStopMode), (48 bytes).
    Removing stm32f3xx_hal_uart_ex.o(.ARM.exidx.text.HAL_UARTEx_DisableStopMode), (8 bytes).
    Removing stm32f3xx_hal_uart_ex.o(.text.HAL_UARTEx_ReceiveToIdle), (284 bytes).
    Removing stm32f3xx_hal_uart_ex.o(.ARM.exidx.text.HAL_UARTEx_ReceiveToIdle), (8 bytes).
    Removing stm32f3xx_hal_uart_ex.o(.text.HAL_UARTEx_ReceiveToIdle_IT), (64 bytes).
    Removing stm32f3xx_hal_uart_ex.o(.ARM.exidx.text.HAL_UARTEx_ReceiveToIdle_IT), (8 bytes).
    Removing stm32f3xx_hal_uart_ex.o(.text.HAL_UARTEx_ReceiveToIdle_DMA), (64 bytes).
    Removing stm32f3xx_hal_uart_ex.o(.ARM.exidx.text.HAL_UARTEx_ReceiveToIdle_DMA), (8 bytes).
    Removing stm32f3xx_hal_uart_ex.o(.text.HAL_UARTEx_GetRxEventType), (4 bytes).
    Removing stm32f3xx_hal_uart_ex.o(.ARM.exidx.text.HAL_UARTEx_GetRxEventType), (8 bytes).
    Removing stm32f3xx_hal_uart_ex.o(.text.OUTLINED_FUNCTION_0), (18 bytes).
    Removing stm32f3xx_hal_uart_ex.o(.ARM.exidx.text.OUTLINED_FUNCTION_0), (8 bytes).
    Removing stm32f3xx_hal_uart_ex.o(.text.OUTLINED_FUNCTION_1), (10 bytes).
    Removing stm32f3xx_hal_uart_ex.o(.ARM.exidx.text.OUTLINED_FUNCTION_1), (8 bytes).
    Removing system_stm32f3xx.o(.text), (0 bytes).
    Removing system_stm32f3xx.o(.ARM.exidx.text.SystemInit), (8 bytes).
    Removing system_stm32f3xx.o(.text.SystemCoreClockUpdate), (98 bytes).
    Removing system_stm32f3xx.o(.ARM.exidx.text.SystemCoreClockUpdate), (8 bytes).
    Removing system_stm32f3xx.o(.rodata.AHBPrescTable), (16 bytes).
    Removing f2d.o(.text), (38 bytes).

978 unused section(s) (total 29786 bytes) removed from the image.

==============================================================================

Image Symbol Table

    Local Symbols

    Symbol Name                              Value     Ov Type        Size  Object(Section)

    ../clib/../cmprslib/zerorunl2.c          0x00000000   Number         0  __dczerorl2.o ABSOLUTE
    ../clib/division.s                       0x00000000   Number         0  aeabi_sdiv.o ABSOLUTE
    ../clib/microlib/division.c              0x00000000   Number         0  uidiv.o ABSOLUTE
    ../clib/microlib/division.c              0x00000000   Number         0  uldiv.o ABSOLUTE
    ../clib/microlib/errno.c                 0x00000000   Number         0  errno.o ABSOLUTE
    ../clib/microlib/init/entry.s            0x00000000   Number         0  entry.o ABSOLUTE
    ../clib/microlib/init/entry.s            0x00000000   Number         0  entry2.o ABSOLUTE
    ../clib/microlib/init/entry.s            0x00000000   Number         0  entry5.o ABSOLUTE
    ../clib/microlib/init/entry.s            0x00000000   Number         0  entry7a.o ABSOLUTE
    ../clib/microlib/init/entry.s            0x00000000   Number         0  entry7b.o ABSOLUTE
    ../clib/microlib/init/entry.s            0x00000000   Number         0  entry8a.o ABSOLUTE
    ../clib/microlib/init/entry.s            0x00000000   Number         0  entry8b.o ABSOLUTE
    ../clib/microlib/init/entry.s            0x00000000   Number         0  entry9a.o ABSOLUTE
    ../clib/microlib/init/entry.s            0x00000000   Number         0  entry9b.o ABSOLUTE
    ../clib/microlib/init/entry.s            0x00000000   Number         0  entry10a.o ABSOLUTE
    ../clib/microlib/init/entry.s            0x00000000   Number         0  entry10b.o ABSOLUTE
    ../clib/microlib/init/entry.s            0x00000000   Number         0  entry11a.o ABSOLUTE
    ../clib/microlib/init/entry.s            0x00000000   Number         0  entry11b.o ABSOLUTE
    ../clib/microlib/longlong.c              0x00000000   Number         0  llushr.o ABSOLUTE
    ../clib/microlib/longlong.c              0x00000000   Number         0  llshl.o ABSOLUTE
    ../clib/microlib/longlong.c              0x00000000   Number         0  llsshr.o ABSOLUTE
    ../clib/microlib/malloc/malloc.c         0x00000000   Number         0  malloc.o ABSOLUTE
    ../clib/microlib/malloc/malloc.c         0x00000000   Number         0  mallocr.o ABSOLUTE
    ../clib/microlib/malloc/malloc.c         0x00000000   Number         0  malloca.o ABSOLUTE
    ../clib/microlib/malloc/malloc.c         0x00000000   Number         0  mallocra.o ABSOLUTE
    ../clib/microlib/malloc/mvars.c          0x00000000   Number         0  mvars.o ABSOLUTE
    ../clib/microlib/printf/printf.c         0x00000000   Number         0  printfb.o ABSOLUTE
    ../clib/microlib/printf/printf.c         0x00000000   Number         0  printf0.o ABSOLUTE
    ../clib/microlib/printf/printf.c         0x00000000   Number         0  printf1.o ABSOLUTE
    ../clib/microlib/printf/printf.c         0x00000000   Number         0  printf2.o ABSOLUTE
    ../clib/microlib/printf/printf.c         0x00000000   Number         0  printf3.o ABSOLUTE
    ../clib/microlib/printf/printf.c         0x00000000   Number         0  printf4.o ABSOLUTE
    ../clib/microlib/printf/printf.c         0x00000000   Number         0  printf5.o ABSOLUTE
    ../clib/microlib/printf/printf.c         0x00000000   Number         0  printf6.o ABSOLUTE
    ../clib/microlib/printf/printf.c         0x00000000   Number         0  printf7.o ABSOLUTE
    ../clib/microlib/printf/printf.c         0x00000000   Number         0  printf8.o ABSOLUTE
    ../clib/microlib/printf/printf.c         0x00000000   Number         0  printfa.o ABSOLUTE
    ../clib/microlib/printf/stubs.s          0x00000000   Number         0  printfstubs.o ABSOLUTE
    ../clib/microlib/stdio/putchar.c         0x00000000   Number         0  putchar.o ABSOLUTE
    ../clib/microlib/stdio/puts.c            0x00000000   Number         0  puts.o ABSOLUTE
    ../clib/microlib/stdio/puts.c            0x00000000   Number         0  puts_e.o ABSOLUTE
    ../clib/microlib/stdio/streams.c         0x00000000   Number         0  stdout.o ABSOLUTE
    ../clib/microlib/stdlib/qsort.c          0x00000000   Number         0  qsort.o ABSOLUTE
    ../clib/microlib/string/memcpy.c         0x00000000   Number         0  memcpya.o ABSOLUTE
    ../clib/microlib/string/memcpy.c         0x00000000   Number         0  memcpyb.o ABSOLUTE
    ../clib/microlib/string/memset.c         0x00000000   Number         0  memseta.o ABSOLUTE
    ../clib/microlib/stubs.s                 0x00000000   Number         0  iusefp.o ABSOLUTE
    ../fplib/microlib/f2d.c                  0x00000000   Number         0  f2d.o ABSOLUTE
    ../fplib/microlib/fpadd.c                0x00000000   Number         0  dadd.o ABSOLUTE
    ../fplib/microlib/fpdiv.c                0x00000000   Number         0  ddiv.o ABSOLUTE
    ../fplib/microlib/fpepilogue.c           0x00000000   Number         0  depilogue.o ABSOLUTE
    ../fplib/microlib/fpfix.c                0x00000000   Number         0  dfixul.o ABSOLUTE
    ../fplib/microlib/fpflt.c                0x00000000   Number         0  dflti.o ABSOLUTE
    ../fplib/microlib/fpmul.c                0x00000000   Number         0  dmul.o ABSOLUTE
    ../mathlib/sqrtf.c                       0x00000000   Number         0  sqrtf.o ABSOLUTE
    aiRun.c                                  0x00000000   Number         0  airun.o ABSOLUTE
    cdrcmple.s                               0x00000000   Number         0  cdrcmple.o ABSOLUTE
    crc.c                                    0x00000000   Number         0  crc.o ABSOLUTE
    dc.s                                     0x00000000   Number         0  dc.o ABSOLUTE
    gpio.c                                   0x00000000   Number         0  gpio.o ABSOLUTE
    handlers.s                               0x00000000   Number         0  handlers.o ABSOLUTE
    init.s                                   0x00000000   Number         0  init.o ABSOLUTE
    main.c                                   0x00000000   Number         0  main.o ABSOLUTE
    matrix.c                                 0x00000000   Number         0  matrix.o ABSOLUTE
    parameter.c                              0x00000000   Number         0  parameter.o ABSOLUTE
    startup_stm32f303x8.s                    0x00000000   Number         0  startup_stm32f303x8.o ABSOLUTE
    stm32f3xx_hal.c                          0x00000000   Number         0  stm32f3xx_hal.o ABSOLUTE
    stm32f3xx_hal_cortex.c                   0x00000000   Number         0  stm32f3xx_hal_cortex.o ABSOLUTE
    stm32f3xx_hal_dma.c                      0x00000000   Number         0  stm32f3xx_hal_dma.o ABSOLUTE
    stm32f3xx_hal_exti.c                     0x00000000   Number         0  stm32f3xx_hal_exti.o ABSOLUTE
    stm32f3xx_hal_flash.c                    0x00000000   Number         0  stm32f3xx_hal_flash.o ABSOLUTE
    stm32f3xx_hal_flash_ex.c                 0x00000000   Number         0  stm32f3xx_hal_flash_ex.o ABSOLUTE
    stm32f3xx_hal_gpio.c                     0x00000000   Number         0  stm32f3xx_hal_gpio.o ABSOLUTE
    stm32f3xx_hal_i2c.c                      0x00000000   Number         0  stm32f3xx_hal_i2c.o ABSOLUTE
    stm32f3xx_hal_i2c_ex.c                   0x00000000   Number         0  stm32f3xx_hal_i2c_ex.o ABSOLUTE
    stm32f3xx_hal_msp.c                      0x00000000   Number         0  stm32f3xx_hal_msp.o ABSOLUTE
    stm32f3xx_hal_pwr.c                      0x00000000   Number         0  stm32f3xx_hal_pwr.o ABSOLUTE
    stm32f3xx_hal_pwr_ex.c                   0x00000000   Number         0  stm32f3xx_hal_pwr_ex.o ABSOLUTE
    stm32f3xx_hal_rcc.c                      0x00000000   Number         0  stm32f3xx_hal_rcc.o ABSOLUTE
    stm32f3xx_hal_rcc_ex.c                   0x00000000   Number         0  stm32f3xx_hal_rcc_ex.o ABSOLUTE
    stm32f3xx_hal_tim.c                      0x00000000   Number         0  stm32f3xx_hal_tim.o ABSOLUTE
    stm32f3xx_hal_tim_ex.c                   0x00000000   Number         0  stm32f3xx_hal_tim_ex.o ABSOLUTE
    stm32f3xx_hal_uart.c                     0x00000000   Number         0  stm32f3xx_hal_uart.o ABSOLUTE
    stm32f3xx_hal_uart_ex.c                  0x00000000   Number         0  stm32f3xx_hal_uart_ex.o ABSOLUTE
    stm32f3xx_it.c                           0x00000000   Number         0  stm32f3xx_it.o ABSOLUTE
    stm32f3xx_ll_crc.c                       0x00000000   Number         0  stm32f3xx_ll_crc.o ABSOLUTE
    stm32f3xx_ll_exti.c                      0x00000000   Number         0  stm32f3xx_ll_exti.o ABSOLUTE
    stm32f3xx_ll_gpio.c                      0x00000000   Number         0  stm32f3xx_ll_gpio.o ABSOLUTE
    stm32f3xx_ll_rcc.c                       0x00000000   Number         0  stm32f3xx_ll_rcc.o ABSOLUTE
    stm32f3xx_ll_utils.c                     0x00000000   Number         0  stm32f3xx_ll_utils.o ABSOLUTE
    system_stm32f3xx.c                       0x00000000   Number         0  system_stm32f3xx.o ABSOLUTE
    usart.c                                  0x00000000   Number         0  usart.o ABSOLUTE
    RESET                                    0x08000000   Section      392  startup_stm32f303x8.o(RESET)
    .ARM.Collect$$$$00000000                 0x08000188   Section        0  entry.o(.ARM.Collect$$$$00000000)
    .ARM.Collect$$$$00000001                 0x08000188   Section        4  entry2.o(.ARM.Collect$$$$00000001)
    .ARM.Collect$$$$00000004                 0x0800018c   Section        4  entry5.o(.ARM.Collect$$$$00000004)
    .ARM.Collect$$$$00000008                 0x08000190   Section        0  entry7b.o(.ARM.Collect$$$$00000008)
    .ARM.Collect$$$$0000000A                 0x08000190   Section        0  entry8b.o(.ARM.Collect$$$$0000000A)
    .ARM.Collect$$$$0000000B                 0x08000190   Section        8  entry9a.o(.ARM.Collect$$$$0000000B)
    __lit__00000000                          0x08000198   Data           4  entry2.o(.ARM.Collect$$$$00002712)
    .ARM.Collect$$$$0000000D                 0x08000198   Section        0  entry10a.o(.ARM.Collect$$$$0000000D)
    .ARM.Collect$$$$0000000F                 0x08000198   Section        0  entry11a.o(.ARM.Collect$$$$0000000F)
    .ARM.Collect$$$$00002712                 0x08000198   Section        4  entry2.o(.ARM.Collect$$$$00002712)
    $v0                                      0x0800019c   Number         0  startup_stm32f303x8.o(.text)
    .text                                    0x0800019c   Section       36  startup_stm32f303x8.o(.text)
    .text                                    0x080001c0   Section        0  llushr.o(.text)
    .text                                    0x080001e0   Section        0  qsort.o(.text)
    .text                                    0x0800027c   Section        0  memcpya.o(.text)
    .text                                    0x080002a0   Section        0  memseta.o(.text)
    .text                                    0x080002c4   Section        0  ddiv.o(.text)
    .text                                    0x080003a2   Section        0  dflti.o(.text)
    .text                                    0x080003c4   Section        0  uidiv.o(.text)
    .text                                    0x080003f0   Section        0  uldiv.o(.text)
    .text                                    0x08000452   Section        0  iusefp.o(.text)
    .text                                    0x08000452   Section        0  depilogue.o(.text)
    .text                                    0x0800050c   Section        0  dadd.o(.text)
    .text                                    0x0800065a   Section        0  dmul.o(.text)
    .text                                    0x0800073e   Section        0  dfixul.o(.text)
    .text                                    0x08000770   Section       48  cdrcmple.o(.text)
    .text                                    0x080007a0   Section       36  init.o(.text)
    .text                                    0x080007c4   Section        0  llshl.o(.text)
    .text                                    0x080007e2   Section        0  llsshr.o(.text)
    .text                                    0x08000806   Section        0  __dczerorl2.o(.text)
    [Anonymous Symbol]                       0x0800085c   Section        0  stm32f3xx_it.o(.text.BusFault_Handler)
    [Anonymous Symbol]                       0x0800085e   Section        0  stm32f3xx_it.o(.text.DebugMon_Handler)
    [Anonymous Symbol]                       0x08000860   Section        0  main.o(.text.Error_Handler)
    [Anonymous Symbol]                       0x08000868   Section        0  stm32f3xx_hal.o(.text.HAL_Delay)
    [Anonymous Symbol]                       0x0800088e   Section        0  stm32f3xx_hal_gpio.o(.text.HAL_GPIO_Init)
    [Anonymous Symbol]                       0x08000a44   Section        0  stm32f3xx_hal.o(.text.HAL_GetTick)
    [Anonymous Symbol]                       0x08000a50   Section        0  stm32f3xx_hal.o(.text.HAL_IncTick)
    [Anonymous Symbol]                       0x08000a6a   Section        0  stm32f3xx_hal.o(.text.HAL_Init)
    [Anonymous Symbol]                       0x08000a90   Section        0  stm32f3xx_hal.o(.text.HAL_InitTick)
    [Anonymous Symbol]                       0x08000ad4   Section        0  stm32f3xx_hal_msp.o(.text.HAL_MspInit)
    [Anonymous Symbol]                       0x08000b06   Section        0  stm32f3xx_hal_cortex.o(.text.HAL_NVIC_SetPriority)
    [Anonymous Symbol]                       0x08000b42   Section        0  stm32f3xx_hal_cortex.o(.text.HAL_NVIC_SetPriorityGrouping)
    [Anonymous Symbol]                       0x08000b62   Section        0  stm32f3xx_hal_rcc.o(.text.HAL_RCC_GetPCLK1Freq)
    [Anonymous Symbol]                       0x08000b74   Section        0  stm32f3xx_hal_rcc.o(.text.HAL_RCC_GetSysClockFreq)
    [Anonymous Symbol]                       0x08000bc6   Section        0  stm32f3xx_hal_cortex.o(.text.HAL_SYSTICK_Config)
    [Anonymous Symbol]                       0x08000bf2   Section        0  stm32f3xx_hal_uart.o(.text.HAL_UART_Init)
    [Anonymous Symbol]                       0x08000c2a   Section        0  usart.o(.text.HAL_UART_MspInit)
    [Anonymous Symbol]                       0x08000cb2   Section        0  stm32f3xx_hal_uart.o(.text.HAL_UART_Transmit)
    [Anonymous Symbol]                       0x08000d5a   Section        0  stm32f3xx_it.o(.text.HardFault_Handler)
    LL_AHB1_GRP1_EnableClock                 0x08000d5d   Thumb Code    28  gpio.o(.text.LL_AHB1_GRP1_EnableClock)
    [Anonymous Symbol]                       0x08000d5c   Section        0  gpio.o(.text.LL_AHB1_GRP1_EnableClock)
    [Anonymous Symbol]                       0x08000d78   Section        0  stm32f3xx_ll_gpio.o(.text.LL_GPIO_Init)
    [Anonymous Symbol]                       0x08000e4e   Section        0  stm32f3xx_ll_utils.o(.text.LL_SetSystemCoreClock)
    [Anonymous Symbol]                       0x08000e5a   Section        0  crc.o(.text.MX_CRC_Init)
    [Anonymous Symbol]                       0x08000eaa   Section        0  gpio.o(.text.MX_GPIO_Init)
    [Anonymous Symbol]                       0x08000ede   Section        0  usart.o(.text.MX_USART1_UART_Init)
    [Anonymous Symbol]                       0x08000f08   Section        0  usart.o(.text.MX_USART2_UART_Init)
    [Anonymous Symbol]                       0x08000f32   Section        0  matrix.o(.text.M_add)
    [Anonymous Symbol]                       0x08000fa0   Section        0  matrix.o(.text.M_mul)
    [Anonymous Symbol]                       0x0800106e   Section        0  matrix.o(.text.M_relu)
    [Anonymous Symbol]                       0x080010a8   Section        0  matrix.o(.text.Matrix_gen)
    [Anonymous Symbol]                       0x080010be   Section        0  stm32f3xx_it.o(.text.MemManage_Handler)
    [Anonymous Symbol]                       0x080010c0   Section        0  stm32f3xx_it.o(.text.NMI_Handler)
    OUTLINED_FUNCTION_0                      0x080010c3   Thumb Code    18  airun.o(.text.OUTLINED_FUNCTION_0)
    [Anonymous Symbol]                       0x080010c2   Section        0  airun.o(.text.OUTLINED_FUNCTION_0)
    OUTLINED_FUNCTION_0                      0x080010d5   Thumb Code    24  usart.o(.text.OUTLINED_FUNCTION_0)
    [Anonymous Symbol]                       0x080010d4   Section        0  usart.o(.text.OUTLINED_FUNCTION_0)
    OUTLINED_FUNCTION_0                      0x080010ed   Thumb Code    20  stm32f3xx_hal_uart.o(.text.OUTLINED_FUNCTION_0)
    [Anonymous Symbol]                       0x080010ec   Section        0  stm32f3xx_hal_uart.o(.text.OUTLINED_FUNCTION_0)
    OUTLINED_FUNCTION_1                      0x08001101   Thumb Code    20  airun.o(.text.OUTLINED_FUNCTION_1)
    [Anonymous Symbol]                       0x08001100   Section        0  airun.o(.text.OUTLINED_FUNCTION_1)
    OUTLINED_FUNCTION_1                      0x08001115   Thumb Code    22  usart.o(.text.OUTLINED_FUNCTION_1)
    [Anonymous Symbol]                       0x08001114   Section        0  usart.o(.text.OUTLINED_FUNCTION_1)
    OUTLINED_FUNCTION_1                      0x0800112b   Thumb Code    30  stm32f3xx_hal_rcc.o(.text.OUTLINED_FUNCTION_1)
    [Anonymous Symbol]                       0x0800112a   Section        0  stm32f3xx_hal_rcc.o(.text.OUTLINED_FUNCTION_1)
    OUTLINED_FUNCTION_10                     0x08001149   Thumb Code    12  stm32f3xx_hal_uart.o(.text.OUTLINED_FUNCTION_10)
    [Anonymous Symbol]                       0x08001148   Section        0  stm32f3xx_hal_uart.o(.text.OUTLINED_FUNCTION_10)
    OUTLINED_FUNCTION_12                     0x08001155   Thumb Code    10  stm32f3xx_hal_uart.o(.text.OUTLINED_FUNCTION_12)
    [Anonymous Symbol]                       0x08001154   Section        0  stm32f3xx_hal_uart.o(.text.OUTLINED_FUNCTION_12)
    OUTLINED_FUNCTION_14                     0x0800115f   Thumb Code    18  stm32f3xx_hal_uart.o(.text.OUTLINED_FUNCTION_14)
    [Anonymous Symbol]                       0x0800115e   Section        0  stm32f3xx_hal_uart.o(.text.OUTLINED_FUNCTION_14)
    OUTLINED_FUNCTION_17                     0x08001171   Thumb Code    12  stm32f3xx_hal_uart.o(.text.OUTLINED_FUNCTION_17)
    [Anonymous Symbol]                       0x08001170   Section        0  stm32f3xx_hal_uart.o(.text.OUTLINED_FUNCTION_17)
    OUTLINED_FUNCTION_2                      0x0800117d   Thumb Code    18  airun.o(.text.OUTLINED_FUNCTION_2)
    [Anonymous Symbol]                       0x0800117c   Section        0  airun.o(.text.OUTLINED_FUNCTION_2)
    OUTLINED_FUNCTION_2                      0x0800118f   Thumb Code    20  stm32f3xx_hal_uart.o(.text.OUTLINED_FUNCTION_2)
    [Anonymous Symbol]                       0x0800118e   Section        0  stm32f3xx_hal_uart.o(.text.OUTLINED_FUNCTION_2)
    OUTLINED_FUNCTION_24                     0x080011a3   Thumb Code    14  stm32f3xx_hal_uart.o(.text.OUTLINED_FUNCTION_24)
    [Anonymous Symbol]                       0x080011a2   Section        0  stm32f3xx_hal_uart.o(.text.OUTLINED_FUNCTION_24)
    OUTLINED_FUNCTION_25                     0x080011b1   Thumb Code     6  stm32f3xx_hal_uart.o(.text.OUTLINED_FUNCTION_25)
    [Anonymous Symbol]                       0x080011b0   Section        0  stm32f3xx_hal_uart.o(.text.OUTLINED_FUNCTION_25)
    OUTLINED_FUNCTION_3                      0x080011b7   Thumb Code    10  airun.o(.text.OUTLINED_FUNCTION_3)
    [Anonymous Symbol]                       0x080011b6   Section        0  airun.o(.text.OUTLINED_FUNCTION_3)
    OUTLINED_FUNCTION_4                      0x080011c1   Thumb Code    14  airun.o(.text.OUTLINED_FUNCTION_4)
    [Anonymous Symbol]                       0x080011c0   Section        0  airun.o(.text.OUTLINED_FUNCTION_4)
    OUTLINED_FUNCTION_4                      0x080011cf   Thumb Code    20  stm32f3xx_hal_uart.o(.text.OUTLINED_FUNCTION_4)
    [Anonymous Symbol]                       0x080011ce   Section        0  stm32f3xx_hal_uart.o(.text.OUTLINED_FUNCTION_4)
    OUTLINED_FUNCTION_6                      0x080011e3   Thumb Code     8  stm32f3xx_hal_uart.o(.text.OUTLINED_FUNCTION_6)
    [Anonymous Symbol]                       0x080011e2   Section        0  stm32f3xx_hal_uart.o(.text.OUTLINED_FUNCTION_6)
    OUTLINED_FUNCTION_7                      0x080011eb   Thumb Code    20  stm32f3xx_hal_uart.o(.text.OUTLINED_FUNCTION_7)
    [Anonymous Symbol]                       0x080011ea   Section        0  stm32f3xx_hal_uart.o(.text.OUTLINED_FUNCTION_7)
    OUTLINED_FUNCTION_8                      0x080011ff   Thumb Code    12  stm32f3xx_hal_uart.o(.text.OUTLINED_FUNCTION_8)
    [Anonymous Symbol]                       0x080011fe   Section        0  stm32f3xx_hal_uart.o(.text.OUTLINED_FUNCTION_8)
    [Anonymous Symbol]                       0x0800120a   Section        0  stm32f3xx_it.o(.text.PendSV_Handler)
    [Anonymous Symbol]                       0x0800120c   Section        0  stm32f3xx_it.o(.text.SVC_Handler)
    [Anonymous Symbol]                       0x0800120e   Section        0  stm32f3xx_it.o(.text.SysTick_Handler)
    [Anonymous Symbol]                       0x08001212   Section        0  main.o(.text.SystemClock_Config)
    [Anonymous Symbol]                       0x080012d2   Section        0  system_stm32f3xx.o(.text.SystemInit)
    [Anonymous Symbol]                       0x080012e4   Section        0  stm32f3xx_hal_uart.o(.text.UART_AdvFeatureConfig)
    [Anonymous Symbol]                       0x0800138c   Section        0  stm32f3xx_hal_uart.o(.text.UART_CheckIdleState)
    UART_EndRxTransfer                       0x08001419   Thumb Code    64  stm32f3xx_hal_uart.o(.text.UART_EndRxTransfer)
    [Anonymous Symbol]                       0x08001418   Section        0  stm32f3xx_hal_uart.o(.text.UART_EndRxTransfer)
    [Anonymous Symbol]                       0x08001458   Section        0  stm32f3xx_hal_uart.o(.text.UART_SetConfig)
    [Anonymous Symbol]                       0x080015ca   Section        0  stm32f3xx_hal_uart.o(.text.UART_WaitOnFlagUntilTimeout)
    [Anonymous Symbol]                       0x0800165a   Section        0  stm32f3xx_it.o(.text.UsageFault_Handler)
    __NVIC_SetPriority                       0x0800165d   Thumb Code    36  stm32f3xx_hal_cortex.o(.text.__NVIC_SetPriority)
    [Anonymous Symbol]                       0x0800165c   Section        0  stm32f3xx_hal_cortex.o(.text.__NVIC_SetPriority)
    [Anonymous Symbol]                       0x08001680   Section        0  airun.o(.text.aiRun)
    [Anonymous Symbol]                       0x0800173e   Section        0  airun.o(.text.cal_mean_std)
    [Anonymous Symbol]                       0x080017be   Section        0  airun.o(.text.compare)
    [Anonymous Symbol]                       0x080017d4   Section        0  main.o(.text.fputc)
    [Anonymous Symbol]                       0x080017f0   Section        0  main.o(.text.getCurrentMicros)
    [Anonymous Symbol]                       0x0800182c   Section        0  airun.o(.text.get_feature)
    [Anonymous Symbol]                       0x08001a16   Section        0  airun.o(.text.get_network_input)
    [Anonymous Symbol]                       0x08001aec   Section        0  main.o(.text.main)
    i.__0printf                              0x08001b7c   Section        0  printfa.o(i.__0printf)
    i.__hardfp_sqrtf                         0x08001b9c   Section        0  sqrtf.o(i.__hardfp_sqrtf)
    i.__scatterload_copy                     0x08001bd6   Section       14  handlers.o(i.__scatterload_copy)
    i.__scatterload_null                     0x08001be4   Section        2  handlers.o(i.__scatterload_null)
    i.__scatterload_zeroinit                 0x08001be6   Section       14  handlers.o(i.__scatterload_zeroinit)
    i.__set_errno                            0x08001bf4   Section        0  errno.o(i.__set_errno)
    _fp_digits                               0x08001c01   Thumb Code   366  printfa.o(i._fp_digits)
    i._fp_digits                             0x08001c00   Section        0  printfa.o(i._fp_digits)
    _printf_core                             0x08001d85   Thumb Code  1744  printfa.o(i._printf_core)
    i._printf_core                           0x08001d84   Section        0  printfa.o(i._printf_core)
    _printf_post_padding                     0x08002461   Thumb Code    36  printfa.o(i._printf_post_padding)
    i._printf_post_padding                   0x08002460   Section        0  printfa.o(i._printf_post_padding)
    _printf_pre_padding                      0x08002485   Thumb Code    46  printfa.o(i._printf_pre_padding)
    i._printf_pre_padding                    0x08002484   Section        0  printfa.o(i._printf_pre_padding)
    i.malloc                                 0x080024b4   Section        0  malloc.o(i.malloc)
    i.puts                                   0x08002520   Section        0  puts.o(i.puts)
    aPLLMULFactorTable                       0x0800254c   Data          16  stm32f3xx_hal_rcc.o(.rodata.cst16)
    [Anonymous Symbol]                       0x0800254c   Section        0  stm32f3xx_hal_rcc.o(.rodata.cst16)
    aPredivFactorTable                       0x0800255c   Data          16  stm32f3xx_hal_rcc.o(.rodata.cst16)
    .Lswitch.table.UART_SetConfig            0x0800256c   Data          16  stm32f3xx_hal_uart.o(.rodata.cst16)
    .L.str                                   0x0800257c   Data          11  main.o(.rodata.str1.1)
    [Anonymous Symbol]                       0x0800257c   Section        0  main.o(.rodata.str1.1)
    .L.str.1                                 0x08002587   Data          11  main.o(.rodata.str1.1)
    .L.str.2                                 0x08002592   Data          14  matrix.o(.rodata.str1.1)
    .Lstr                                    0x08002592   Data          80  matrix.o(.rodata.str1.1)
    [Anonymous Symbol]                       0x08002592   Section        0  matrix.o(.rodata.str1.1)
    .L.str.3                                 0x080025a0   Data           6  matrix.o(.rodata.str1.1)
    .Lstr.5                                  0x080025e2   Data          90  matrix.o(.rodata.str1.1)
    .data                                    0x10000000   Section        4  mvars.o(.data)
    _errno                                   0x10000004   Data           4  errno.o(.data)
    .data                                    0x10000004   Section        4  errno.o(.data)
    .L_MergedGlobals                         0x10000008   Data           8  stm32f3xx_hal.o(.data..L_MergedGlobals)
    [Anonymous Symbol]                       0x10000008   Section        0  stm32f3xx_hal.o(.data..L_MergedGlobals)
    STACK                                    0x10000340   Section     2048  startup_stm32f303x8.o(STACK)
    .data                                    0x20000000   Section        4  stdout.o(.data)
    .data                                    0x20000004   Section        4  mvars.o(.data)
    .L_MergedGlobals                         0x20002330   Data          16  main.o(.bss..L_MergedGlobals)
    [Anonymous Symbol]                       0x20002330   Section        0  main.o(.bss..L_MergedGlobals)
    HEAP                                     0x20002348   Section     2048  startup_stm32f303x8.o(HEAP)

    Global Symbols

    Symbol Name                              Value     Ov Type        Size  Object(Section)

    BuildAttributes$$THM_ISAv4$E$P$D$K$B$S$7EM$VFPi3$EXTD16$VFPS$VFMA$PE$A:L22UL41UL21$X:L11$S22US41US21$IEEE1$IW$~IW$USESV6$~STKCKD$USESV7$~SHL$OTIME$ROPI$IEEEJ$EBA8$MICROLIB$REQ8$PRES8$EABIv2 0x00000000   Number         0  anon$$obj.o ABSOLUTE
    _printf_a                                0x00000000   Number         0  printfstubs.o ABSOLUTE
    _printf_c                                0x00000000   Number         0  printfstubs.o ABSOLUTE
    _printf_charcount                        0x00000000   Number         0  printfstubs.o ABSOLUTE
    _printf_d                                0x00000000   Number         0  printfstubs.o ABSOLUTE
    _printf_e                                0x00000000   Number         0  printfstubs.o ABSOLUTE
    _printf_f                                0x00000000   Number         0  printfstubs.o ABSOLUTE
    _printf_flags                            0x00000000   Number         0  printfstubs.o ABSOLUTE
    _printf_fp_dec                           0x00000000   Number         0  printfstubs.o ABSOLUTE
    _printf_fp_hex                           0x00000000   Number         0  printfstubs.o ABSOLUTE
    _printf_g                                0x00000000   Number         0  printfstubs.o ABSOLUTE
    _printf_i                                0x00000000   Number         0  printfstubs.o ABSOLUTE
    _printf_int_dec                          0x00000000   Number         0  printfstubs.o ABSOLUTE
    _printf_l                                0x00000000   Number         0  printfstubs.o ABSOLUTE
    _printf_lc                               0x00000000   Number         0  printfstubs.o ABSOLUTE
    _printf_ll                               0x00000000   Number         0  printfstubs.o ABSOLUTE
    _printf_lld                              0x00000000   Number         0  printfstubs.o ABSOLUTE
    _printf_lli                              0x00000000   Number         0  printfstubs.o ABSOLUTE
    _printf_llo                              0x00000000   Number         0  printfstubs.o ABSOLUTE
    _printf_llu                              0x00000000   Number         0  printfstubs.o ABSOLUTE
    _printf_llx                              0x00000000   Number         0  printfstubs.o ABSOLUTE
    _printf_longlong_dec                     0x00000000   Number         0  printfstubs.o ABSOLUTE
    _printf_longlong_hex                     0x00000000   Number         0  printfstubs.o ABSOLUTE
    _printf_longlong_oct                     0x00000000   Number         0  printfstubs.o ABSOLUTE
    _printf_ls                               0x00000000   Number         0  printfstubs.o ABSOLUTE
    _printf_mbtowc                           0x00000000   Number         0  printfstubs.o ABSOLUTE
    _printf_n                                0x00000000   Number         0  printfstubs.o ABSOLUTE
    _printf_o                                0x00000000   Number         0  printfstubs.o ABSOLUTE
    _printf_p                                0x00000000   Number         0  printfstubs.o ABSOLUTE
    _printf_percent                          0x00000000   Number         0  printfstubs.o ABSOLUTE
    _printf_pre_padding                      0x00000000   Number         0  printfstubs.o ABSOLUTE
    _printf_return_value                     0x00000000   Number         0  printfstubs.o ABSOLUTE
    _printf_s                                0x00000000   Number         0  printfstubs.o ABSOLUTE
    _printf_sizespec                         0x00000000   Number         0  printfstubs.o ABSOLUTE
    _printf_str                              0x00000000   Number         0  printfstubs.o ABSOLUTE
    _printf_truncate_signed                  0x00000000   Number         0  printfstubs.o ABSOLUTE
    _printf_truncate_unsigned                0x00000000   Number         0  printfstubs.o ABSOLUTE
    _printf_u                                0x00000000   Number         0  printfstubs.o ABSOLUTE
    _printf_wc                               0x00000000   Number         0  printfstubs.o ABSOLUTE
    _printf_wctomb                           0x00000000   Number         0  printfstubs.o ABSOLUTE
    _printf_widthprec                        0x00000000   Number         0  printfstubs.o ABSOLUTE
    _printf_x                                0x00000000   Number         0  printfstubs.o ABSOLUTE
    __cpp_initialize__aeabi_                  - Undefined Weak Reference
    __cxa_finalize                            - Undefined Weak Reference
    _clock_init                               - Undefined Weak Reference
    _microlib_exit                            - Undefined Weak Reference
    __Vectors_Size                           0x00000188   Number         0  startup_stm32f303x8.o ABSOLUTE
    __Vectors                                0x08000000   Data           4  startup_stm32f303x8.o(RESET)
    __Vectors_End                            0x08000188   Data           0  startup_stm32f303x8.o(RESET)
    __main                                   0x08000189   Thumb Code     0  entry.o(.ARM.Collect$$$$00000000)
    _main_stk                                0x08000189   Thumb Code     0  entry2.o(.ARM.Collect$$$$00000001)
    _main_scatterload                        0x0800018d   Thumb Code     0  entry5.o(.ARM.Collect$$$$00000004)
    __main_after_scatterload                 0x08000191   Thumb Code     0  entry5.o(.ARM.Collect$$$$00000004)
    _main_clock                              0x08000191   Thumb Code     0  entry7b.o(.ARM.Collect$$$$00000008)
    _main_cpp_init                           0x08000191   Thumb Code     0  entry8b.o(.ARM.Collect$$$$0000000A)
    _main_init                               0x08000191   Thumb Code     0  entry9a.o(.ARM.Collect$$$$0000000B)
    __rt_final_cpp                           0x08000199   Thumb Code     0  entry10a.o(.ARM.Collect$$$$0000000D)
    __rt_final_exit                          0x08000199   Thumb Code     0  entry11a.o(.ARM.Collect$$$$0000000F)
    Reset_Handler                            0x0800019d   Thumb Code     8  startup_stm32f303x8.o(.text)
    ADC1_2_IRQHandler                        0x080001b7   Thumb Code     0  startup_stm32f303x8.o(.text)
    CAN_RX0_IRQHandler                       0x080001b7   Thumb Code     0  startup_stm32f303x8.o(.text)
    CAN_RX1_IRQHandler                       0x080001b7   Thumb Code     0  startup_stm32f303x8.o(.text)
    CAN_SCE_IRQHandler                       0x080001b7   Thumb Code     0  startup_stm32f303x8.o(.text)
    CAN_TX_IRQHandler                        0x080001b7   Thumb Code     0  startup_stm32f303x8.o(.text)
    COMP2_IRQHandler                         0x080001b7   Thumb Code     0  startup_stm32f303x8.o(.text)
    COMP4_6_IRQHandler                       0x080001b7   Thumb Code     0  startup_stm32f303x8.o(.text)
    DMA1_Channel1_IRQHandler                 0x080001b7   Thumb Code     0  startup_stm32f303x8.o(.text)
    DMA1_Channel2_IRQHandler                 0x080001b7   Thumb Code     0  startup_stm32f303x8.o(.text)
    DMA1_Channel3_IRQHandler                 0x080001b7   Thumb Code     0  startup_stm32f303x8.o(.text)
    DMA1_Channel4_IRQHandler                 0x080001b7   Thumb Code     0  startup_stm32f303x8.o(.text)
    DMA1_Channel5_IRQHandler                 0x080001b7   Thumb Code     0  startup_stm32f303x8.o(.text)
    DMA1_Channel6_IRQHandler                 0x080001b7   Thumb Code     0  startup_stm32f303x8.o(.text)
    DMA1_Channel7_IRQHandler                 0x080001b7   Thumb Code     0  startup_stm32f303x8.o(.text)
    EXTI0_IRQHandler                         0x080001b7   Thumb Code     0  startup_stm32f303x8.o(.text)
    EXTI15_10_IRQHandler                     0x080001b7   Thumb Code     0  startup_stm32f303x8.o(.text)
    EXTI1_IRQHandler                         0x080001b7   Thumb Code     0  startup_stm32f303x8.o(.text)
    EXTI2_TSC_IRQHandler                     0x080001b7   Thumb Code     0  startup_stm32f303x8.o(.text)
    EXTI3_IRQHandler                         0x080001b7   Thumb Code     0  startup_stm32f303x8.o(.text)
    EXTI4_IRQHandler                         0x080001b7   Thumb Code     0  startup_stm32f303x8.o(.text)
    EXTI9_5_IRQHandler                       0x080001b7   Thumb Code     0  startup_stm32f303x8.o(.text)
    FLASH_IRQHandler                         0x080001b7   Thumb Code     0  startup_stm32f303x8.o(.text)
    FPU_IRQHandler                           0x080001b7   Thumb Code     0  startup_stm32f303x8.o(.text)
    I2C1_ER_IRQHandler                       0x080001b7   Thumb Code     0  startup_stm32f303x8.o(.text)
    I2C1_EV_IRQHandler                       0x080001b7   Thumb Code     0  startup_stm32f303x8.o(.text)
    PVD_IRQHandler                           0x080001b7   Thumb Code     0  startup_stm32f303x8.o(.text)
    RCC_IRQHandler                           0x080001b7   Thumb Code     0  startup_stm32f303x8.o(.text)
    RTC_Alarm_IRQHandler                     0x080001b7   Thumb Code     0  startup_stm32f303x8.o(.text)
    RTC_WKUP_IRQHandler                      0x080001b7   Thumb Code     0  startup_stm32f303x8.o(.text)
    SPI1_IRQHandler                          0x080001b7   Thumb Code     0  startup_stm32f303x8.o(.text)
    TAMP_STAMP_IRQHandler                    0x080001b7   Thumb Code     0  startup_stm32f303x8.o(.text)
    TIM1_BRK_TIM15_IRQHandler                0x080001b7   Thumb Code     0  startup_stm32f303x8.o(.text)
    TIM1_CC_IRQHandler                       0x080001b7   Thumb Code     0  startup_stm32f303x8.o(.text)
    TIM1_TRG_COM_TIM17_IRQHandler            0x080001b7   Thumb Code     0  startup_stm32f303x8.o(.text)
    TIM1_UP_TIM16_IRQHandler                 0x080001b7   Thumb Code     0  startup_stm32f303x8.o(.text)
    TIM2_IRQHandler                          0x080001b7   Thumb Code     0  startup_stm32f303x8.o(.text)
    TIM3_IRQHandler                          0x080001b7   Thumb Code     0  startup_stm32f303x8.o(.text)
    TIM6_DAC1_IRQHandler                     0x080001b7   Thumb Code     0  startup_stm32f303x8.o(.text)
    TIM7_DAC2_IRQHandler                     0x080001b7   Thumb Code     0  startup_stm32f303x8.o(.text)
    USART1_IRQHandler                        0x080001b7   Thumb Code     0  startup_stm32f303x8.o(.text)
    USART2_IRQHandler                        0x080001b7   Thumb Code     0  startup_stm32f303x8.o(.text)
    USART3_IRQHandler                        0x080001b7   Thumb Code     0  startup_stm32f303x8.o(.text)
    WWDG_IRQHandler                          0x080001b7   Thumb Code     0  startup_stm32f303x8.o(.text)
    __aeabi_llsr                             0x080001c1   Thumb Code    32  llushr.o(.text)
    _ll_ushift_r                             0x080001c1   Thumb Code     0  llushr.o(.text)
    qsort                                    0x080001e1   Thumb Code   156  qsort.o(.text)
    __aeabi_memcpy                           0x0800027d   Thumb Code    36  memcpya.o(.text)
    __aeabi_memcpy4                          0x0800027d   Thumb Code     0  memcpya.o(.text)
    __aeabi_memcpy8                          0x0800027d   Thumb Code     0  memcpya.o(.text)
    __aeabi_memset                           0x080002a1   Thumb Code    14  memseta.o(.text)
    __aeabi_memset4                          0x080002a1   Thumb Code     0  memseta.o(.text)
    __aeabi_memset8                          0x080002a1   Thumb Code     0  memseta.o(.text)
    __aeabi_memclr                           0x080002af   Thumb Code     4  memseta.o(.text)
    __aeabi_memclr4                          0x080002af   Thumb Code     0  memseta.o(.text)
    __aeabi_memclr8                          0x080002af   Thumb Code     0  memseta.o(.text)
    _memset$wrapper                          0x080002b3   Thumb Code    18  memseta.o(.text)
    __aeabi_ddiv                             0x080002c5   Thumb Code   222  ddiv.o(.text)
    __aeabi_i2d                              0x080003a3   Thumb Code    34  dflti.o(.text)
    __aeabi_uidiv                            0x080003c5   Thumb Code     0  uidiv.o(.text)
    __aeabi_uidivmod                         0x080003c5   Thumb Code    44  uidiv.o(.text)
    __aeabi_uldivmod                         0x080003f1   Thumb Code    98  uldiv.o(.text)
    __I$use$fp                               0x08000453   Thumb Code     0  iusefp.o(.text)
    _double_round                            0x08000453   Thumb Code    30  depilogue.o(.text)
    _double_epilogue                         0x08000471   Thumb Code   156  depilogue.o(.text)
    __aeabi_dadd                             0x0800050d   Thumb Code   322  dadd.o(.text)
    __aeabi_dsub                             0x0800064f   Thumb Code     6  dadd.o(.text)
    __aeabi_drsub                            0x08000655   Thumb Code     6  dadd.o(.text)
    __aeabi_dmul                             0x0800065b   Thumb Code   228  dmul.o(.text)
    __aeabi_d2ulz                            0x0800073f   Thumb Code    48  dfixul.o(.text)
    __aeabi_cdrcmple                         0x08000771   Thumb Code    48  cdrcmple.o(.text)
    __scatterload                            0x080007a1   Thumb Code    28  init.o(.text)
    __scatterload_rt2                        0x080007a1   Thumb Code     0  init.o(.text)
    __aeabi_llsl                             0x080007c5   Thumb Code    30  llshl.o(.text)
    _ll_shift_l                              0x080007c5   Thumb Code     0  llshl.o(.text)
    __aeabi_lasr                             0x080007e3   Thumb Code    36  llsshr.o(.text)
    _ll_sshift_r                             0x080007e3   Thumb Code     0  llsshr.o(.text)
    __decompress                             0x08000807   Thumb Code     0  __dczerorl2.o(.text)
    __decompress1                            0x08000807   Thumb Code    86  __dczerorl2.o(.text)
    BusFault_Handler                         0x0800085d   Thumb Code     2  stm32f3xx_it.o(.text.BusFault_Handler)
    DebugMon_Handler                         0x0800085f   Thumb Code     2  stm32f3xx_it.o(.text.DebugMon_Handler)
    Error_Handler                            0x08000861   Thumb Code     8  main.o(.text.Error_Handler)
    HAL_Delay                                0x08000869   Thumb Code    38  stm32f3xx_hal.o(.text.HAL_Delay)
    HAL_GPIO_Init                            0x0800088f   Thumb Code   438  stm32f3xx_hal_gpio.o(.text.HAL_GPIO_Init)
    HAL_GetTick                              0x08000a45   Thumb Code    12  stm32f3xx_hal.o(.text.HAL_GetTick)
    HAL_IncTick                              0x08000a51   Thumb Code    26  stm32f3xx_hal.o(.text.HAL_IncTick)
    HAL_Init                                 0x08000a6b   Thumb Code    38  stm32f3xx_hal.o(.text.HAL_Init)
    HAL_InitTick                             0x08000a91   Thumb Code    68  stm32f3xx_hal.o(.text.HAL_InitTick)
    HAL_MspInit                              0x08000ad5   Thumb Code    50  stm32f3xx_hal_msp.o(.text.HAL_MspInit)
    HAL_NVIC_SetPriority                     0x08000b07   Thumb Code    60  stm32f3xx_hal_cortex.o(.text.HAL_NVIC_SetPriority)
    HAL_NVIC_SetPriorityGrouping             0x08000b43   Thumb Code    32  stm32f3xx_hal_cortex.o(.text.HAL_NVIC_SetPriorityGrouping)
    HAL_RCC_GetPCLK1Freq                     0x08000b63   Thumb Code    18  stm32f3xx_hal_rcc.o(.text.HAL_RCC_GetPCLK1Freq)
    HAL_RCC_GetSysClockFreq                  0x08000b75   Thumb Code    82  stm32f3xx_hal_rcc.o(.text.HAL_RCC_GetSysClockFreq)
    HAL_SYSTICK_Config                       0x08000bc7   Thumb Code    44  stm32f3xx_hal_cortex.o(.text.HAL_SYSTICK_Config)
    HAL_UART_Init                            0x08000bf3   Thumb Code    56  stm32f3xx_hal_uart.o(.text.HAL_UART_Init)
    HAL_UART_MspInit                         0x08000c2b   Thumb Code   136  usart.o(.text.HAL_UART_MspInit)
    HAL_UART_Transmit                        0x08000cb3   Thumb Code   168  stm32f3xx_hal_uart.o(.text.HAL_UART_Transmit)
    HardFault_Handler                        0x08000d5b   Thumb Code     2  stm32f3xx_it.o(.text.HardFault_Handler)
    LL_GPIO_Init                             0x08000d79   Thumb Code   214  stm32f3xx_ll_gpio.o(.text.LL_GPIO_Init)
    LL_SetSystemCoreClock                    0x08000e4f   Thumb Code    12  stm32f3xx_ll_utils.o(.text.LL_SetSystemCoreClock)
    MX_CRC_Init                              0x08000e5b   Thumb Code    80  crc.o(.text.MX_CRC_Init)
    MX_GPIO_Init                             0x08000eab   Thumb Code    52  gpio.o(.text.MX_GPIO_Init)
    MX_USART1_UART_Init                      0x08000edf   Thumb Code    42  usart.o(.text.MX_USART1_UART_Init)
    MX_USART2_UART_Init                      0x08000f09   Thumb Code    42  usart.o(.text.MX_USART2_UART_Init)
    M_add                                    0x08000f33   Thumb Code   110  matrix.o(.text.M_add)
    M_mul                                    0x08000fa1   Thumb Code   206  matrix.o(.text.M_mul)
    M_relu                                   0x0800106f   Thumb Code    58  matrix.o(.text.M_relu)
    Matrix_gen                               0x080010a9   Thumb Code    22  matrix.o(.text.Matrix_gen)
    MemManage_Handler                        0x080010bf   Thumb Code     2  stm32f3xx_it.o(.text.MemManage_Handler)
    NMI_Handler                              0x080010c1   Thumb Code     2  stm32f3xx_it.o(.text.NMI_Handler)
    PendSV_Handler                           0x0800120b   Thumb Code     2  stm32f3xx_it.o(.text.PendSV_Handler)
    SVC_Handler                              0x0800120d   Thumb Code     2  stm32f3xx_it.o(.text.SVC_Handler)
    SysTick_Handler                          0x0800120f   Thumb Code     4  stm32f3xx_it.o(.text.SysTick_Handler)
    SystemClock_Config                       0x08001213   Thumb Code   192  main.o(.text.SystemClock_Config)
    SystemInit                               0x080012d3   Thumb Code    18  system_stm32f3xx.o(.text.SystemInit)
    UART_AdvFeatureConfig                    0x080012e5   Thumb Code   168  stm32f3xx_hal_uart.o(.text.UART_AdvFeatureConfig)
    UART_CheckIdleState                      0x0800138d   Thumb Code   140  stm32f3xx_hal_uart.o(.text.UART_CheckIdleState)
    UART_SetConfig                           0x08001459   Thumb Code   370  stm32f3xx_hal_uart.o(.text.UART_SetConfig)
    UART_WaitOnFlagUntilTimeout              0x080015cb   Thumb Code   144  stm32f3xx_hal_uart.o(.text.UART_WaitOnFlagUntilTimeout)
    UsageFault_Handler                       0x0800165b   Thumb Code     2  stm32f3xx_it.o(.text.UsageFault_Handler)
    aiRun                                    0x08001681   Thumb Code   190  airun.o(.text.aiRun)
    cal_mean_std                             0x0800173f   Thumb Code   128  airun.o(.text.cal_mean_std)
    compare                                  0x080017bf   Thumb Code    22  airun.o(.text.compare)
    fputc                                    0x080017d5   Thumb Code    28  main.o(.text.fputc)
    getCurrentMicros                         0x080017f1   Thumb Code    60  main.o(.text.getCurrentMicros)
    get_feature                              0x0800182d   Thumb Code   490  airun.o(.text.get_feature)
    get_network_input                        0x08001a17   Thumb Code   214  airun.o(.text.get_network_input)
    main                                     0x08001aed   Thumb Code   142  main.o(.text.main)
    __0printf                                0x08001b7d   Thumb Code    22  printfa.o(i.__0printf)
    __1printf                                0x08001b7d   Thumb Code     0  printfa.o(i.__0printf)
    __2printf                                0x08001b7d   Thumb Code     0  printfa.o(i.__0printf)
    __c89printf                              0x08001b7d   Thumb Code     0  printfa.o(i.__0printf)
    printf                                   0x08001b7d   Thumb Code     0  printfa.o(i.__0printf)
    __hardfp_sqrtf                           0x08001b9d   Thumb Code    58  sqrtf.o(i.__hardfp_sqrtf)
    __scatterload_copy                       0x08001bd7   Thumb Code    14  handlers.o(i.__scatterload_copy)
    __scatterload_null                       0x08001be5   Thumb Code     2  handlers.o(i.__scatterload_null)
    __scatterload_zeroinit                   0x08001be7   Thumb Code    14  handlers.o(i.__scatterload_zeroinit)
    __set_errno                              0x08001bf5   Thumb Code     6  errno.o(i.__set_errno)
    malloc                                   0x080024b5   Thumb Code    92  malloc.o(i.malloc)
    puts                                     0x08002521   Thumb Code    30  puts.o(i.puts)
    APBPrescTable                            0x08002544   Data           8  system_stm32f3xx.o(.rodata.APBPrescTable)
    Region$$Table$$Base                      0x0800263c   Number         0  anon$$obj.o(Region$$Table)
    Region$$Table$$Limit                     0x0800267c   Number         0  anon$$obj.o(Region$$Table)
    __microlib_freelist                      0x10000000   Data           4  mvars.o(.data)
    uwTickFreq                               0x10000008   Data           1  stm32f3xx_hal.o(.data..L_MergedGlobals)
    uwTickPrio                               0x1000000c   Data           4  stm32f3xx_hal.o(.data..L_MergedGlobals)
    SystemCoreClock                          0x10000010   Data           4  system_stm32f3xx.o(.data.SystemCoreClock)
    dense1_bias                              0x10000014   Data          64  parameter.o(.data.dense1_bias)
    dense2_bias                              0x10000054   Data          24  parameter.o(.data.dense2_bias)
    dense2_weight                            0x1000006c   Data         384  parameter.o(.data.dense2_weight)
    dense3_weight                            0x100001ec   Data          48  parameter.o(.data.dense3_weight)
    threshold                                0x1000021c   Data          20  parameter.o(.data.threshold)
    huart1                                   0x10000230   Data         136  usart.o(.bss.huart1)
    huart2                                   0x100002b8   Data         136  usart.o(.bss.huart2)
    __initial_sp                             0x10000b40   Data           0  startup_stm32f303x8.o(STACK)
    __stdout                                 0x20000000   Data           4  stdout.o(.data)
    __microlib_freelist_initialised          0x20000004   Data           4  mvars.o(.data)
    dense1_weight                            0x20000008   Data        3968  parameter.o(.data.dense1_weight)
    dense3_bias                              0x20000f88   Data           8  parameter.o(.data.dense3_bias)
    factor                                   0x20000f90   Data          20  parameter.o(.data.factor)
    input                                    0x20000fa4   Data        5000  parameter.o(.data.input)
    start_time                               0x20002330   Data           4  main.o(.bss..L_MergedGlobals)
    end_time                                 0x20002334   Data           4  main.o(.bss..L_MergedGlobals)
    result                                   0x20002338   Data           8  main.o(.bss..L_MergedGlobals)
    uwTick                                   0x20002340   Data           4  stm32f3xx_hal.o(.bss.uwTick)
    __heap_base                              0x20002348   Data           0  startup_stm32f303x8.o(HEAP)
    __heap_limit                             0x20002b48   Data           0  startup_stm32f303x8.o(HEAP)



==============================================================================

Memory Map of the image

  Image Entry point : 0x08000189

  Load Region LR_IROM1 (Base: 0x08000000, Size: 0x00004be0, Max: 0x00010000, ABSOLUTE, COMPRESSED[0x00003ac0])

    Execution Region ER_IROM1 (Exec base: 0x08000000, Load base: 0x08000000, Size: 0x0000267c, Max: 0x00010000, ABSOLUTE)

    Exec Addr    Load Addr    Size         Type   Attr      Idx    E Section Name        Object

    0x08000000   0x08000000   0x00000188   Data   RO            3    RESET               startup_stm32f303x8.o
    0x08000188   0x08000188   0x00000000   Code   RO         1286  * .ARM.Collect$$$$00000000  mc_w.l(entry.o)
    0x08000188   0x08000188   0x00000004   Code   RO         1600    .ARM.Collect$$$$00000001  mc_w.l(entry2.o)
    0x0800018c   0x0800018c   0x00000004   Code   RO         1603    .ARM.Collect$$$$00000004  mc_w.l(entry5.o)
    0x08000190   0x08000190   0x00000000   Code   RO         1605    .ARM.Collect$$$$00000008  mc_w.l(entry7b.o)
    0x08000190   0x08000190   0x00000000   Code   RO         1607    .ARM.Collect$$$$0000000A  mc_w.l(entry8b.o)
    0x08000190   0x08000190   0x00000008   Code   RO         1608    .ARM.Collect$$$$0000000B  mc_w.l(entry9a.o)
    0x08000198   0x08000198   0x00000000   Code   RO         1610    .ARM.Collect$$$$0000000D  mc_w.l(entry10a.o)
    0x08000198   0x08000198   0x00000000   Code   RO         1612    .ARM.Collect$$$$0000000F  mc_w.l(entry11a.o)
    0x08000198   0x08000198   0x00000004   Code   RO         1601    .ARM.Collect$$$$00002712  mc_w.l(entry2.o)
    0x0800019c   0x0800019c   0x00000024   Code   RO            4    .text               startup_stm32f303x8.o
    0x080001c0   0x080001c0   0x00000020   Code   RO         1295    .text               mc_w.l(llushr.o)
    0x080001e0   0x080001e0   0x0000009c   Code   RO         1297    .text               mc_w.l(qsort.o)
    0x0800027c   0x0800027c   0x00000024   Code   RO         1299    .text               mc_w.l(memcpya.o)
    0x080002a0   0x080002a0   0x00000024   Code   RO         1301    .text               mc_w.l(memseta.o)
    0x080002c4   0x080002c4   0x000000de   Code   RO         1594    .text               mf_w.l(ddiv.o)
    0x080003a2   0x080003a2   0x00000022   Code   RO         1596    .text               mf_w.l(dflti.o)
    0x080003c4   0x080003c4   0x0000002c   Code   RO         1624    .text               mc_w.l(uidiv.o)
    0x080003f0   0x080003f0   0x00000062   Code   RO         1626    .text               mc_w.l(uldiv.o)
    0x08000452   0x08000452   0x00000000   Code   RO         1637    .text               mc_w.l(iusefp.o)
    0x08000452   0x08000452   0x000000ba   Code   RO         1638    .text               mf_w.l(depilogue.o)
    0x0800050c   0x0800050c   0x0000014e   Code   RO         1640    .text               mf_w.l(dadd.o)
    0x0800065a   0x0800065a   0x000000e4   Code   RO         1642    .text               mf_w.l(dmul.o)
    0x0800073e   0x0800073e   0x00000030   Code   RO         1644    .text               mf_w.l(dfixul.o)
    0x0800076e   0x0800076e   0x00000002   PAD
    0x08000770   0x08000770   0x00000030   Code   RO         1646    .text               mf_w.l(cdrcmple.o)
    0x080007a0   0x080007a0   0x00000024   Code   RO         1648    .text               mc_w.l(init.o)
    0x080007c4   0x080007c4   0x0000001e   Code   RO         1650    .text               mc_w.l(llshl.o)
    0x080007e2   0x080007e2   0x00000024   Code   RO         1652    .text               mc_w.l(llsshr.o)
    0x08000806   0x08000806   0x00000056   Code   RO         1662    .text               mc_w.l(__dczerorl2.o)
    0x0800085c   0x0800085c   0x00000002   Code   RO          113    .text.BusFault_Handler  stm32f3xx_it.o
    0x0800085e   0x0800085e   0x00000002   Code   RO          119    .text.DebugMon_Handler  stm32f3xx_it.o
    0x08000860   0x08000860   0x00000008   Code   RO           49    .text.Error_Handler  main.o
    0x08000868   0x08000868   0x00000026   Code   RO          289    .text.HAL_Delay     stm32f3xx_hal.o
    0x0800088e   0x0800088e   0x000001b6   Code   RO          401    .text.HAL_GPIO_Init  stm32f3xx_hal_gpio.o
    0x08000a44   0x08000a44   0x0000000c   Code   RO          281    .text.HAL_GetTick   stm32f3xx_hal.o
    0x08000a50   0x08000a50   0x0000001a   Code   RO          279    .text.HAL_IncTick   stm32f3xx_hal.o
    0x08000a6a   0x08000a6a   0x00000026   Code   RO          269    .text.HAL_Init      stm32f3xx_hal.o
    0x08000a90   0x08000a90   0x00000044   Code   RO          271    .text.HAL_InitTick  stm32f3xx_hal.o
    0x08000ad4   0x08000ad4   0x00000032   Code   RO          132    .text.HAL_MspInit   stm32f3xx_hal_msp.o
    0x08000b06   0x08000b06   0x0000003c   Code   RO          461    .text.HAL_NVIC_SetPriority  stm32f3xx_hal_cortex.o
    0x08000b42   0x08000b42   0x00000020   Code   RO          459    .text.HAL_NVIC_SetPriorityGrouping  stm32f3xx_hal_cortex.o
    0x08000b62   0x08000b62   0x00000012   Code   RO          351    .text.HAL_RCC_GetPCLK1Freq  stm32f3xx_hal_rcc.o
    0x08000b74   0x08000b74   0x00000052   Code   RO          341    .text.HAL_RCC_GetSysClockFreq  stm32f3xx_hal_rcc.o
    0x08000bc6   0x08000bc6   0x0000002c   Code   RO          473    .text.HAL_SYSTICK_Config  stm32f3xx_hal_cortex.o
    0x08000bf2   0x08000bf2   0x00000038   Code   RO         1043    .text.HAL_UART_Init  stm32f3xx_hal_uart.o
    0x08000c2a   0x08000c2a   0x00000088   Code   RO           89    .text.HAL_UART_MspInit  usart.o
    0x08000cb2   0x08000cb2   0x000000a8   Code   RO         1063    .text.HAL_UART_Transmit  stm32f3xx_hal_uart.o
    0x08000d5a   0x08000d5a   0x00000002   Code   RO          109    .text.HardFault_Handler  stm32f3xx_it.o
    0x08000d5c   0x08000d5c   0x0000001c   Code   RO           67    .text.LL_AHB1_GRP1_EnableClock  gpio.o
    0x08000d78   0x08000d78   0x000000d6   Code   RO          211    .text.LL_GPIO_Init  stm32f3xx_ll_gpio.o
    0x08000e4e   0x08000e4e   0x0000000c   Code   RO          177    .text.LL_SetSystemCoreClock  stm32f3xx_ll_utils.o
    0x08000e5a   0x08000e5a   0x00000050   Code   RO           77    .text.MX_CRC_Init   crc.o
    0x08000eaa   0x08000eaa   0x00000034   Code   RO           65    .text.MX_GPIO_Init  gpio.o
    0x08000ede   0x08000ede   0x0000002a   Code   RO           85    .text.MX_USART1_UART_Init  usart.o
    0x08000f08   0x08000f08   0x0000002a   Code   RO           87    .text.MX_USART2_UART_Init  usart.o
    0x08000f32   0x08000f32   0x0000006e   Code   RO          156    .text.M_add         matrix.o
    0x08000fa0   0x08000fa0   0x000000ce   Code   RO          158    .text.M_mul         matrix.o
    0x0800106e   0x0800106e   0x0000003a   Code   RO          160    .text.M_relu        matrix.o
    0x080010a8   0x080010a8   0x00000016   Code   RO          154    .text.Matrix_gen    matrix.o
    0x080010be   0x080010be   0x00000002   Code   RO          111    .text.MemManage_Handler  stm32f3xx_it.o
    0x080010c0   0x080010c0   0x00000002   Code   RO          107    .text.NMI_Handler   stm32f3xx_it.o
    0x080010c2   0x080010c2   0x00000012   Code   RO           21    .text.OUTLINED_FUNCTION_0  airun.o
    0x080010d4   0x080010d4   0x00000018   Code   RO           93    .text.OUTLINED_FUNCTION_0  usart.o
    0x080010ec   0x080010ec   0x00000014   Code   RO         1173    .text.OUTLINED_FUNCTION_0  stm32f3xx_hal_uart.o
    0x08001100   0x08001100   0x00000014   Code   RO           23    .text.OUTLINED_FUNCTION_1  airun.o
    0x08001114   0x08001114   0x00000016   Code   RO           95    .text.OUTLINED_FUNCTION_1  usart.o
    0x0800112a   0x0800112a   0x0000001e   Code   RO          365    .text.OUTLINED_FUNCTION_1  stm32f3xx_hal_rcc.o
    0x08001148   0x08001148   0x0000000c   Code   RO         1193    .text.OUTLINED_FUNCTION_10  stm32f3xx_hal_uart.o
    0x08001154   0x08001154   0x0000000a   Code   RO         1197    .text.OUTLINED_FUNCTION_12  stm32f3xx_hal_uart.o
    0x0800115e   0x0800115e   0x00000012   Code   RO         1201    .text.OUTLINED_FUNCTION_14  stm32f3xx_hal_uart.o
    0x08001170   0x08001170   0x0000000c   Code   RO         1207    .text.OUTLINED_FUNCTION_17  stm32f3xx_hal_uart.o
    0x0800117c   0x0800117c   0x00000012   Code   RO           25    .text.OUTLINED_FUNCTION_2  airun.o
    0x0800118e   0x0800118e   0x00000014   Code   RO         1177    .text.OUTLINED_FUNCTION_2  stm32f3xx_hal_uart.o
    0x080011a2   0x080011a2   0x0000000e   Code   RO         1221    .text.OUTLINED_FUNCTION_24  stm32f3xx_hal_uart.o
    0x080011b0   0x080011b0   0x00000006   Code   RO         1223    .text.OUTLINED_FUNCTION_25  stm32f3xx_hal_uart.o
    0x080011b6   0x080011b6   0x0000000a   Code   RO           27    .text.OUTLINED_FUNCTION_3  airun.o
    0x080011c0   0x080011c0   0x0000000e   Code   RO           29    .text.OUTLINED_FUNCTION_4  airun.o
    0x080011ce   0x080011ce   0x00000014   Code   RO         1181    .text.OUTLINED_FUNCTION_4  stm32f3xx_hal_uart.o
    0x080011e2   0x080011e2   0x00000008   Code   RO         1185    .text.OUTLINED_FUNCTION_6  stm32f3xx_hal_uart.o
    0x080011ea   0x080011ea   0x00000014   Code   RO         1187    .text.OUTLINED_FUNCTION_7  stm32f3xx_hal_uart.o
    0x080011fe   0x080011fe   0x0000000c   Code   RO         1189    .text.OUTLINED_FUNCTION_8  stm32f3xx_hal_uart.o
    0x0800120a   0x0800120a   0x00000002   Code   RO          121    .text.PendSV_Handler  stm32f3xx_it.o
    0x0800120c   0x0800120c   0x00000002   Code   RO          117    .text.SVC_Handler   stm32f3xx_it.o
    0x0800120e   0x0800120e   0x00000004   Code   RO          123    .text.SysTick_Handler  stm32f3xx_it.o
    0x08001212   0x08001212   0x000000c0   Code   RO           47    .text.SystemClock_Config  main.o
    0x080012d2   0x080012d2   0x00000012   Code   RO         1266    .text.SystemInit    system_stm32f3xx.o
    0x080012e4   0x080012e4   0x000000a8   Code   RO         1049    .text.UART_AdvFeatureConfig  stm32f3xx_hal_uart.o
    0x0800138c   0x0800138c   0x0000008c   Code   RO         1051    .text.UART_CheckIdleState  stm32f3xx_hal_uart.o
    0x08001418   0x08001418   0x00000040   Code   RO         1099    .text.UART_EndRxTransfer  stm32f3xx_hal_uart.o
    0x08001458   0x08001458   0x00000172   Code   RO         1047    .text.UART_SetConfig  stm32f3xx_hal_uart.o
    0x080015ca   0x080015ca   0x00000090   Code   RO         1065    .text.UART_WaitOnFlagUntilTimeout  stm32f3xx_hal_uart.o
    0x0800165a   0x0800165a   0x00000002   Code   RO          115    .text.UsageFault_Handler  stm32f3xx_it.o
    0x0800165c   0x0800165c   0x00000024   Code   RO          463    .text.__NVIC_SetPriority  stm32f3xx_hal_cortex.o
    0x08001680   0x08001680   0x000000be   Code   RO           19    .text.aiRun         airun.o
    0x0800173e   0x0800173e   0x00000080   Code   RO           13    .text.cal_mean_std  airun.o
    0x080017be   0x080017be   0x00000016   Code   RO           11    .text.compare       airun.o
    0x080017d4   0x080017d4   0x0000001c   Code   RO           39    .text.fputc         main.o
    0x080017f0   0x080017f0   0x0000003c   Code   RO           43    .text.getCurrentMicros  main.o
    0x0800182c   0x0800182c   0x000001ea   Code   RO           15    .text.get_feature   airun.o
    0x08001a16   0x08001a16   0x000000d6   Code   RO           17    .text.get_network_input  airun.o
    0x08001aec   0x08001aec   0x0000008e   Code   RO           45    .text.main          main.o
    0x08001b7a   0x08001b7a   0x00000002   PAD
    0x08001b7c   0x08001b7c   0x00000020   Code   RO         1538    i.__0printf         mc_w.l(printfa.o)
    0x08001b9c   0x08001b9c   0x0000003a   Code   RO         1280    i.__hardfp_sqrtf    m_wm.l(sqrtf.o)
    0x08001bd6   0x08001bd6   0x0000000e   Code   RO         1656    i.__scatterload_copy  mc_w.l(handlers.o)
    0x08001be4   0x08001be4   0x00000002   Code   RO         1657    i.__scatterload_null  mc_w.l(handlers.o)
    0x08001be6   0x08001be6   0x0000000e   Code   RO         1658    i.__scatterload_zeroinit  mc_w.l(handlers.o)
    0x08001bf4   0x08001bf4   0x0000000c   Code   RO         1632    i.__set_errno       mc_w.l(errno.o)
    0x08001c00   0x08001c00   0x00000184   Code   RO         1545    i._fp_digits        mc_w.l(printfa.o)
    0x08001d84   0x08001d84   0x000006dc   Code   RO         1546    i._printf_core      mc_w.l(printfa.o)
    0x08002460   0x08002460   0x00000024   Code   RO         1547    i._printf_post_padding  mc_w.l(printfa.o)
    0x08002484   0x08002484   0x0000002e   Code   RO         1548    i._printf_pre_padding  mc_w.l(printfa.o)
    0x080024b2   0x080024b2   0x00000002   PAD
    0x080024b4   0x080024b4   0x0000006c   Code   RO         1567    i.malloc            mc_w.l(malloc.o)
    0x08002520   0x08002520   0x00000024   Code   RO         1289    i.puts              mc_w.l(puts.o)
    0x08002544   0x08002544   0x00000008   Data   RO         1272    .rodata.APBPrescTable  system_stm32f3xx.o
    0x0800254c   0x0800254c   0x00000020   Data   RO          373    .rodata.cst16       stm32f3xx_hal_rcc.o
    0x0800256c   0x0800256c   0x00000010   Data   RO         1225    .rodata.cst16       stm32f3xx_hal_uart.o
    0x0800257c   0x0800257c   0x00000016   Data   RO           53    .rodata.str1.1      main.o
    0x08002592   0x08002592   0x000000aa   Data   RO          164    .rodata.str1.1      matrix.o
    0x0800263c   0x0800263c   0x00000040   Data   RO         1655    Region$$Table       anon$$obj.o


    Execution Region RW_IRAM2 (Exec base: 0x10000000, Load base: 0x08003a88, Size: 0x00000b40, Max: 0x00001000, ABSOLUTE, COMPRESSED[0x00000038])

    Exec Addr    Load Addr    Size         Type   Attr      Idx    E Section Name        Object

    0x10000000   COMPRESSED   0x00000004   Data   RW         1628    .data               mc_w.l(mvars.o)
    0x10000004   COMPRESSED   0x00000004   Data   RW         1633    .data               mc_w.l(errno.o)
    0x10000008   COMPRESSED   0x00000008   Data   RW          326    .data..L_MergedGlobals  stm32f3xx_hal.o
    0x10000010   COMPRESSED   0x00000004   Data   RW         1270    .data.SystemCoreClock  system_stm32f3xx.o
    0x10000014   COMPRESSED   0x00000040   Data   RW          141    .data.dense1_bias   parameter.o
    0x10000054   COMPRESSED   0x00000018   Data   RW          143    .data.dense2_bias   parameter.o
    0x1000006c   COMPRESSED   0x00000180   Data   RW          142    .data.dense2_weight  parameter.o
    0x100001ec   COMPRESSED   0x00000030   Data   RW          144    .data.dense3_weight  parameter.o
    0x1000021c   COMPRESSED   0x00000014   Data   RW          147    .data.threshold     parameter.o
    0x10000230        -       0x00000088   Zero   RW           97    .bss.huart1         usart.o
    0x100002b8        -       0x00000088   Zero   RW           98    .bss.huart2         usart.o
    0x10000340        -       0x00000800   Zero   RW            1    STACK               startup_stm32f303x8.o


    Execution Region RW_IRAM1 (Exec base: 0x20000000, Load base: 0x08002680, Size: 0x00002b48, Max: 0x00003000, ABSOLUTE, COMPRESSED[0x00001408])

    Exec Addr    Load Addr    Size         Type   Attr      Idx    E Section Name        Object

    0x20000000   COMPRESSED   0x00000004   Data   RW         1614    .data               mc_w.l(stdout.o)
    0x20000004   COMPRESSED   0x00000004   Data   RW         1629    .data               mc_w.l(mvars.o)
    0x20000008   COMPRESSED   0x00000f80   Data   RW          140    .data.dense1_weight  parameter.o
    0x20000f88   COMPRESSED   0x00000008   Data   RW          145    .data.dense3_bias   parameter.o
    0x20000f90   COMPRESSED   0x00000014   Data   RW          146    .data.factor        parameter.o
    0x20000fa4   COMPRESSED   0x00001388   Data   RW          148    .data.input         parameter.o
    0x2000232c   COMPRESSED   0x00000004   PAD
    0x20002330        -       0x00000010   Zero   RW           56    .bss..L_MergedGlobals  main.o
    0x20002340        -       0x00000004   Zero   RW          325    .bss.uwTick         stm32f3xx_hal.o
    0x20002344   COMPRESSED   0x00000004   PAD
    0x20002348        -       0x00000800   Zero   RW            2    HEAP                startup_stm32f303x8.o


==============================================================================

Image component sizes


      Code (inc. data)   RO Data    RW Data    ZI Data      Debug   Object Name

      1124          0          0          0          0       4794   airun.o
        80          0          0          0          0       1967   crc.o
        80          0          0          0          0       1868   gpio.o
       430          0         22          0         16       4665   main.o
       396          0        170          0          0       2936   matrix.o
         0          0          0       9536          0        711   parameter.o
        36          8        392          0       4096        828   startup_stm32f303x8.o
       182          0          0          8          4       6042   stm32f3xx_hal.o
       172          0          0          0          0       8296   stm32f3xx_hal_cortex.o
       438          0          0          0          0       4972   stm32f3xx_hal_gpio.o
        50          0          0          0          0       1005   stm32f3xx_hal_msp.o
       130          0         32          0          0       7278   stm32f3xx_hal_rcc.o
      1282          0         16          0          0      28386   stm32f3xx_hal_uart.o
        20          0          0          0          0       1141   stm32f3xx_it.o
       214          0          0          0          0       3330   stm32f3xx_ll_gpio.o
        12          0          0          0          0       6349   stm32f3xx_ll_utils.o
        18          0          8          4          0       2213   system_stm32f3xx.o
       266          0          0          0        272       5076   usart.o

    ----------------------------------------------------------------------
      4932          8        704       9548       4396      91857   Object Totals
         0          0         64          0          0          0   (incl. Generated)
         2          0          0          0          8          0   (incl. Padding)

    ----------------------------------------------------------------------

      Code (inc. data)   RO Data    RW Data    ZI Data      Debug   Library Member Name

        58          0          0          0          0        136   sqrtf.o
        86          0          0          0          0          0   __dczerorl2.o
         0          0          0          0          0          0   entry.o
         0          0          0          0          0          0   entry10a.o
         0          0          0          0          0          0   entry11a.o
         8          4          0          0          0          0   entry2.o
         4          0          0          0          0          0   entry5.o
         0          0          0          0          0          0   entry7b.o
         0          0          0          0          0          0   entry8b.o
         8          4          0          0          0          0   entry9a.o
        12          6          0          4          0         68   errno.o
        30          0          0          0          0          0   handlers.o
        36          8          0          0          0         68   init.o
         0          0          0          0          0          0   iusefp.o
        30          0          0          0          0         68   llshl.o
        36          0          0          0          0         68   llsshr.o
        32          0          0          0          0         68   llushr.o
       108         16          0          0          0         84   malloc.o
        36          0          0          0          0         68   memcpya.o
        36          0          0          0          0        108   memseta.o
         0          0          0          8          0          0   mvars.o
      2258         90          0          0          0        452   printfa.o
        36          6          0          0          0         80   puts.o
       156          0          0          0          0         88   qsort.o
         0          0          0          4          0          0   stdout.o
        44          0          0          0          0         80   uidiv.o
        98          0          0          0          0         92   uldiv.o
        48          0          0          0          0         68   cdrcmple.o
       334          0          0          0          0        148   dadd.o
       222          0          0          0          0        100   ddiv.o
       186          0          0          0          0        176   depilogue.o
        48          0          0          0          0         68   dfixul.o
        34          0          0          0          0         76   dflti.o
       228          0          0          0          0         96   dmul.o

    ----------------------------------------------------------------------
      4216        134          0         16          0       2260   Library Totals
         4          0          0          0          0          0   (incl. Padding)

    ----------------------------------------------------------------------

      Code (inc. data)   RO Data    RW Data    ZI Data      Debug   Library Name

        58          0          0          0          0        136   m_wm.l
      3054        134          0         16          0       1392   mc_w.l
      1100          0          0          0          0        732   mf_w.l

    ----------------------------------------------------------------------
      4216        134          0         16          0       2260   Library Totals

    ----------------------------------------------------------------------

==============================================================================


      Code (inc. data)   RO Data    RW Data    ZI Data      Debug   

      9148        142        704       9564       4396      93009   Grand Totals
      9148        142        704       5184       4396      93009   ELF Image Totals (compressed)
      9148        142        704       5184          0          0   ROM Totals

==============================================================================

    Total RO  Size (Code + RO Data)                 9852 (   9.62kB)
    Total RW  Size (RW Data + ZI Data)             13960 (  13.63kB)
    Total ROM Size (Code + RO Data + RW Data)      15036 (  14.68kB)

==============================================================================

