<html>
<body>
<pre>
<h1>µVision Build Log</h1>
<h2>Tool Versions:</h2>
IDE-Version: ¦ÌVision V5.36.0.0
Copyright (C) 2021 ARM Ltd and ARM Germany GmbH. All rights reserved.
License Information: me kip, China, LIC=----
 
Tool Versions:
Toolchain:       MDK-Lite  Version: 5.36.0.0
Toolchain Path:  D:\ElectronicTool\Kail\Core\ARM\ARMCLANG\Bin
C Compiler:      ArmClang.exe V6.16
Assembler:       Armasm.exe V6.16
Linker/Locator:  ArmLink.exe V6.16
Library Manager: ArmAr.exe V6.16
Hex Converter:   FromElf.exe V6.16
CPU DLL:         SARMCM3.DLL V5.36.0.0
Dialog DLL:      DCM.DLL V1.17.3.0
Target DLL:      STLink\ST-LINKIII-KEIL_SWO.dll V3.0.9.0
Dialog DLL:      TCM.DLL V1.53.0.0
 
<h2>Project:</h2>
E:\Learning\Getach_Project\TinyML-2023\Deployment\MDK-ARM\deploy2.uvprojx
Project File Date:  10/06/2023

<h2>Output:</h2>
*** Using Compiler 'V6.16', folder: 'D:\ElectronicTool\Kail\Core\ARM\ARMCLANG\Bin'
Rebuild target 'deploy2'
../Core/Src/matrix.c(9): warning: implicitly declaring library function 'malloc' with type 'void *(unsigned int)' [-Wimplicit-function-declaration]
    _mat = (Matrix *) malloc(sizeof(Matrix));
                      ^
../Core/Src/matrix.c(9): note: include the header <stdlib.h> or explicitly provide a declaration for 'malloc'
1 warning generated.
compiling matrix.c...
compiling parameter.c...
assembling startup_stm32f303x8.s...
../Core/Src/stm32f3xx_it.c(21): warning: In file included from...
../Core/Inc\main.h(30): warning: In file included from...
../Drivers/STM32F3xx_HAL_Driver/Inc\stm32f3xx_hal.h(30): warning: In file included from...
../Core/Inc\stm32f3xx_hal_conf.h(199): warning: In file included from...
../Drivers/STM32F3xx_HAL_Driver/Inc\stm32f3xx_hal_rcc.h(29): warning: In file included from...
../Drivers/STM32F3xx_HAL_Driver/Inc/stm32f3xx_hal_def.h(30): warning: In file included from...
../Drivers/CMSIS/Device/ST/STM32F3xx/Include\stm32f3xx.h(134): warning: In file included from...
../Drivers/CMSIS/Device/ST/STM32F3xx/Include/stm32f303x8.h(52): warning: '__FPU_PRESENT' macro redefined [-Wmacro-redefined]
#define __FPU_PRESENT             1U       /*!< STM32F303x8 devices provide an FPU */
        ^
<command line>(11): note: previous definition is here
#define __FPU_PRESENT 1
        ^
1 warning generated.
compiling stm32f3xx_it.c...
../Core/Src/gpio.c(22): warning: In file included from...
../Core/Inc\gpio.h(29): warning: In file included from...
../Core/Inc/main.h(30): warning: In file included from...
../Drivers/STM32F3xx_HAL_Driver/Inc\stm32f3xx_hal.h(30): warning: In file included from...
../Core/Inc\stm32f3xx_hal_conf.h(199): warning: In file included from...
../Drivers/STM32F3xx_HAL_Driver/Inc\stm32f3xx_hal_rcc.h(29): warning: In file included from...
../Drivers/STM32F3xx_HAL_Driver/Inc/stm32f3xx_hal_def.h(30): warning: In file included from...
../Drivers/CMSIS/Device/ST/STM32F3xx/Include\stm32f3xx.h(134): warning: In file included from...
../Drivers/CMSIS/Device/ST/STM32F3xx/Include/stm32f303x8.h(52): warning: '__FPU_PRESENT' macro redefined [-Wmacro-redefined]
#define __FPU_PRESENT             1U       /*!< STM32F303x8 devices provide an FPU */
        ^
<command line>(11): note: previous definition is here
#define __FPU_PRESENT 1
        ^
1 warning generated.
compiling gpio.c...
../Drivers/STM32F3xx_HAL_Driver/Src/stm32f3xx_ll_crc.c(22): warning: In file included from...
../Drivers/STM32F3xx_HAL_Driver/Inc\stm32f3xx_ll_crc.h(29): warning: In file included from...
../Drivers/CMSIS/Device/ST/STM32F3xx/Include\stm32f3xx.h(134): warning: In file included from...
../Drivers/CMSIS/Device/ST/STM32F3xx/Include/stm32f303x8.h(52): warning: '__FPU_PRESENT' macro redefined [-Wmacro-redefined]
#define __FPU_PRESENT             1U       /*!< STM32F303x8 devices provide an FPU */
        ^
<command line>(11): note: previous definition is here
#define __FPU_PRESENT 1
        ^
1 warning generated.
compiling stm32f3xx_ll_crc.c...
../Drivers/STM32F3xx_HAL_Driver/Src/stm32f3xx_ll_gpio.c(22): warning: In file included from...
../Drivers/STM32F3xx_HAL_Driver/Inc\stm32f3xx_ll_gpio.h(29): warning: In file included from...
../Drivers/CMSIS/Device/ST/STM32F3xx/Include\stm32f3xx.h(134): warning: In file included from...
../Drivers/CMSIS/Device/ST/STM32F3xx/Include/stm32f303x8.h(52): warning: '__FPU_PRESENT' macro redefined [-Wmacro-redefined]
#define __FPU_PRESENT             1U       /*!< STM32F303x8 devices provide an FPU */
        ^
<command line>(11): note: previous definition is here
#define __FPU_PRESENT 1
        ^
1 warning generated.
compiling stm32f3xx_ll_gpio.c...
../Drivers/STM32F3xx_HAL_Driver/Src/stm32f3xx_ll_exti.c(22): warning: In file included from...
../Drivers/STM32F3xx_HAL_Driver/Inc\stm32f3xx_ll_exti.h(29): warning: In file included from...
../Drivers/CMSIS/Device/ST/STM32F3xx/Include\stm32f3xx.h(134): warning: In file included from...
../Drivers/CMSIS/Device/ST/STM32F3xx/Include/stm32f303x8.h(52): warning: '__FPU_PRESENT' macro redefined [-Wmacro-redefined]
#define __FPU_PRESENT             1U       /*!< STM32F303x8 devices provide an FPU */
        ^
<command line>(11): note: previous definition is here
#define __FPU_PRESENT 1
        ^
1 warning generated.
compiling stm32f3xx_ll_exti.c...
../Core/Src/stm32f3xx_hal_msp.c(22): warning: In file included from...
../Core/Inc\main.h(30): warning: In file included from...
../Drivers/STM32F3xx_HAL_Driver/Inc\stm32f3xx_hal.h(30): warning: In file included from...
../Core/Inc\stm32f3xx_hal_conf.h(199): warning: In file included from...
../Drivers/STM32F3xx_HAL_Driver/Inc\stm32f3xx_hal_rcc.h(29): warning: In file included from...
../Drivers/STM32F3xx_HAL_Driver/Inc/stm32f3xx_hal_def.h(30): warning: In file included from...
../Drivers/CMSIS/Device/ST/STM32F3xx/Include\stm32f3xx.h(134): warning: In file included from...
../Drivers/CMSIS/Device/ST/STM32F3xx/Include/stm32f303x8.h(52): warning: '__FPU_PRESENT' macro redefined [-Wmacro-redefined]
#define __FPU_PRESENT             1U       /*!< STM32F303x8 devices provide an FPU */
        ^
<command line>(11): note: previous definition is here
#define __FPU_PRESENT 1
        ^
1 warning generated.
compiling stm32f3xx_hal_msp.c...
../Core/Src/usart.c(21): warning: In file included from...
../Core/Inc\usart.h(29): warning: In file included from...
../Core/Inc/main.h(30): warning: In file included from...
../Drivers/STM32F3xx_HAL_Driver/Inc\stm32f3xx_hal.h(30): warning: In file included from...
../Core/Inc\stm32f3xx_hal_conf.h(199): warning: In file included from...
../Drivers/STM32F3xx_HAL_Driver/Inc\stm32f3xx_hal_rcc.h(29): warning: In file included from...
../Drivers/STM32F3xx_HAL_Driver/Inc/stm32f3xx_hal_def.h(30): warning: In file included from...
../Drivers/CMSIS/Device/ST/STM32F3xx/Include\stm32f3xx.h(134): warning: In file included from...
../Drivers/CMSIS/Device/ST/STM32F3xx/Include/stm32f303x8.h(52): warning: '__FPU_PRESENT' macro redefined [-Wmacro-redefined]
#define __FPU_PRESENT             1U       /*!< STM32F303x8 devices provide an FPU */
        ^
<command line>(11): note: previous definition is here
#define __FPU_PRESENT 1
        ^
1 warning generated.
compiling usart.c...
../Core/Src/crc.c(21): warning: In file included from...
../Core/Inc\crc.h(29): warning: In file included from...
../Core/Inc/main.h(30): warning: In file included from...
../Drivers/STM32F3xx_HAL_Driver/Inc\stm32f3xx_hal.h(30): warning: In file included from...
../Core/Inc\stm32f3xx_hal_conf.h(199): warning: In file included from...
../Drivers/STM32F3xx_HAL_Driver/Inc\stm32f3xx_hal_rcc.h(29): warning: In file included from...
../Drivers/STM32F3xx_HAL_Driver/Inc/stm32f3xx_hal_def.h(30): warning: In file included from...
../Drivers/CMSIS/Device/ST/STM32F3xx/Include\stm32f3xx.h(134): warning: In file included from...
../Drivers/CMSIS/Device/ST/STM32F3xx/Include/stm32f303x8.h(52): warning: '__FPU_PRESENT' macro redefined [-Wmacro-redefined]
#define __FPU_PRESENT             1U       /*!< STM32F303x8 devices provide an FPU */
        ^
<command line>(11): note: previous definition is here
#define __FPU_PRESENT 1
        ^
1 warning generated.
compiling crc.c...
../Drivers/STM32F3xx_HAL_Driver/Src/stm32f3xx_ll_rcc.c(22): warning: In file included from...
../Drivers/STM32F3xx_HAL_Driver/Inc\stm32f3xx_ll_rcc.h(29): warning: In file included from...
../Drivers/CMSIS/Device/ST/STM32F3xx/Include\stm32f3xx.h(134): warning: In file included from...
../Drivers/CMSIS/Device/ST/STM32F3xx/Include/stm32f303x8.h(52): warning: '__FPU_PRESENT' macro redefined [-Wmacro-redefined]
#define __FPU_PRESENT             1U       /*!< STM32F303x8 devices provide an FPU */
        ^
<command line>(11): note: previous definition is here
#define __FPU_PRESENT 1
        ^
1 warning generated.
compiling stm32f3xx_ll_rcc.c...
../Drivers/STM32F3xx_HAL_Driver/Src/stm32f3xx_ll_utils.c(20): warning: In file included from...
../Drivers/STM32F3xx_HAL_Driver/Inc\stm32f3xx_ll_rcc.h(29): warning: In file included from...
../Drivers/CMSIS/Device/ST/STM32F3xx/Include\stm32f3xx.h(134): warning: In file included from...
../Drivers/CMSIS/Device/ST/STM32F3xx/Include/stm32f303x8.h(52): warning: '__FPU_PRESENT' macro redefined [-Wmacro-redefined]
#define __FPU_PRESENT             1U       /*!< STM32F303x8 devices provide an FPU */
        ^
<command line>(11): note: previous definition is here
#define __FPU_PRESENT 1
        ^
1 warning generated.
compiling stm32f3xx_ll_utils.c...
../Core/Src/aiRun.c(1): warning: In file included from...
../Core/Inc\aiRun.h(6): warning: In file included from...
../Core/Inc/main.h(30): warning: In file included from...
../Drivers/STM32F3xx_HAL_Driver/Inc\stm32f3xx_hal.h(30): warning: In file included from...
../Core/Inc\stm32f3xx_hal_conf.h(199): warning: In file included from...
../Drivers/STM32F3xx_HAL_Driver/Inc\stm32f3xx_hal_rcc.h(29): warning: In file included from...
../Drivers/STM32F3xx_HAL_Driver/Inc/stm32f3xx_hal_def.h(30): warning: In file included from...
../Drivers/CMSIS/Device/ST/STM32F3xx/Include\stm32f3xx.h(134): warning: In file included from...
../Drivers/CMSIS/Device/ST/STM32F3xx/Include/stm32f303x8.h(52): warning: '__FPU_PRESENT' macro redefined [-Wmacro-redefined]
#define __FPU_PRESENT             1U       /*!< STM32F303x8 devices provide an FPU */
        ^
<command line>(11): note: previous definition is here
#define __FPU_PRESENT 1
        ^
../Core/Src/aiRun.c(211): warning: incompatible pointer types passing 'const union TwoFloat16 [16][31]' to parameter of type 'union TwoFloat16 *' [-Wincompatible-pointer-types]
    deconvert(dense1_wq,dense1_weight_float,16 * 62);
              ^~~~~~~~~
../Core/Src/aiRun.c(201): note: passing argument to parameter 'src' here
void deconvert(union TwoFloat16 *src, float* dest, int row) {
                                 ^
../Core/Src/aiRun.c(211): warning: incompatible pointer types passing 'float [62][16]' to parameter of type 'float *' [-Wincompatible-pointer-types]
    deconvert(dense1_wq,dense1_weight_float,16 * 62);
                        ^~~~~~~~~~~~~~~~~~~
../Core/Src/aiRun.c(201): note: passing argument to parameter 'dest' here
void deconvert(union TwoFloat16 *src, float* dest, int row) {
                                             ^
../Core/Src/aiRun.c(212): warning: incompatible pointer types passing 'const union TwoFloat16 [6][8]' to parameter of type 'union TwoFloat16 *' [-Wincompatible-pointer-types]
    deconvert(dense2_wq,dense2_weight_float,6 * 16);
              ^~~~~~~~~
../Core/Src/aiRun.c(201): note: passing argument to parameter 'src' here
void deconvert(union TwoFloat16 *src, float* dest, int row) {
                                 ^
../Core/Src/aiRun.c(212): warning: incompatible pointer types passing 'float [16][6]' to parameter of type 'float *' [-Wincompatible-pointer-types]
    deconvert(dense2_wq,dense2_weight_float,6 * 16);
                        ^~~~~~~~~~~~~~~~~~~
../Core/Src/aiRun.c(201): note: passing argument to parameter 'dest' here
void deconvert(union TwoFloat16 *src, float* dest, int row) {
                                             ^
../Core/Src/aiRun.c(213): warning: incompatible pointer types passing 'const union TwoFloat16 [2][3]' to parameter of type 'union TwoFloat16 *' [-Wincompatible-pointer-types]
    deconvert(dense3_wq,dense3_weight_float,2 * 6);
              ^~~~~~~~~
../Core/Src/aiRun.c(201): note: passing argument to parameter 'src' here
void deconvert(union TwoFloat16 *src, float* dest, int row) {
                                 ^
../Core/Src/aiRun.c(213): warning: incompatible pointer types passing 'float [6][2]' to parameter of type 'float *' [-Wincompatible-pointer-types]
    deconvert(dense3_wq,dense3_weight_float,2 * 6);
                        ^~~~~~~~~~~~~~~~~~~
../Core/Src/aiRun.c(201): note: passing argument to parameter 'dest' here
void deconvert(union TwoFloat16 *src, float* dest, int row) {
                                             ^
../Core/Src/aiRun.c(214): warning: passing 'const union TwoFloat16 [8]' to parameter of type 'union TwoFloat16 *' discards qualifiers [-Wincompatible-pointer-types-discards-qualifiers]
    deconvert(dense1_bq,dense1_bias_float,16);
              ^~~~~~~~~
../Core/Src/aiRun.c(201): note: passing argument to parameter 'src' here
void deconvert(union TwoFloat16 *src, float* dest, int row) {
                                 ^
../Core/Src/aiRun.c(215): warning: passing 'const union TwoFloat16 [3]' to parameter of type 'union TwoFloat16 *' discards qualifiers [-Wincompatible-pointer-types-discards-qualifiers]
    deconvert(dense2_bq,dense2_bias_float,6);
              ^~~~~~~~~
../Core/Src/aiRun.c(201): note: passing argument to parameter 'src' here
void deconvert(union TwoFloat16 *src, float* dest, int row) {
                                 ^
../Core/Src/aiRun.c(216): warning: passing 'const union TwoFloat16 [1]' to parameter of type 'union TwoFloat16 *' discards qualifiers [-Wincompatible-pointer-types-discards-qualifiers]
    deconvert(dense3_bq,dense3_bias_float,2);
              ^~~~~~~~~
../Core/Src/aiRun.c(201): note: passing argument to parameter 'src' here
void deconvert(union TwoFloat16 *src, float* dest, int row) {
                                 ^
../Core/Src/aiRun.c(238): warning: passing 'const float *' to parameter of type 'float *' discards qualifiers [-Wincompatible-pointer-types-discards-qualifiers]
    get_network_input(input, features);
                      ^~~~~
../Core/Src/aiRun.c(154): note: passing argument to parameter 'data' here
void get_network_input(float* data, float* features){
                              ^
11 warnings generated.
compiling aiRun.c...
../Core/Src/main.c(20): warning: In file included from...
../Core/Inc\main.h(30): warning: In file included from...
../Drivers/STM32F3xx_HAL_Driver/Inc\stm32f3xx_hal.h(30): warning: In file included from...
../Core/Inc\stm32f3xx_hal_conf.h(199): warning: In file included from...
../Drivers/STM32F3xx_HAL_Driver/Inc\stm32f3xx_hal_rcc.h(29): warning: In file included from...
../Drivers/STM32F3xx_HAL_Driver/Inc/stm32f3xx_hal_def.h(30): warning: In file included from...
../Drivers/CMSIS/Device/ST/STM32F3xx/Include\stm32f3xx.h(134): warning: In file included from...
../Drivers/CMSIS/Device/ST/STM32F3xx/Include/stm32f303x8.h(52): warning: '__FPU_PRESENT' macro redefined [-Wmacro-redefined]
#define __FPU_PRESENT             1U       /*!< STM32F303x8 devices provide an FPU */
        ^
<command line>(11): note: previous definition is here
#define __FPU_PRESENT 1
        ^
../Core/Src/main.c(140): warning: incompatible pointer types passing 'float [1][1250][1]' to parameter of type 'const float *' [-Wincompatible-pointer-types]
    aiRun(input, result);
          ^~~~~
../Core/Inc\aiRun.h(12): note: passing argument to parameter 'input' here
int aiRun(const float *input, float *result);
                       ^
2 warnings generated.
compiling main.c...
../Drivers/STM32F3xx_HAL_Driver/Src/stm32f3xx_hal_rcc_ex.c(25): warning: In file included from...
../Drivers/STM32F3xx_HAL_Driver/Inc\stm32f3xx_hal.h(30): warning: In file included from...
../Core/Inc\stm32f3xx_hal_conf.h(199): warning: In file included from...
../Drivers/STM32F3xx_HAL_Driver/Inc\stm32f3xx_hal_rcc.h(29): warning: In file included from...
../Drivers/STM32F3xx_HAL_Driver/Inc/stm32f3xx_hal_def.h(30): warning: In file included from...
../Drivers/CMSIS/Device/ST/STM32F3xx/Include\stm32f3xx.h(134): warning: In file included from...
../Drivers/CMSIS/Device/ST/STM32F3xx/Include/stm32f303x8.h(52): warning: '__FPU_PRESENT' macro redefined [-Wmacro-redefined]
#define __FPU_PRESENT             1U       /*!< STM32F303x8 devices provide an FPU */
        ^
<command line>(11): note: previous definition is here
#define __FPU_PRESENT 1
        ^
1 warning generated.
compiling stm32f3xx_hal_rcc_ex.c...
../Drivers/STM32F3xx_HAL_Driver/Src/stm32f3xx_hal.c(36): warning: In file included from...
../Drivers/STM32F3xx_HAL_Driver/Inc\stm32f3xx_hal.h(30): warning: In file included from...
../Core/Inc\stm32f3xx_hal_conf.h(199): warning: In file included from...
../Drivers/STM32F3xx_HAL_Driver/Inc\stm32f3xx_hal_rcc.h(29): warning: In file included from...
../Drivers/STM32F3xx_HAL_Driver/Inc/stm32f3xx_hal_def.h(30): warning: In file included from...
../Drivers/CMSIS/Device/ST/STM32F3xx/Include\stm32f3xx.h(134): warning: In file included from...
../Drivers/CMSIS/Device/ST/STM32F3xx/Include/stm32f303x8.h(52): warning: '__FPU_PRESENT' macro redefined [-Wmacro-redefined]
#define __FPU_PRESENT             1U       /*!< STM32F303x8 devices provide an FPU */
        ^
<command line>(11): note: previous definition is here
#define __FPU_PRESENT 1
        ^
1 warning generated.
compiling stm32f3xx_hal.c...
../Drivers/STM32F3xx_HAL_Driver/Src/stm32f3xx_hal_rcc.c(63): warning: In file included from...
../Drivers/STM32F3xx_HAL_Driver/Inc\stm32f3xx_hal.h(30): warning: In file included from...
../Core/Inc\stm32f3xx_hal_conf.h(199): warning: In file included from...
../Drivers/STM32F3xx_HAL_Driver/Inc\stm32f3xx_hal_rcc.h(29): warning: In file included from...
../Drivers/STM32F3xx_HAL_Driver/Inc/stm32f3xx_hal_def.h(30): warning: In file included from...
../Drivers/CMSIS/Device/ST/STM32F3xx/Include\stm32f3xx.h(134): warning: In file included from...
../Drivers/CMSIS/Device/ST/STM32F3xx/Include/stm32f303x8.h(52): warning: '__FPU_PRESENT' macro redefined [-Wmacro-redefined]
#define __FPU_PRESENT             1U       /*!< STM32F303x8 devices provide an FPU */
        ^
<command line>(11): note: previous definition is here
#define __FPU_PRESENT 1
        ^
1 warning generated.
compiling stm32f3xx_hal_rcc.c...
../Drivers/STM32F3xx_HAL_Driver/Src/stm32f3xx_hal_gpio.c(106): warning: In file included from...
../Drivers/STM32F3xx_HAL_Driver/Inc\stm32f3xx_hal.h(30): warning: In file included from...
../Core/Inc\stm32f3xx_hal_conf.h(199): warning: In file included from...
../Drivers/STM32F3xx_HAL_Driver/Inc\stm32f3xx_hal_rcc.h(29): warning: In file included from...
../Drivers/STM32F3xx_HAL_Driver/Inc/stm32f3xx_hal_def.h(30): warning: In file included from...
../Drivers/CMSIS/Device/ST/STM32F3xx/Include\stm32f3xx.h(134): warning: In file included from...
../Drivers/CMSIS/Device/ST/STM32F3xx/Include/stm32f303x8.h(52): warning: '__FPU_PRESENT' macro redefined [-Wmacro-redefined]
#define __FPU_PRESENT             1U       /*!< STM32F303x8 devices provide an FPU */
        ^
<command line>(11): note: previous definition is here
#define __FPU_PRESENT 1
        ^
1 warning generated.
compiling stm32f3xx_hal_gpio.c...
../Drivers/STM32F3xx_HAL_Driver/Src/stm32f3xx_hal_dma.c(78): warning: In file included from...
../Drivers/STM32F3xx_HAL_Driver/Inc\stm32f3xx_hal.h(30): warning: In file included from...
../Core/Inc\stm32f3xx_hal_conf.h(199): warning: In file included from...
../Drivers/STM32F3xx_HAL_Driver/Inc\stm32f3xx_hal_rcc.h(29): warning: In file included from...
../Drivers/STM32F3xx_HAL_Driver/Inc/stm32f3xx_hal_def.h(30): warning: In file included from...
../Drivers/CMSIS/Device/ST/STM32F3xx/Include\stm32f3xx.h(134): warning: In file included from...
../Drivers/CMSIS/Device/ST/STM32F3xx/Include/stm32f303x8.h(52): warning: '__FPU_PRESENT' macro redefined [-Wmacro-redefined]
#define __FPU_PRESENT             1U       /*!< STM32F303x8 devices provide an FPU */
        ^
<command line>(11): note: previous definition is here
#define __FPU_PRESENT 1
        ^
1 warning generated.
compiling stm32f3xx_hal_dma.c...
../Drivers/STM32F3xx_HAL_Driver/Src/stm32f3xx_hal_cortex.c(109): warning: In file included from...
../Drivers/STM32F3xx_HAL_Driver/Inc\stm32f3xx_hal.h(30): warning: In file included from...
../Core/Inc\stm32f3xx_hal_conf.h(199): warning: In file included from...
../Drivers/STM32F3xx_HAL_Driver/Inc\stm32f3xx_hal_rcc.h(29): warning: In file included from...
../Drivers/STM32F3xx_HAL_Driver/Inc/stm32f3xx_hal_def.h(30): warning: In file included from...
../Drivers/CMSIS/Device/ST/STM32F3xx/Include\stm32f3xx.h(134): warning: In file included from...
../Drivers/CMSIS/Device/ST/STM32F3xx/Include/stm32f303x8.h(52): warning: '__FPU_PRESENT' macro redefined [-Wmacro-redefined]
#define __FPU_PRESENT             1U       /*!< STM32F303x8 devices provide an FPU */
        ^
<command line>(11): note: previous definition is here
#define __FPU_PRESENT 1
        ^
1 warning generated.
compiling stm32f3xx_hal_cortex.c...
../Drivers/STM32F3xx_HAL_Driver/Src/stm32f3xx_hal_pwr.c(27): warning: In file included from...
../Drivers/STM32F3xx_HAL_Driver/Inc\stm32f3xx_hal.h(30): warning: In file included from...
../Core/Inc\stm32f3xx_hal_conf.h(199): warning: In file included from...
../Drivers/STM32F3xx_HAL_Driver/Inc\stm32f3xx_hal_rcc.h(29): warning: In file included from...
../Drivers/STM32F3xx_HAL_Driver/Inc/stm32f3xx_hal_def.h(30): warning: In file included from...
../Drivers/CMSIS/Device/ST/STM32F3xx/Include\stm32f3xx.h(134): warning: In file included from...
../Drivers/CMSIS/Device/ST/STM32F3xx/Include/stm32f303x8.h(52): warning: '__FPU_PRESENT' macro redefined [-Wmacro-redefined]
#define __FPU_PRESENT             1U       /*!< STM32F303x8 devices provide an FPU */
        ^
<command line>(11): note: previous definition is here
#define __FPU_PRESENT 1
        ^
1 warning generated.
compiling stm32f3xx_hal_pwr.c...
../Drivers/STM32F3xx_HAL_Driver/Src/stm32f3xx_hal_pwr_ex.c(26): warning: In file included from...
../Drivers/STM32F3xx_HAL_Driver/Inc\stm32f3xx_hal.h(30): warning: In file included from...
../Core/Inc\stm32f3xx_hal_conf.h(199): warning: In file included from...
../Drivers/STM32F3xx_HAL_Driver/Inc\stm32f3xx_hal_rcc.h(29): warning: In file included from...
../Drivers/STM32F3xx_HAL_Driver/Inc/stm32f3xx_hal_def.h(30): warning: In file included from...
../Drivers/CMSIS/Device/ST/STM32F3xx/Include\stm32f3xx.h(134): warning: In file included from...
../Drivers/CMSIS/Device/ST/STM32F3xx/Include/stm32f303x8.h(52): warning: '__FPU_PRESENT' macro redefined [-Wmacro-redefined]
#define __FPU_PRESENT             1U       /*!< STM32F303x8 devices provide an FPU */
        ^
<command line>(11): note: previous definition is here
#define __FPU_PRESENT 1
        ^
1 warning generated.
compiling stm32f3xx_hal_pwr_ex.c...
../Drivers/STM32F3xx_HAL_Driver/Src/stm32f3xx_hal_flash.c(85): warning: In file included from...
../Drivers/STM32F3xx_HAL_Driver/Inc\stm32f3xx_hal.h(30): warning: In file included from...
../Core/Inc\stm32f3xx_hal_conf.h(199): warning: In file included from...
../Drivers/STM32F3xx_HAL_Driver/Inc\stm32f3xx_hal_rcc.h(29): warning: In file included from...
../Drivers/STM32F3xx_HAL_Driver/Inc/stm32f3xx_hal_def.h(30): warning: In file included from...
../Drivers/CMSIS/Device/ST/STM32F3xx/Include\stm32f3xx.h(134): warning: In file included from...
../Drivers/CMSIS/Device/ST/STM32F3xx/Include/stm32f303x8.h(52): warning: '__FPU_PRESENT' macro redefined [-Wmacro-redefined]
#define __FPU_PRESENT             1U       /*!< STM32F303x8 devices provide an FPU */
        ^
<command line>(11): note: previous definition is here
#define __FPU_PRESENT 1
        ^
1 warning generated.
compiling stm32f3xx_hal_flash.c...
../Drivers/STM32F3xx_HAL_Driver/Src/stm32f3xx_hal_flash_ex.c(43): warning: In file included from...
../Drivers/STM32F3xx_HAL_Driver/Inc\stm32f3xx_hal.h(30): warning: In file included from...
../Core/Inc\stm32f3xx_hal_conf.h(199): warning: In file included from...
../Drivers/STM32F3xx_HAL_Driver/Inc\stm32f3xx_hal_rcc.h(29): warning: In file included from...
../Drivers/STM32F3xx_HAL_Driver/Inc/stm32f3xx_hal_def.h(30): warning: In file included from...
../Drivers/CMSIS/Device/ST/STM32F3xx/Include\stm32f3xx.h(134): warning: In file included from...
../Drivers/CMSIS/Device/ST/STM32F3xx/Include/stm32f303x8.h(52): warning: '__FPU_PRESENT' macro redefined [-Wmacro-redefined]
#define __FPU_PRESENT             1U       /*!< STM32F303x8 devices provide an FPU */
        ^
<command line>(11): note: previous definition is here
#define __FPU_PRESENT 1
        ^
1 warning generated.
compiling stm32f3xx_hal_flash_ex.c...
../Drivers/STM32F3xx_HAL_Driver/Src/stm32f3xx_hal_i2c_ex.c(50): warning: In file included from...
../Drivers/STM32F3xx_HAL_Driver/Inc\stm32f3xx_hal.h(30): warning: In file included from...
../Core/Inc\stm32f3xx_hal_conf.h(199): warning: In file included from...
../Drivers/STM32F3xx_HAL_Driver/Inc\stm32f3xx_hal_rcc.h(29): warning: In file included from...
../Drivers/STM32F3xx_HAL_Driver/Inc/stm32f3xx_hal_def.h(30): warning: In file included from...
../Drivers/CMSIS/Device/ST/STM32F3xx/Include\stm32f3xx.h(134): warning: In file included from...
../Drivers/CMSIS/Device/ST/STM32F3xx/Include/stm32f303x8.h(52): warning: '__FPU_PRESENT' macro redefined [-Wmacro-redefined]
#define __FPU_PRESENT             1U       /*!< STM32F303x8 devices provide an FPU */
        ^
<command line>(11): note: previous definition is here
#define __FPU_PRESENT 1
        ^
1 warning generated.
compiling stm32f3xx_hal_i2c_ex.c...
../Drivers/STM32F3xx_HAL_Driver/Src/stm32f3xx_hal_exti.c(87): warning: In file included from...
../Drivers/STM32F3xx_HAL_Driver/Inc\stm32f3xx_hal.h(30): warning: In file included from...
../Core/Inc\stm32f3xx_hal_conf.h(199): warning: In file included from...
../Drivers/STM32F3xx_HAL_Driver/Inc\stm32f3xx_hal_rcc.h(29): warning: In file included from...
../Drivers/STM32F3xx_HAL_Driver/Inc/stm32f3xx_hal_def.h(30): warning: In file included from...
../Drivers/CMSIS/Device/ST/STM32F3xx/Include\stm32f3xx.h(134): warning: In file included from...
../Drivers/CMSIS/Device/ST/STM32F3xx/Include/stm32f303x8.h(52): warning: '__FPU_PRESENT' macro redefined [-Wmacro-redefined]
#define __FPU_PRESENT             1U       /*!< STM32F303x8 devices provide an FPU */
        ^
<command line>(11): note: previous definition is here
#define __FPU_PRESENT 1
        ^
1 warning generated.
compiling stm32f3xx_hal_exti.c...
../Drivers/STM32F3xx_HAL_Driver/Src/stm32f3xx_hal_tim.c(187): warning: In file included from...
../Drivers/STM32F3xx_HAL_Driver/Inc\stm32f3xx_hal.h(30): warning: In file included from...
../Core/Inc\stm32f3xx_hal_conf.h(199): warning: In file included from...
../Drivers/STM32F3xx_HAL_Driver/Inc\stm32f3xx_hal_rcc.h(29): warning: In file included from...
../Drivers/STM32F3xx_HAL_Driver/Inc/stm32f3xx_hal_def.h(30): warning: In file included from...
../Drivers/CMSIS/Device/ST/STM32F3xx/Include\stm32f3xx.h(134): warning: In file included from...
../Drivers/CMSIS/Device/ST/STM32F3xx/Include/stm32f303x8.h(52): warning: '__FPU_PRESENT' macro redefined [-Wmacro-redefined]
#define __FPU_PRESENT             1U       /*!< STM32F303x8 devices provide an FPU */
        ^
<command line>(11): note: previous definition is here
#define __FPU_PRESENT 1
        ^
1 warning generated.
compiling stm32f3xx_hal_tim.c...
../Drivers/STM32F3xx_HAL_Driver/Src/stm32f3xx_hal_i2c.c(308): warning: In file included from...
../Drivers/STM32F3xx_HAL_Driver/Inc\stm32f3xx_hal.h(30): warning: In file included from...
../Core/Inc\stm32f3xx_hal_conf.h(199): warning: In file included from...
../Drivers/STM32F3xx_HAL_Driver/Inc\stm32f3xx_hal_rcc.h(29): warning: In file included from...
../Drivers/STM32F3xx_HAL_Driver/Inc/stm32f3xx_hal_def.h(30): warning: In file included from...
../Drivers/CMSIS/Device/ST/STM32F3xx/Include\stm32f3xx.h(134): warning: In file included from...
../Drivers/CMSIS/Device/ST/STM32F3xx/Include/stm32f303x8.h(52): warning: '__FPU_PRESENT' macro redefined [-Wmacro-redefined]
#define __FPU_PRESENT             1U       /*!< STM32F303x8 devices provide an FPU */
        ^
<command line>(11): note: previous definition is here
#define __FPU_PRESENT 1
        ^
1 warning generated.
compiling stm32f3xx_hal_i2c.c...
../Drivers/STM32F3xx_HAL_Driver/Src/stm32f3xx_hal_tim_ex.c(80): warning: In file included from...
../Drivers/STM32F3xx_HAL_Driver/Inc\stm32f3xx_hal.h(30): warning: In file included from...
../Core/Inc\stm32f3xx_hal_conf.h(199): warning: In file included from...
../Drivers/STM32F3xx_HAL_Driver/Inc\stm32f3xx_hal_rcc.h(29): warning: In file included from...
../Drivers/STM32F3xx_HAL_Driver/Inc/stm32f3xx_hal_def.h(30): warning: In file included from...
../Drivers/CMSIS/Device/ST/STM32F3xx/Include\stm32f3xx.h(134): warning: In file included from...
../Drivers/CMSIS/Device/ST/STM32F3xx/Include/stm32f303x8.h(52): warning: '__FPU_PRESENT' macro redefined [-Wmacro-redefined]
#define __FPU_PRESENT             1U       /*!< STM32F303x8 devices provide an FPU */
        ^
<command line>(11): note: previous definition is here
#define __FPU_PRESENT 1
        ^
1 warning generated.
compiling stm32f3xx_hal_tim_ex.c...
../Drivers/STM32F3xx_HAL_Driver/Src/stm32f3xx_hal_uart_ex.c(38): warning: In file included from...
../Drivers/STM32F3xx_HAL_Driver/Inc\stm32f3xx_hal.h(30): warning: In file included from...
../Core/Inc\stm32f3xx_hal_conf.h(199): warning: In file included from...
../Drivers/STM32F3xx_HAL_Driver/Inc\stm32f3xx_hal_rcc.h(29): warning: In file included from...
../Drivers/STM32F3xx_HAL_Driver/Inc/stm32f3xx_hal_def.h(30): warning: In file included from...
../Drivers/CMSIS/Device/ST/STM32F3xx/Include\stm32f3xx.h(134): warning: In file included from...
../Drivers/CMSIS/Device/ST/STM32F3xx/Include/stm32f303x8.h(52): warning: '__FPU_PRESENT' macro redefined [-Wmacro-redefined]
#define __FPU_PRESENT             1U       /*!< STM32F303x8 devices provide an FPU */
        ^
<command line>(11): note: previous definition is here
#define __FPU_PRESENT 1
        ^
1 warning generated.
compiling stm32f3xx_hal_uart_ex.c...
../Core/Src/system_stm32f3xx.c(69): warning: In file included from...
../Drivers/CMSIS/Device/ST/STM32F3xx/Include\stm32f3xx.h(134): warning: In file included from...
../Drivers/CMSIS/Device/ST/STM32F3xx/Include/stm32f303x8.h(52): warning: '__FPU_PRESENT' macro redefined [-Wmacro-redefined]
#define __FPU_PRESENT             1U       /*!< STM32F303x8 devices provide an FPU */
        ^
<command line>(11): note: previous definition is here
#define __FPU_PRESENT 1
        ^
1 warning generated.
compiling system_stm32f3xx.c...
../Drivers/STM32F3xx_HAL_Driver/Src/stm32f3xx_hal_uart.c(157): warning: In file included from...
../Drivers/STM32F3xx_HAL_Driver/Inc\stm32f3xx_hal.h(30): warning: In file included from...
../Core/Inc\stm32f3xx_hal_conf.h(199): warning: In file included from...
../Drivers/STM32F3xx_HAL_Driver/Inc\stm32f3xx_hal_rcc.h(29): warning: In file included from...
../Drivers/STM32F3xx_HAL_Driver/Inc/stm32f3xx_hal_def.h(30): warning: In file included from...
../Drivers/CMSIS/Device/ST/STM32F3xx/Include\stm32f3xx.h(134): warning: In file included from...
../Drivers/CMSIS/Device/ST/STM32F3xx/Include/stm32f303x8.h(52): warning: '__FPU_PRESENT' macro redefined [-Wmacro-redefined]
#define __FPU_PRESENT             1U       /*!< STM32F303x8 devices provide an FPU */
        ^
<command line>(11): note: previous definition is here
#define __FPU_PRESENT 1
        ^
1 warning generated.
compiling stm32f3xx_hal_uart.c...
linking...
Program Size: Code=11772 RO-data=2984 RW-data=36 ZI-data=13892  
"deploy2\deploy2.axf" - 0 Error(s), 42 Warning(s).

<h2>Software Packages used:</h2>

Package Vendor: ARM
                http://www.keil.com/pack/ARM.CMSIS.5.8.0.pack
                ARM.CMSIS.5.8.0
                CMSIS (Common Microcontroller Software Interface Standard)
   * Component: CORE Version: 5.5.0

Package Vendor: Keil
                http://www.keil.com/pack/Keil.STM32F3xx_DFP.2.2.0.pack
                Keil.STM32F3xx_DFP.2.2.0
                STMicroelectronics STM32F3 Series Device Support and Examples

<h2>Collection of Component include folders:</h2>
  .\RTE\_deploy2
  D:\ElectronicTool\Kail\Package\ARM\CMSIS\5.8.0\CMSIS\Core\Include
  D:\ElectronicTool\Kail\Package\Keil\STM32F3xx_DFP\2.2.0\Drivers\CMSIS\Device\ST\STM32F3xx\Include

<h2>Collection of Component Files used:</h2>

   * Component: ARM::CMSIS:CORE:5.5.0
      Include file:  CMSIS\Core\Include\tz_context.h
Build Time Elapsed:  00:00:03
</pre>
</body>
</html>
