Component: ARM Compiler 6.16 Tool: armlink [5dfeaa00]

==============================================================================

Section Cross References

    startup_stm32f303x8.o(RESET) refers to startup_stm32f303x8.o(STACK) for __initial_sp
    startup_stm32f303x8.o(RESET) refers to startup_stm32f303x8.o(.text) for Reset_Handler
    startup_stm32f303x8.o(RESET) refers to stm32f3xx_it.o(.text.SysTick_Handler) for SysTick_Handler
    startup_stm32f303x8.o(.text) refers to system_stm32f3xx.o(.text.SystemInit) for SystemInit
    startup_stm32f303x8.o(.text) refers to entry.o(.ARM.Collect$$$$00000000) for __main
    airun.o(.ARM.exidx.text.compare) refers to airun.o(.text.compare) for [Anonymous Symbol]
    airun.o(.text.cal_mean_std) refers to sqrtf.o(i.__hardfp_sqrtf) for __hardfp_sqrtf
    airun.o(.ARM.exidx.text.cal_mean_std) refers to airun.o(.text.cal_mean_std) for [Anonymous Symbol]
    airun.o(.text.get_feature) refers to malloc.o(i.malloc) for malloc
    airun.o(.text.get_feature) refers to airun.o(.text.OUTLINED_FUNCTION_3) for OUTLINED_FUNCTION_3
    airun.o(.text.get_feature) refers to airun.o(.text.OUTLINED_FUNCTION_0) for OUTLINED_FUNCTION_0
    airun.o(.text.get_feature) refers to airun.o(.text.cal_mean_std) for cal_mean_std
    airun.o(.text.get_feature) refers to malloc.o(i.free) for free
    airun.o(.text.get_feature) refers to memcpya.o(.text) for __aeabi_memcpy4
    airun.o(.text.get_feature) refers to airun.o(.text.compare) for compare
    airun.o(.text.get_feature) refers to airun.o(.text.OUTLINED_FUNCTION_2) for OUTLINED_FUNCTION_2
    airun.o(.text.get_feature) refers to airun.o(.text.OUTLINED_FUNCTION_1) for OUTLINED_FUNCTION_1
    airun.o(.ARM.exidx.text.get_feature) refers to airun.o(.text.get_feature) for [Anonymous Symbol]
    airun.o(.text.get_network_input) refers to airun.o(.text.cal_mean_std) for cal_mean_std
    airun.o(.text.get_network_input) refers to parameter.o(.rodata.factor) for factor
    airun.o(.text.get_network_input) refers to parameter.o(.rodata.threshold) for threshold
    airun.o(.text.get_network_input) refers to airun.o(.text.get_feature) for get_feature
    airun.o(.ARM.exidx.text.get_network_input) refers to airun.o(.text.get_network_input) for [Anonymous Symbol]
    airun.o(.text.dequant) refers to dflti.o(.text) for __aeabi_i2d
    airun.o(.text.dequant) refers to dmul.o(.text) for __aeabi_dmul
    airun.o(.text.dequant) refers to d2f.o(.text) for __aeabi_d2f
    airun.o(.ARM.exidx.text.dequant) refers to airun.o(.text.dequant) for [Anonymous Symbol]
    airun.o(.text.deconvert) refers to airun.o(.text.dequant) for dequant
    airun.o(.ARM.exidx.text.deconvert) refers to airun.o(.text.deconvert) for [Anonymous Symbol]
    airun.o(.text.Model_Init) refers to airun.o(.bss.dense1_weight_float) for dense1_weight_float
    airun.o(.text.Model_Init) refers to parameter.o(.rodata.dense1_wq) for dense1_wq
    airun.o(.text.Model_Init) refers to airun.o(.text.deconvert) for deconvert
    airun.o(.text.Model_Init) refers to parameter.o(.rodata.dense2_wq) for dense2_wq
    airun.o(.text.Model_Init) refers to airun.o(.bss.dense2_weight_float) for dense2_weight_float
    airun.o(.text.Model_Init) refers to airun.o(.bss..L_MergedGlobals) for .L_MergedGlobals
    airun.o(.text.Model_Init) refers to parameter.o(.rodata.dense3_wq) for dense3_wq
    airun.o(.text.Model_Init) refers to parameter.o(.rodata.dense1_bq) for dense1_bq
    airun.o(.text.Model_Init) refers to airun.o(.bss.dense1_bias_float) for dense1_bias_float
    airun.o(.text.Model_Init) refers to parameter.o(.rodata.dense2_bq) for dense2_bq
    airun.o(.text.Model_Init) refers to parameter.o(.rodata.dense3_bq) for dense3_bq
    airun.o(.text.Model_Init) refers to matrix.o(.text.Matrix_gen) for Matrix_gen
    airun.o(.ARM.exidx.text.Model_Init) refers to airun.o(.text.Model_Init) for [Anonymous Symbol]
    airun.o(.text.aiRun) refers to airun.o(.text.get_network_input) for get_network_input
    airun.o(.text.aiRun) refers to matrix.o(.text.Matrix_gen) for Matrix_gen
    airun.o(.text.aiRun) refers to airun.o(.bss..L_MergedGlobals) for .L_MergedGlobals
    airun.o(.text.aiRun) refers to matrix.o(.text.M_mul) for M_mul
    airun.o(.text.aiRun) refers to malloc.o(i.free) for free
    airun.o(.text.aiRun) refers to matrix.o(.text.M_add) for M_add
    airun.o(.text.aiRun) refers to matrix.o(.text.M_relu) for M_relu
    airun.o(.ARM.exidx.text.aiRun) refers to airun.o(.text.aiRun) for [Anonymous Symbol]
    airun.o(.ARM.exidx.text.OUTLINED_FUNCTION_0) refers to airun.o(.text.OUTLINED_FUNCTION_0) for [Anonymous Symbol]
    airun.o(.ARM.exidx.text.OUTLINED_FUNCTION_1) refers to airun.o(.text.OUTLINED_FUNCTION_1) for [Anonymous Symbol]
    airun.o(.text.OUTLINED_FUNCTION_2) refers to airun.o(.text.compare) for compare
    airun.o(.text.OUTLINED_FUNCTION_2) refers to qsort.o(.text) for qsort
[...]
    Removing stm32f3xx_hal_uart.o(.text.HAL_MultiProcessor_Init), (96 bytes).
    Removing stm32f3xx_hal_uart.o(.ARM.exidx.text.HAL_MultiProcessor_Init), (8 bytes).
    Removing stm32f3xx_hal_uart.o(.text.HAL_UART_DeInit), (52 bytes).
    Removing stm32f3xx_hal_uart.o(.ARM.exidx.text.HAL_UART_DeInit), (8 bytes).
    Removing stm32f3xx_hal_uart.o(.text.HAL_UART_MspDeInit), (2 bytes).
    Removing stm32f3xx_hal_uart.o(.ARM.exidx.text.HAL_UART_MspDeInit), (8 bytes).
    Removing stm32f3xx_hal_uart.o(.ARM.exidx.text.HAL_UART_Transmit), (8 bytes).
    Removing stm32f3xx_hal_uart.o(.ARM.exidx.text.UART_WaitOnFlagUntilTimeout), (8 bytes).
    Removing stm32f3xx_hal_uart.o(.ARM.exidx.text.HAL_UART_Receive), (8 bytes).
    Removing stm32f3xx_hal_uart.o(.text.HAL_UART_Transmit_IT), (96 bytes).
    Removing stm32f3xx_hal_uart.o(.ARM.exidx.text.HAL_UART_Transmit_IT), (8 bytes).
    Removing stm32f3xx_hal_uart.o(.text.UART_TxISR_16BIT), (44 bytes).
    Removing stm32f3xx_hal_uart.o(.ARM.exidx.text.UART_TxISR_16BIT), (8 bytes).
    Removing stm32f3xx_hal_uart.o(.text.UART_TxISR_8BIT), (40 bytes).
    Removing stm32f3xx_hal_uart.o(.ARM.exidx.text.UART_TxISR_8BIT), (8 bytes).
    Removing stm32f3xx_hal_uart.o(.text.HAL_UART_Receive_IT), (154 bytes).
    Removing stm32f3xx_hal_uart.o(.ARM.exidx.text.HAL_UART_Receive_IT), (8 bytes).
    Removing stm32f3xx_hal_uart.o(.text.UART_RxISR_16BIT), (50 bytes).
    Removing stm32f3xx_hal_uart.o(.ARM.exidx.text.UART_RxISR_16BIT), (8 bytes).
    Removing stm32f3xx_hal_uart.o(.text.UART_RxISR_8BIT), (54 bytes).
    Removing stm32f3xx_hal_uart.o(.ARM.exidx.text.UART_RxISR_8BIT), (8 bytes).
    Removing stm32f3xx_hal_uart.o(.text.HAL_UART_Transmit_DMA), (128 bytes).
    Removing stm32f3xx_hal_uart.o(.ARM.exidx.text.HAL_UART_Transmit_DMA), (8 bytes).
    Removing stm32f3xx_hal_uart.o(.text.UART_DMATransmitCplt), (38 bytes).
    Removing stm32f3xx_hal_uart.o(.ARM.exidx.text.UART_DMATransmitCplt), (8 bytes).
    Removing stm32f3xx_hal_uart.o(.text.UART_DMATxHalfCplt), (6 bytes).
    Removing stm32f3xx_hal_uart.o(.ARM.exidx.text.UART_DMATxHalfCplt), (8 bytes).
    Removing stm32f3xx_hal_uart.o(.text.UART_DMAError), (82 bytes).
    Removing stm32f3xx_hal_uart.o(.ARM.exidx.text.UART_DMAError), (8 bytes).
    Removing stm32f3xx_hal_uart.o(.text.HAL_UART_Receive_DMA), (138 bytes).
    Removing stm32f3xx_hal_uart.o(.ARM.exidx.text.HAL_UART_Receive_DMA), (8 bytes).
    Removing stm32f3xx_hal_uart.o(.text.UART_DMAReceiveCplt), (32 bytes).
    Removing stm32f3xx_hal_uart.o(.ARM.exidx.text.UART_DMAReceiveCplt), (8 bytes).
    Removing stm32f3xx_hal_uart.o(.text.UART_DMARxHalfCplt), (6 bytes).
    Removing stm32f3xx_hal_uart.o(.ARM.exidx.text.UART_DMARxHalfCplt), (8 bytes).
    Removing stm32f3xx_hal_uart.o(.text.HAL_UART_DMAPause), (66 bytes).
    Removing stm32f3xx_hal_uart.o(.ARM.exidx.text.HAL_UART_DMAPause), (8 bytes).
    Removing stm32f3xx_hal_uart.o(.text.HAL_UART_DMAResume), (74 bytes).
    Removing stm32f3xx_hal_uart.o(.ARM.exidx.text.HAL_UART_DMAResume), (8 bytes).
    Removing stm32f3xx_hal_uart.o(.text.HAL_UART_DMAStop), (118 bytes).
    Removing stm32f3xx_hal_uart.o(.ARM.exidx.text.HAL_UART_DMAStop), (8 bytes).
    Removing stm32f3xx_hal_uart.o(.text.UART_EndRxTransfer), (28 bytes).
    Removing stm32f3xx_hal_uart.o(.ARM.exidx.text.UART_EndRxTransfer), (8 bytes).
    Removing stm32f3xx_hal_uart.o(.text.HAL_UART_Abort), (114 bytes).
    Removing stm32f3xx_hal_uart.o(.ARM.exidx.text.HAL_UART_Abort), (8 bytes).
    Removing stm32f3xx_hal_uart.o(.text.HAL_UART_AbortTransmit), (50 bytes).
    Removing stm32f3xx_hal_uart.o(.ARM.exidx.text.HAL_UART_AbortTransmit), (8 bytes).
    Removing stm32f3xx_hal_uart.o(.text.HAL_UART_AbortReceive), (76 bytes).
    Removing stm32f3xx_hal_uart.o(.ARM.exidx.text.HAL_UART_AbortReceive), (8 bytes).
    Removing stm32f3xx_hal_uart.o(.text.HAL_UART_Abort_IT), (178 bytes).
    Removing stm32f3xx_hal_uart.o(.ARM.exidx.text.HAL_UART_Abort_IT), (8 bytes).
    Removing stm32f3xx_hal_uart.o(.text.UART_DMATxAbortCallback), (38 bytes).
    Removing stm32f3xx_hal_uart.o(.ARM.exidx.text.UART_DMATxAbortCallback), (8 bytes).
    Removing stm32f3xx_hal_uart.o(.text.UART_DMARxAbortCallback), (46 bytes).
    Removing stm32f3xx_hal_uart.o(.ARM.exidx.text.UART_DMARxAbortCallback), (8 bytes).
    Removing stm32f3xx_hal_uart.o(.text.HAL_UART_AbortCpltCallback), (2 bytes).
    Removing stm32f3xx_hal_uart.o(.ARM.exidx.text.HAL_UART_AbortCpltCallback), (8 bytes).
    Removing stm32f3xx_hal_uart.o(.text.HAL_UART_AbortTransmit_IT), (60 bytes).
    Removing stm32f3xx_hal_uart.o(.ARM.exidx.text.HAL_UART_AbortTransmit_IT), (8 bytes).
    Removing stm32f3xx_hal_uart.o(.text.UART_DMATxOnlyAbortCallback), (16 bytes).
    Removing stm32f3xx_hal_uart.o(.ARM.exidx.text.UART_DMATxOnlyAbortCallback), (8 bytes).
    Removing stm32f3xx_hal_uart.o(.text.HAL_UART_AbortTransmitCpltCallback), (2 bytes).
    Removing stm32f3xx_hal_uart.o(.ARM.exidx.text.HAL_UART_AbortTransmitCpltCallback), (8 bytes).
    Removing stm32f3xx_hal_uart.o(.text.HAL_UART_AbortReceive_IT), (104 bytes).
    Removing stm32f3xx_hal_uart.o(.ARM.exidx.text.HAL_UART_AbortReceive_IT), (8 bytes).
    Removing stm32f3xx_hal_uart.o(.text.UART_DMARxOnlyAbortCallback), (30 bytes).
    Removing stm32f3xx_hal_uart.o(.ARM.exidx.text.UART_DMARxOnlyAbortCallback), (8 bytes).
    Removing stm32f3xx_hal_uart.o(.text.HAL_UART_AbortReceiveCpltCallback), (2 bytes).
    Removing stm32f3xx_hal_uart.o(.ARM.exidx.text.HAL_UART_AbortReceiveCpltCallback), (8 bytes).
    Removing stm32f3xx_hal_uart.o(.text.HAL_UART_IRQHandler), (328 bytes).
    Removing stm32f3xx_hal_uart.o(.ARM.exidx.text.HAL_UART_IRQHandler), (8 bytes).
    Removing stm32f3xx_hal_uart.o(.text.UART_DMAAbortOnError), (16 bytes).
    Removing stm32f3xx_hal_uart.o(.ARM.exidx.text.UART_DMAAbortOnError), (8 bytes).
    Removing stm32f3xx_hal_uart.o(.text.HAL_UART_ErrorCallback), (2 bytes).
    Removing stm32f3xx_hal_uart.o(.ARM.exidx.text.HAL_UART_ErrorCallback), (8 bytes).
    Removing stm32f3xx_hal_uart.o(.text.HAL_UART_TxCpltCallback), (2 bytes).
    Removing stm32f3xx_hal_uart.o(.ARM.exidx.text.HAL_UART_TxCpltCallback), (8 bytes).
    Removing stm32f3xx_hal_uart.o(.text.HAL_UART_TxHalfCpltCallback), (2 bytes).
    Removing stm32f3xx_hal_uart.o(.ARM.exidx.text.HAL_UART_TxHalfCpltCallback), (8 bytes).
    Removing stm32f3xx_hal_uart.o(.text.HAL_UART_RxCpltCallback), (2 bytes).
    Removing stm32f3xx_hal_uart.o(.ARM.exidx.text.HAL_UART_RxCpltCallback), (8 bytes).
    Removing stm32f3xx_hal_uart.o(.text.HAL_UART_RxHalfCpltCallback), (2 bytes).
    Removing stm32f3xx_hal_uart.o(.ARM.exidx.text.HAL_UART_RxHalfCpltCallback), (8 bytes).
    Removing stm32f3xx_hal_uart.o(.text.HAL_UART_ReceiverTimeout_Config), (14 bytes).
    Removing stm32f3xx_hal_uart.o(.ARM.exidx.text.HAL_UART_ReceiverTimeout_Config), (8 bytes).
    Removing stm32f3xx_hal_uart.o(.text.HAL_UART_EnableReceiverTimeout), (46 bytes).
    Removing stm32f3xx_hal_uart.o(.ARM.exidx.text.HAL_UART_EnableReceiverTimeout), (8 bytes).
    Removing stm32f3xx_hal_uart.o(.text.HAL_UART_DisableReceiverTimeout), (46 bytes).
    Removing stm32f3xx_hal_uart.o(.ARM.exidx.text.HAL_UART_DisableReceiverTimeout), (8 bytes).
    Removing stm32f3xx_hal_uart.o(.text.HAL_MultiProcessor_EnableMuteMode), (28 bytes).
    Removing stm32f3xx_hal_uart.o(.ARM.exidx.text.HAL_MultiProcessor_EnableMuteMode), (8 bytes).
    Removing stm32f3xx_hal_uart.o(.text.HAL_MultiProcessor_DisableMuteMode), (28 bytes).
    Removing stm32f3xx_hal_uart.o(.ARM.exidx.text.HAL_MultiProcessor_DisableMuteMode), (8 bytes).
    Removing stm32f3xx_hal_uart.o(.text.HAL_MultiProcessor_EnterMuteMode), (12 bytes).
    Removing stm32f3xx_hal_uart.o(.ARM.exidx.text.HAL_MultiProcessor_EnterMuteMode), (8 bytes).
    Removing stm32f3xx_hal_uart.o(.text.HAL_HalfDuplex_EnableTransmitter), (48 bytes).
    Removing stm32f3xx_hal_uart.o(.ARM.exidx.text.HAL_HalfDuplex_EnableTransmitter), (8 bytes).
    Removing stm32f3xx_hal_uart.o(.text.HAL_HalfDuplex_EnableReceiver), (48 bytes).
    Removing stm32f3xx_hal_uart.o(.ARM.exidx.text.HAL_HalfDuplex_EnableReceiver), (8 bytes).
    Removing stm32f3xx_hal_uart.o(.text.HAL_LIN_SendBreak), (40 bytes).
    Removing stm32f3xx_hal_uart.o(.ARM.exidx.text.HAL_LIN_SendBreak), (8 bytes).
    Removing stm32f3xx_hal_uart.o(.text.HAL_UART_GetState), (8 bytes).
    Removing stm32f3xx_hal_uart.o(.ARM.exidx.text.HAL_UART_GetState), (8 bytes).
    Removing stm32f3xx_hal_uart.o(.text.HAL_UART_GetError), (4 bytes).
    Removing stm32f3xx_hal_uart.o(.ARM.exidx.text.HAL_UART_GetError), (8 bytes).
    Removing stm32f3xx_hal_uart.o(.ARM.exidx.text.OUTLINED_FUNCTION_0), (8 bytes).
    Removing stm32f3xx_hal_uart.o(.text.OUTLINED_FUNCTION_1), (28 bytes).
    Removing stm32f3xx_hal_uart.o(.ARM.exidx.text.OUTLINED_FUNCTION_1), (8 bytes).
    Removing stm32f3xx_hal_uart.o(.ARM.exidx.text.OUTLINED_FUNCTION_2), (8 bytes).
    Removing stm32f3xx_hal_uart.o(.text.OUTLINED_FUNCTION_3), (20 bytes).
    Removing stm32f3xx_hal_uart.o(.ARM.exidx.text.OUTLINED_FUNCTION_3), (8 bytes).
    Removing stm32f3xx_hal_uart.o(.ARM.exidx.text.OUTLINED_FUNCTION_4), (8 bytes).
    Removing stm32f3xx_hal_uart.o(.text.OUTLINED_FUNCTION_5), (26 bytes).
    Removing stm32f3xx_hal_uart.o(.ARM.exidx.text.OUTLINED_FUNCTION_5), (8 bytes).
    Removing stm32f3xx_hal_uart.o(.text.OUTLINED_FUNCTION_6), (14 bytes).
    Removing stm32f3xx_hal_uart.o(.ARM.exidx.text.OUTLINED_FUNCTION_6), (8 bytes).
    Removing stm32f3xx_hal_uart.o(.text.OUTLINED_FUNCTION_7), (14 bytes).
    Removing stm32f3xx_hal_uart.o(.ARM.exidx.text.OUTLINED_FUNCTION_7), (8 bytes).
    Removing stm32f3xx_hal_uart.o(.text.OUTLINED_FUNCTION_8), (16 bytes).
    Removing stm32f3xx_hal_uart.o(.ARM.exidx.text.OUTLINED_FUNCTION_8), (8 bytes).
    Removing stm32f3xx_hal_uart.o(.text.OUTLINED_FUNCTION_9), (8 bytes).
    Removing stm32f3xx_hal_uart.o(.ARM.exidx.text.OUTLINED_FUNCTION_9), (8 bytes).
    Removing stm32f3xx_hal_uart.o(.ARM.exidx.text.OUTLINED_FUNCTION_10), (8 bytes).
    Removing stm32f3xx_hal_uart.o(.text.OUTLINED_FUNCTION_11), (18 bytes).
    Removing stm32f3xx_hal_uart.o(.ARM.exidx.text.OUTLINED_FUNCTION_11), (8 bytes).
    Removing stm32f3xx_hal_uart.o(.ARM.exidx.text.OUTLINED_FUNCTION_12), (8 bytes).
    Removing stm32f3xx_hal_uart.o(.text.OUTLINED_FUNCTION_13), (16 bytes).
    Removing stm32f3xx_hal_uart.o(.ARM.exidx.text.OUTLINED_FUNCTION_13), (8 bytes).
    Removing stm32f3xx_hal_uart.o(.ARM.exidx.text.OUTLINED_FUNCTION_14), (8 bytes).
    Removing stm32f3xx_hal_uart.o(.text.OUTLINED_FUNCTION_15), (10 bytes).
    Removing stm32f3xx_hal_uart.o(.ARM.exidx.text.OUTLINED_FUNCTION_15), (8 bytes).
    Removing stm32f3xx_hal_uart.o(.text.OUTLINED_FUNCTION_16), (14 bytes).
    Removing stm32f3xx_hal_uart.o(.ARM.exidx.text.OUTLINED_FUNCTION_16), (8 bytes).
    Removing stm32f3xx_hal_uart.o(.text.OUTLINED_FUNCTION_17), (10 bytes).
    Removing stm32f3xx_hal_uart.o(.ARM.exidx.text.OUTLINED_FUNCTION_17), (8 bytes).
    Removing stm32f3xx_hal_uart.o(.text.OUTLINED_FUNCTION_18), (14 bytes).
    Removing stm32f3xx_hal_uart.o(.ARM.exidx.text.OUTLINED_FUNCTION_18), (8 bytes).
    Removing stm32f3xx_hal_uart.o(.ARM.exidx.text.OUTLINED_FUNCTION_19), (8 bytes).
    Removing stm32f3xx_hal_uart.o(.ARM.exidx.text.OUTLINED_FUNCTION_20), (8 bytes).
    Removing stm32f3xx_hal_uart_ex.o(.text), (0 bytes).
    Removing stm32f3xx_hal_uart_ex.o(.text.HAL_RS485Ex_Init), (120 bytes).
    Removing stm32f3xx_hal_uart_ex.o(.ARM.exidx.text.HAL_RS485Ex_Init), (8 bytes).
    Removing stm32f3xx_hal_uart_ex.o(.text.HAL_UARTEx_WakeupCallback), (2 bytes).
    Removing stm32f3xx_hal_uart_ex.o(.ARM.exidx.text.HAL_UARTEx_WakeupCallback), (8 bytes).
    Removing stm32f3xx_hal_uart_ex.o(.text.HAL_MultiProcessorEx_AddressLength_Set), (42 bytes).
    Removing stm32f3xx_hal_uart_ex.o(.ARM.exidx.text.HAL_MultiProcessorEx_AddressLength_Set), (8 bytes).
    Removing stm32f3xx_hal_uart_ex.o(.text.HAL_UARTEx_StopModeWakeUpSourceConfig), (124 bytes).
    Removing stm32f3xx_hal_uart_ex.o(.ARM.exidx.text.HAL_UARTEx_StopModeWakeUpSourceConfig), (8 bytes).
    Removing stm32f3xx_hal_uart_ex.o(.text.HAL_UARTEx_EnableStopMode), (32 bytes).
    Removing stm32f3xx_hal_uart_ex.o(.ARM.exidx.text.HAL_UARTEx_EnableStopMode), (8 bytes).
    Removing stm32f3xx_hal_uart_ex.o(.text.HAL_UARTEx_DisableStopMode), (32 bytes).
    Removing stm32f3xx_hal_uart_ex.o(.ARM.exidx.text.HAL_UARTEx_DisableStopMode), (8 bytes).
    Removing system_stm32f3xx.o(.text), (0 bytes).
    Removing system_stm32f3xx.o(.ARM.exidx.text.SystemInit), (8 bytes).
    Removing system_stm32f3xx.o(.text.SystemCoreClockUpdate), (98 bytes).
    Removing system_stm32f3xx.o(.ARM.exidx.text.SystemCoreClockUpdate), (8 bytes).
    Removing system_stm32f3xx.o(.rodata.AHBPrescTable), (16 bytes).

947 unused section(s) (total 26464 bytes) removed from the image.

==============================================================================

Image Symbol Table

    Local Symbols

    Symbol Name                              Value     Ov Type        Size  Object(Section)

    ../clib/division.s                       0x00000000   Number         0  aeabi_sdiv.o ABSOLUTE
    ../clib/microlib/ctype/ctype.c           0x00000000   Number         0  isspace_c.o ABSOLUTE
    ../clib/microlib/ctype/ctype.c           0x00000000   Number         0  ctype_c.o ABSOLUTE
    ../clib/microlib/division.c              0x00000000   Number         0  uidiv.o ABSOLUTE
    ../clib/microlib/division.c              0x00000000   Number         0  uldiv.o ABSOLUTE
    ../clib/microlib/errno.c                 0x00000000   Number         0  errno.o ABSOLUTE
    ../clib/microlib/init/entry.s            0x00000000   Number         0  entry.o ABSOLUTE
    ../clib/microlib/init/entry.s            0x00000000   Number         0  entry2.o ABSOLUTE
    ../clib/microlib/init/entry.s            0x00000000   Number         0  entry5.o ABSOLUTE
    ../clib/microlib/init/entry.s            0x00000000   Number         0  entry7a.o ABSOLUTE
    ../clib/microlib/init/entry.s            0x00000000   Number         0  entry7b.o ABSOLUTE
    ../clib/microlib/init/entry.s            0x00000000   Number         0  entry8a.o ABSOLUTE
    ../clib/microlib/init/entry.s            0x00000000   Number         0  entry8b.o ABSOLUTE
    ../clib/microlib/init/entry.s            0x00000000   Number         0  entry9a.o ABSOLUTE
    ../clib/microlib/init/entry.s            0x00000000   Number         0  entry9b.o ABSOLUTE
    ../clib/microlib/init/entry.s            0x00000000   Number         0  entry10a.o ABSOLUTE
    ../clib/microlib/init/entry.s            0x00000000   Number         0  entry10b.o ABSOLUTE
    ../clib/microlib/init/entry.s            0x00000000   Number         0  entry11a.o ABSOLUTE
    ../clib/microlib/init/entry.s            0x00000000   Number         0  entry11b.o ABSOLUTE
    ../clib/microlib/longlong.c              0x00000000   Number         0  llushr.o ABSOLUTE
    ../clib/microlib/longlong.c              0x00000000   Number         0  llshl.o ABSOLUTE
    ../clib/microlib/longlong.c              0x00000000   Number         0  llsshr.o ABSOLUTE
    ../clib/microlib/malloc/malloc.c         0x00000000   Number         0  malloc.o ABSOLUTE
    ../clib/microlib/malloc/malloc.c         0x00000000   Number         0  mallocr.o ABSOLUTE
    ../clib/microlib/malloc/malloc.c         0x00000000   Number         0  malloca.o ABSOLUTE
    ../clib/microlib/malloc/malloc.c         0x00000000   Number         0  mallocra.o ABSOLUTE
    ../clib/microlib/malloc/mvars.c          0x00000000   Number         0  mvars.o ABSOLUTE
    ../clib/microlib/printf/printf.c         0x00000000   Number         0  printfb.o ABSOLUTE
    ../clib/microlib/printf/printf.c         0x00000000   Number         0  printf0.o ABSOLUTE
    ../clib/microlib/printf/printf.c         0x00000000   Number         0  printf1.o ABSOLUTE
    ../clib/microlib/printf/printf.c         0x00000000   Number         0  printf2.o ABSOLUTE
    ../clib/microlib/printf/printf.c         0x00000000   Number         0  printf3.o ABSOLUTE
    ../clib/microlib/printf/printf.c         0x00000000   Number         0  printf4.o ABSOLUTE
    ../clib/microlib/printf/printf.c         0x00000000   Number         0  printf5.o ABSOLUTE
    ../clib/microlib/printf/printf.c         0x00000000   Number         0  printf6.o ABSOLUTE
    ../clib/microlib/printf/printf.c         0x00000000   Number         0  printf7.o ABSOLUTE
    ../clib/microlib/printf/printf.c         0x00000000   Number         0  printf8.o ABSOLUTE
    ../clib/microlib/printf/printf.c         0x00000000   Number         0  printfa.o ABSOLUTE
    ../clib/microlib/printf/stubs.s          0x00000000   Number         0  printfstubs.o ABSOLUTE
    ../clib/microlib/stdio/fgetc.c           0x00000000   Number         0  fgetc_b.o ABSOLUTE
    ../clib/microlib/stdio/puts.c            0x00000000   Number         0  puts.o ABSOLUTE
    ../clib/microlib/stdio/puts.c            0x00000000   Number         0  puts_e.o ABSOLUTE
    ../clib/microlib/stdio/semi.s            0x00000000   Number         0  semi.o ABSOLUTE
    ../clib/microlib/stdio/streams.c         0x00000000   Number         0  stdin.o ABSOLUTE
    ../clib/microlib/stdio/streams.c         0x00000000   Number         0  stdout.o ABSOLUTE
    ../clib/microlib/stdlib/qsort.c          0x00000000   Number         0  qsort.o ABSOLUTE
    ../clib/microlib/string/memcpy.c         0x00000000   Number         0  memcpya.o ABSOLUTE
    ../clib/microlib/string/memcpy.c         0x00000000   Number         0  memcpyb.o ABSOLUTE
    ../clib/microlib/string/memset.c         0x00000000   Number         0  memseta.o ABSOLUTE
    ../clib/microlib/stubs.s                 0x00000000   Number         0  iusefp.o ABSOLUTE
    ../clib/microlib/stubs.s                 0x00000000   Number         0  iusesemig.o ABSOLUTE
    ../clib/scanf.c                          0x00000000   Number         0  __0scanf.o ABSOLUTE
    ../clib/scanf.c                          0x00000000   Number         0  _scanf_int.o ABSOLUTE
    ../clib/scanf.c                          0x00000000   Number         0  scanf_fp.o ABSOLUTE
    ../clib/scanf.c                          0x00000000   Number         0  _chval.o ABSOLUTE
    ../clib/scanf.c                          0x00000000   Number         0  scanf_char_file.o ABSOLUTE
    ../clib/scanf.c                          0x00000000   Number         0  scanf_char.o ABSOLUTE
    ../clib/scanf.c                          0x00000000   Number         0  _scanf.o ABSOLUTE
    ../fplib/microlib/d2f.c                  0x00000000   Number         0  d2f.o ABSOLUTE
    ../fplib/microlib/fpadd.c                0x00000000   Number         0  dadd.o ABSOLUTE
    ../fplib/microlib/fpdiv.c                0x00000000   Number         0  ddiv.o ABSOLUTE
    ../fplib/microlib/fpepilogue.c           0x00000000   Number         0  fepilogue.o ABSOLUTE
    ../fplib/microlib/fpepilogue.c           0x00000000   Number         0  depilogue.o ABSOLUTE
    ../fplib/microlib/fpfix.c                0x00000000   Number         0  dfixul.o ABSOLUTE
    ../fplib/microlib/fpflt.c                0x00000000   Number         0  dflti.o ABSOLUTE
    ../fplib/microlib/fpflt.c                0x00000000   Number         0  dfltui.o ABSOLUTE
    ../fplib/microlib/fpflt.c                0x00000000   Number         0  dfltul.o ABSOLUTE
    ../fplib/microlib/fpmul.c                0x00000000   Number         0  dmul.o ABSOLUTE
    ../mathlib/sqrtf.c                       0x00000000   Number         0  sqrtf.o ABSOLUTE
    aiRun.c                                  0x00000000   Number         0  airun.o ABSOLUTE
    cdrcmple.s                               0x00000000   Number         0  cdrcmple.o ABSOLUTE
    crc.c                                    0x00000000   Number         0  crc.o ABSOLUTE
    dc.s                                     0x00000000   Number         0  dc.o ABSOLUTE
    gpio.c                                   0x00000000   Number         0  gpio.o ABSOLUTE
    handlers.s                               0x00000000   Number         0  handlers.o ABSOLUTE
    init.s                                   0x00000000   Number         0  init.o ABSOLUTE
    main.c                                   0x00000000   Number         0  main.o ABSOLUTE
    matrix.c                                 0x00000000   Number         0  matrix.o ABSOLUTE
    parameter.c                              0x00000000   Number         0  parameter.o ABSOLUTE
    startup_stm32f303x8.s                    0x00000000   Number         0  startup_stm32f303x8.o ABSOLUTE
    stm32f3xx_hal.c                          0x00000000   Number         0  stm32f3xx_hal.o ABSOLUTE
    stm32f3xx_hal_cortex.c                   0x00000000   Number         0  stm32f3xx_hal_cortex.o ABSOLUTE
    stm32f3xx_hal_dma.c                      0x00000000   Number         0  stm32f3xx_hal_dma.o ABSOLUTE
    stm32f3xx_hal_exti.c                     0x00000000   Number         0  stm32f3xx_hal_exti.o ABSOLUTE
    stm32f3xx_hal_flash.c                    0x00000000   Number         0  stm32f3xx_hal_flash.o ABSOLUTE
    stm32f3xx_hal_flash_ex.c                 0x00000000   Number         0  stm32f3xx_hal_flash_ex.o ABSOLUTE
    stm32f3xx_hal_gpio.c                     0x00000000   Number         0  stm32f3xx_hal_gpio.o ABSOLUTE
    stm32f3xx_hal_i2c.c                      0x00000000   Number         0  stm32f3xx_hal_i2c.o ABSOLUTE
    stm32f3xx_hal_i2c_ex.c                   0x00000000   Number         0  stm32f3xx_hal_i2c_ex.o ABSOLUTE
    stm32f3xx_hal_msp.c                      0x00000000   Number         0  stm32f3xx_hal_msp.o ABSOLUTE
    stm32f3xx_hal_pwr.c                      0x00000000   Number         0  stm32f3xx_hal_pwr.o ABSOLUTE
    stm32f3xx_hal_pwr_ex.c                   0x00000000   Number         0  stm32f3xx_hal_pwr_ex.o ABSOLUTE
    stm32f3xx_hal_rcc.c                      0x00000000   Number         0  stm32f3xx_hal_rcc.o ABSOLUTE
    stm32f3xx_hal_rcc_ex.c                   0x00000000   Number         0  stm32f3xx_hal_rcc_ex.o ABSOLUTE
    stm32f3xx_hal_tim.c                      0x00000000   Number         0  stm32f3xx_hal_tim.o ABSOLUTE
    stm32f3xx_hal_tim_ex.c                   0x00000000   Number         0  stm32f3xx_hal_tim_ex.o ABSOLUTE
    stm32f3xx_hal_uart.c                     0x00000000   Number         0  stm32f3xx_hal_uart.o ABSOLUTE
    stm32f3xx_hal_uart_ex.c                  0x00000000   Number         0  stm32f3xx_hal_uart_ex.o ABSOLUTE
    stm32f3xx_it.c                           0x00000000   Number         0  stm32f3xx_it.o ABSOLUTE
    stm32f3xx_ll_crc.c                       0x00000000   Number         0  stm32f3xx_ll_crc.o ABSOLUTE
    stm32f3xx_ll_exti.c                      0x00000000   Number         0  stm32f3xx_ll_exti.o ABSOLUTE
    stm32f3xx_ll_gpio.c                      0x00000000   Number         0  stm32f3xx_ll_gpio.o ABSOLUTE
    stm32f3xx_ll_rcc.c                       0x00000000   Number         0  stm32f3xx_ll_rcc.o ABSOLUTE
    stm32f3xx_ll_utils.c                     0x00000000   Number         0  stm32f3xx_ll_utils.o ABSOLUTE
    system_stm32f3xx.c                       0x00000000   Number         0  system_stm32f3xx.o ABSOLUTE
    usart.c                                  0x00000000   Number         0  usart.o ABSOLUTE
    RESET                                    0x08000000   Section      392  startup_stm32f303x8.o(RESET)
    .ARM.Collect$$$$00000000                 0x08000188   Section        0  entry.o(.ARM.Collect$$$$00000000)
    .ARM.Collect$$$$00000001                 0x08000188   Section        4  entry2.o(.ARM.Collect$$$$00000001)
    .ARM.Collect$$$$00000004                 0x0800018c   Section        4  entry5.o(.ARM.Collect$$$$00000004)
    .ARM.Collect$$$$00000008                 0x08000190   Section        0  entry7b.o(.ARM.Collect$$$$00000008)
    .ARM.Collect$$$$0000000A                 0x08000190   Section        0  entry8b.o(.ARM.Collect$$$$0000000A)
    .ARM.Collect$$$$0000000B                 0x08000190   Section        8  entry9a.o(.ARM.Collect$$$$0000000B)
    __lit__00000000                          0x08000198   Data           4  entry2.o(.ARM.Collect$$$$00002712)
    .ARM.Collect$$$$0000000D                 0x08000198   Section        0  entry10a.o(.ARM.Collect$$$$0000000D)
    .ARM.Collect$$$$0000000F                 0x08000198   Section        0  entry11a.o(.ARM.Collect$$$$0000000F)
    .ARM.Collect$$$$00002712                 0x08000198   Section        4  entry2.o(.ARM.Collect$$$$00002712)
    $v0                                      0x0800019c   Number         0  startup_stm32f303x8.o(.text)
    .text                                    0x0800019c   Section       36  startup_stm32f303x8.o(.text)
    .text                                    0x080001c0   Section        0  llushr.o(.text)
    .text                                    0x080001e0   Section        0  qsort.o(.text)
    .text                                    0x0800027c   Section        0  memcpya.o(.text)
    .text                                    0x080002a0   Section        0  memseta.o(.text)
    .text                                    0x080002c4   Section        0  __0scanf.o(.text)
    .text                                    0x080002e4   Section        0  _scanf_int.o(.text)
    _fp_value                                0x08000431   Thumb Code   296  scanf_fp.o(.text)
    .text                                    0x08000430   Section        0  scanf_fp.o(.text)
    .text                                    0x08000790   Section        0  dadd.o(.text)
    .text                                    0x080008de   Section        0  dmul.o(.text)
    .text                                    0x080009c2   Section        0  ddiv.o(.text)
    .text                                    0x08000aa0   Section        0  dflti.o(.text)
    .text                                    0x08000ac2   Section        0  dfltui.o(.text)
    .text                                    0x08000adc   Section        0  d2f.o(.text)
    .text                                    0x08000b14   Section        0  uidiv.o(.text)
    .text                                    0x08000b40   Section        0  uldiv.o(.text)
    .text                                    0x08000ba2   Section        0  llshl.o(.text)
    .text                                    0x08000bc0   Section        0  llsshr.o(.text)
    .text                                    0x08000be4   Section        0  _chval.o(.text)
    .text                                    0x08000c00   Section        0  scanf_char_file.o(.text)
    .text                                    0x08000c14   Section        0  iusefp.o(.text)
    .text                                    0x08000c14   Section        0  fepilogue.o(.text)
    .text                                    0x08000c82   Section        0  depilogue.o(.text)
    .text                                    0x08000d3c   Section        0  dfltul.o(.text)
    .text                                    0x08000d54   Section        0  dfixul.o(.text)
    .text                                    0x08000d84   Section       48  cdrcmple.o(.text)
    .text                                    0x08000db4   Section       36  init.o(.text)
    .text                                    0x08000dd8   Section        0  fgetc_b.o(.text)
    _scanf_char_input                        0x08000e05   Thumb Code    12  scanf_char.o(.text)
    .text                                    0x08000e04   Section        0  scanf_char.o(.text)
    .text                                    0x08000e2c   Section        0  semi.o(.text)
    .text                                    0x08000e2c   Section        0  isspace_c.o(.text)
    .text                                    0x08000e38   Section        0  _scanf.o(.text)
    .text                                    0x08001164   Section        0  iusesemig.o(.text)
    .text                                    0x08001164   Section        0  ctype_c.o(.text)
    [Anonymous Symbol]                       0x0800118c   Section        0  main.o(.text.Error_Handler)
    [Anonymous Symbol]                       0x08001194   Section        0  stm32f3xx_hal.o(.text.HAL_Delay)
    [Anonymous Symbol]                       0x080011ba   Section        0  stm32f3xx_hal_gpio.o(.text.HAL_GPIO_Init)
    [Anonymous Symbol]                       0x08001346   Section        0  stm32f3xx_hal.o(.text.HAL_GetTick)
    [Anonymous Symbol]                       0x08001352   Section        0  stm32f3xx_hal.o(.text.HAL_IncTick)
    [Anonymous Symbol]                       0x0800136c   Section        0  stm32f3xx_hal.o(.text.HAL_Init)
    [Anonymous Symbol]                       0x08001382   Section        0  stm32f3xx_hal.o(.text.HAL_InitTick)
    [Anonymous Symbol]                       0x080013c6   Section        0  stm32f3xx_hal_msp.o(.text.HAL_MspInit)
    [Anonymous Symbol]                       0x080013f8   Section        0  stm32f3xx_hal_cortex.o(.text.HAL_NVIC_SetPriority)
    [Anonymous Symbol]                       0x08001434   Section        0  stm32f3xx_hal_cortex.o(.text.HAL_NVIC_SetPriorityGrouping)
    [Anonymous Symbol]                       0x08001454   Section        0  stm32f3xx_hal_rcc.o(.text.HAL_RCC_GetPCLK1Freq)
    [Anonymous Symbol]                       0x08001466   Section        0  stm32f3xx_hal_rcc.o(.text.HAL_RCC_GetSysClockFreq)
    [Anonymous Symbol]                       0x080014b8   Section        0  stm32f3xx_hal_cortex.o(.text.HAL_SYSTICK_Config)
    [Anonymous Symbol]                       0x080014e4   Section        0  stm32f3xx_hal_uart.o(.text.HAL_UART_Init)
    [Anonymous Symbol]                       0x0800151c   Section        0  usart.o(.text.HAL_UART_MspInit)
    [Anonymous Symbol]                       0x080015a4   Section        0  stm32f3xx_hal_uart.o(.text.HAL_UART_Receive)
    [Anonymous Symbol]                       0x0800166e   Section        0  stm32f3xx_hal_uart.o(.text.HAL_UART_Transmit)
    LL_AHB1_GRP1_EnableClock                 0x08001725   Thumb Code    28  gpio.o(.text.LL_AHB1_GRP1_EnableClock)
    [Anonymous Symbol]                       0x08001724   Section        0  gpio.o(.text.LL_AHB1_GRP1_EnableClock)
    [Anonymous Symbol]                       0x08001740   Section        0  stm32f3xx_ll_utils.o(.text.LL_SetSystemCoreClock)
    [Anonymous Symbol]                       0x0800174c   Section        0  crc.o(.text.MX_CRC_Init)
    [Anonymous Symbol]                       0x0800179c   Section        0  gpio.o(.text.MX_GPIO_Init)
    [Anonymous Symbol]                       0x080017b2   Section        0  usart.o(.text.MX_USART1_UART_Init)
    [Anonymous Symbol]                       0x080017dc   Section        0  usart.o(.text.MX_USART2_UART_Init)
    [Anonymous Symbol]                       0x08001806   Section        0  matrix.o(.text.M_add)
    [Anonymous Symbol]                       0x08001836   Section        0  matrix.o(.text.M_mul)
    [Anonymous Symbol]                       0x08001904   Section        0  matrix.o(.text.M_relu)
    [Anonymous Symbol]                       0x0800193e   Section        0  matrix.o(.text.Matrix_gen)
    [Anonymous Symbol]                       0x08001954   Section        0  airun.o(.text.Model_Init)
    OUTLINED_FUNCTION_0                      0x08001a61   Thumb Code    12  airun.o(.text.OUTLINED_FUNCTION_0)
    [Anonymous Symbol]                       0x08001a60   Section        0  airun.o(.text.OUTLINED_FUNCTION_0)
    OUTLINED_FUNCTION_0                      0x08001a6d   Thumb Code    24  usart.o(.text.OUTLINED_FUNCTION_0)
    [Anonymous Symbol]                       0x08001a6c   Section        0  usart.o(.text.OUTLINED_FUNCTION_0)
    OUTLINED_FUNCTION_0                      0x08001a85   Thumb Code    20  stm32f3xx_hal_uart.o(.text.OUTLINED_FUNCTION_0)
    [Anonymous Symbol]                       0x08001a84   Section        0  stm32f3xx_hal_uart.o(.text.OUTLINED_FUNCTION_0)
    OUTLINED_FUNCTION_1                      0x08001a99   Thumb Code    18  airun.o(.text.OUTLINED_FUNCTION_1)
    [Anonymous Symbol]                       0x08001a98   Section        0  airun.o(.text.OUTLINED_FUNCTION_1)
    OUTLINED_FUNCTION_1                      0x08001aab   Thumb Code    22  usart.o(.text.OUTLINED_FUNCTION_1)
    [Anonymous Symbol]                       0x08001aaa   Section        0  usart.o(.text.OUTLINED_FUNCTION_1)
    OUTLINED_FUNCTION_1                      0x08001ac1   Thumb Code    30  stm32f3xx_hal_rcc.o(.text.OUTLINED_FUNCTION_1)
    [Anonymous Symbol]                       0x08001ac0   Section        0  stm32f3xx_hal_rcc.o(.text.OUTLINED_FUNCTION_1)
    OUTLINED_FUNCTION_10                     0x08001adf   Thumb Code    20  stm32f3xx_hal_uart.o(.text.OUTLINED_FUNCTION_10)
    [Anonymous Symbol]                       0x08001ade   Section        0  stm32f3xx_hal_uart.o(.text.OUTLINED_FUNCTION_10)
    OUTLINED_FUNCTION_12                     0x08001af3   Thumb Code    12  stm32f3xx_hal_uart.o(.text.OUTLINED_FUNCTION_12)
    [Anonymous Symbol]                       0x08001af2   Section        0  stm32f3xx_hal_uart.o(.text.OUTLINED_FUNCTION_12)
    OUTLINED_FUNCTION_14                     0x08001aff   Thumb Code    10  stm32f3xx_hal_uart.o(.text.OUTLINED_FUNCTION_14)
    [Anonymous Symbol]                       0x08001afe   Section        0  stm32f3xx_hal_uart.o(.text.OUTLINED_FUNCTION_14)
    OUTLINED_FUNCTION_19                     0x08001b09   Thumb Code    14  stm32f3xx_hal_uart.o(.text.OUTLINED_FUNCTION_19)
    [Anonymous Symbol]                       0x08001b08   Section        0  stm32f3xx_hal_uart.o(.text.OUTLINED_FUNCTION_19)
    OUTLINED_FUNCTION_2                      0x08001b17   Thumb Code    12  airun.o(.text.OUTLINED_FUNCTION_2)
    [Anonymous Symbol]                       0x08001b16   Section        0  airun.o(.text.OUTLINED_FUNCTION_2)
    OUTLINED_FUNCTION_2                      0x08001b23   Thumb Code    12  stm32f3xx_hal_uart.o(.text.OUTLINED_FUNCTION_2)
    [Anonymous Symbol]                       0x08001b22   Section        0  stm32f3xx_hal_uart.o(.text.OUTLINED_FUNCTION_2)
    OUTLINED_FUNCTION_20                     0x08001b2f   Thumb Code     6  stm32f3xx_hal_uart.o(.text.OUTLINED_FUNCTION_20)
    [Anonymous Symbol]                       0x08001b2e   Section        0  stm32f3xx_hal_uart.o(.text.OUTLINED_FUNCTION_20)
    OUTLINED_FUNCTION_3                      0x08001b35   Thumb Code    14  airun.o(.text.OUTLINED_FUNCTION_3)
    [Anonymous Symbol]                       0x08001b34   Section        0  airun.o(.text.OUTLINED_FUNCTION_3)
    OUTLINED_FUNCTION_4                      0x08001b43   Thumb Code    12  stm32f3xx_hal_uart.o(.text.OUTLINED_FUNCTION_4)
    [Anonymous Symbol]                       0x08001b42   Section        0  stm32f3xx_hal_uart.o(.text.OUTLINED_FUNCTION_4)
    [Anonymous Symbol]                       0x08001b4e   Section        0  stm32f3xx_it.o(.text.SysTick_Handler)
    [Anonymous Symbol]                       0x08001b52   Section        0  main.o(.text.SystemClock_Config)
    [Anonymous Symbol]                       0x08001c06   Section        0  system_stm32f3xx.o(.text.SystemInit)
    [Anonymous Symbol]                       0x08001c18   Section        0  stm32f3xx_hal_uart.o(.text.UART_AdvFeatureConfig)
    [Anonymous Symbol]                       0x08001cc0   Section        0  stm32f3xx_hal_uart.o(.text.UART_CheckIdleState)
    [Anonymous Symbol]                       0x08001d0c   Section        0  stm32f3xx_hal_uart.o(.text.UART_SetConfig)
    [Anonymous Symbol]                       0x08001e72   Section        0  stm32f3xx_hal_uart.o(.text.UART_WaitOnFlagUntilTimeout)
    __NVIC_SetPriority                       0x08001eef   Thumb Code    36  stm32f3xx_hal_cortex.o(.text.__NVIC_SetPriority)
    [Anonymous Symbol]                       0x08001eee   Section        0  stm32f3xx_hal_cortex.o(.text.__NVIC_SetPriority)
    [Anonymous Symbol]                       0x08001f12   Section        0  airun.o(.text.aiRun)
    [Anonymous Symbol]                       0x08001fb2   Section        0  airun.o(.text.cal_mean_std)
    [Anonymous Symbol]                       0x0800203a   Section        0  airun.o(.text.compare)
    [Anonymous Symbol]                       0x08002050   Section        0  airun.o(.text.deconvert)
    [Anonymous Symbol]                       0x08002076   Section        0  airun.o(.text.dequant)
    [Anonymous Symbol]                       0x080020f8   Section        0  usart.o(.text.fgetc)
    [Anonymous Symbol]                       0x08002116   Section        0  usart.o(.text.fputc)
    [Anonymous Symbol]                       0x08002132   Section        0  main.o(.text.getCurrentMicros)
    [Anonymous Symbol]                       0x0800216e   Section        0  airun.o(.text.get_feature)
    [Anonymous Symbol]                       0x08002360   Section        0  airun.o(.text.get_network_input)
    [Anonymous Symbol]                       0x0800243a   Section        0  main.o(.text.main)
    i.__0printf                              0x0800255c   Section        0  printfa.o(i.__0printf)
    i.__hardfp_sqrtf                         0x0800257c   Section        0  sqrtf.o(i.__hardfp_sqrtf)
    i.__scatterload_copy                     0x080025b6   Section       14  handlers.o(i.__scatterload_copy)
    i.__scatterload_null                     0x080025c4   Section        2  handlers.o(i.__scatterload_null)
    i.__scatterload_zeroinit                 0x080025c6   Section       14  handlers.o(i.__scatterload_zeroinit)
    i.__set_errno                            0x080025d4   Section        0  errno.o(i.__set_errno)
    _fp_digits                               0x080025e1   Thumb Code   366  printfa.o(i._fp_digits)
    i._fp_digits                             0x080025e0   Section        0  printfa.o(i._fp_digits)
    i._is_digit                              0x08002764   Section        0  scanf_fp.o(i._is_digit)
    _printf_core                             0x08002775   Thumb Code  1744  printfa.o(i._printf_core)
    i._printf_core                           0x08002774   Section        0  printfa.o(i._printf_core)
    _printf_post_padding                     0x08002e51   Thumb Code    36  printfa.o(i._printf_post_padding)
    i._printf_post_padding                   0x08002e50   Section        0  printfa.o(i._printf_post_padding)
    _printf_pre_padding                      0x08002e75   Thumb Code    46  printfa.o(i._printf_pre_padding)
    i._printf_pre_padding                    0x08002e74   Section        0  printfa.o(i._printf_pre_padding)
    i.free                                   0x08002ea4   Section        0  malloc.o(i.free)
    i.malloc                                 0x08002ef4   Section        0  malloc.o(i.malloc)
    i.puts                                   0x08002f60   Section        0  puts.o(i.puts)
    .constdata                               0x08002f84   Section       64  ctype_c.o(.constdata)
    .Lswitch.table.UART_SetConfig            0x08002fec   Data          16  stm32f3xx_hal_uart.o(.rodata.cst16)
    .Lstr                                    0x080038d8   Data          90  matrix.o(.rodata.str1.1)
    [Anonymous Symbol]                       0x080038d8   Section        0  matrix.o(.rodata.str1.1)
    .L.str.3                                 0x08003932   Data           3  main.o(.rodata.str1.1)
    [Anonymous Symbol]                       0x08003932   Section        0  main.o(.rodata.str1.1)
    .L.str.1                                 0x08003935   Data           3  main.o(.rodata.str1.1)
    .L.str.4                                 0x08003938   Data           7  main.o(.rodata.str1.1)
    .L.str.5                                 0x0800393f   Data           7  main.o(.rodata.str1.1)
    .L.str.2                                 0x08003946   Data           3  main.o(.rodata.str1.1)
    .L.str                                   0x08003949   Data           6  main.o(.rodata.str1.1)
    .data                                    0x10000000   Section        4  mvars.o(.data)
    ungetc_sp                                0x10000004   Data           1  fgetc_b.o(.data)
    .data                                    0x10000004   Section        3  fgetc_b.o(.data)
    ungetc_stack                             0x10000005   Data           2  fgetc_b.o(.data)
    .L_MergedGlobals                         0x10000008   Data         104  airun.o(.bss..L_MergedGlobals)
    STACK                                    0x10000330   Section     2048  startup_stm32f303x8.o(STACK)
    .data                                    0x20000000   Section        4  stdin.o(.data)
    .data                                    0x20000004   Section        4  stdout.o(.data)
    .data                                    0x20000008   Section        4  mvars.o(.data)
    _errno                                   0x2000000c   Data           4  errno.o(.data)
    .data                                    0x2000000c   Section        4  errno.o(.data)
    .L_MergedGlobals                         0x20000010   Data           8  stm32f3xx_hal.o(.data..L_MergedGlobals)
    HEAP                                     0x20002338   Section     2048  startup_stm32f303x8.o(HEAP)

    Global Symbols

    Symbol Name                              Value     Ov Type        Size  Object(Section)

    BuildAttributes$$THM_ISAv4$E$P$D$K$B$S$7EM$VFPi3$EXTD16$VFPS$VFMA$PE$A:L22UL41UL21$X:L11$S22US41US21$IEEE1$IW$~IW$USESV6$~STKCKD$USESV7$~SHL$OTIME$ROPI$IEEEJ$EBA8$MICROLIB$REQ8$PRES8$EABIv2 0x00000000   Number         0  anon$$obj.o ABSOLUTE
    _printf_a                                0x00000000   Number         0  printfstubs.o ABSOLUTE
    _printf_c                                0x00000000   Number         0  printfstubs.o ABSOLUTE
    _printf_charcount                        0x00000000   Number         0  printfstubs.o ABSOLUTE
    _printf_d                                0x00000000   Number         0  printfstubs.o ABSOLUTE
    _printf_e                                0x00000000   Number         0  printfstubs.o ABSOLUTE
    _printf_f                                0x00000000   Number         0  printfstubs.o ABSOLUTE
    _printf_flags                            0x00000000   Number         0  printfstubs.o ABSOLUTE
    _printf_fp_dec                           0x00000000   Number         0  printfstubs.o ABSOLUTE
    _printf_fp_hex                           0x00000000   Number         0  printfstubs.o ABSOLUTE
    _printf_g                                0x00000000   Number         0  printfstubs.o ABSOLUTE
    _printf_i                                0x00000000   Number         0  printfstubs.o ABSOLUTE
    _printf_int_dec                          0x00000000   Number         0  printfstubs.o ABSOLUTE
    _printf_l                                0x00000000   Number         0  printfstubs.o ABSOLUTE
    _printf_lc                               0x00000000   Number         0  printfstubs.o ABSOLUTE
    _printf_ll                               0x00000000   Number         0  printfstubs.o ABSOLUTE
    _printf_lld                              0x00000000   Number         0  printfstubs.o ABSOLUTE
    _printf_lli                              0x00000000   Number         0  printfstubs.o ABSOLUTE
    _printf_llo                              0x00000000   Number         0  printfstubs.o ABSOLUTE
    _printf_llu                              0x00000000   Number         0  printfstubs.o ABSOLUTE
    _printf_llx                              0x00000000   Number         0  printfstubs.o ABSOLUTE
    _printf_longlong_dec                     0x00000000   Number         0  printfstubs.o ABSOLUTE
    _printf_longlong_hex                     0x00000000   Number         0  printfstubs.o ABSOLUTE
    _printf_longlong_oct                     0x00000000   Number         0  printfstubs.o ABSOLUTE
    _printf_ls                               0x00000000   Number         0  printfstubs.o ABSOLUTE
    _printf_mbtowc                           0x00000000   Number         0  printfstubs.o ABSOLUTE
    _printf_n                                0x00000000   Number         0  printfstubs.o ABSOLUTE
    _printf_o                                0x00000000   Number         0  printfstubs.o ABSOLUTE
    _printf_p                                0x00000000   Number         0  printfstubs.o ABSOLUTE
    _printf_percent                          0x00000000   Number         0  printfstubs.o ABSOLUTE
    _printf_pre_padding                      0x00000000   Number         0  printfstubs.o ABSOLUTE
    _printf_return_value                     0x00000000   Number         0  printfstubs.o ABSOLUTE
    _printf_s                                0x00000000   Number         0  printfstubs.o ABSOLUTE
    _printf_sizespec                         0x00000000   Number         0  printfstubs.o ABSOLUTE
    _printf_str                              0x00000000   Number         0  printfstubs.o ABSOLUTE
    _printf_truncate_signed                  0x00000000   Number         0  printfstubs.o ABSOLUTE
    _printf_truncate_unsigned                0x00000000   Number         0  printfstubs.o ABSOLUTE
    _printf_u                                0x00000000   Number         0  printfstubs.o ABSOLUTE
    _printf_wc                               0x00000000   Number         0  printfstubs.o ABSOLUTE
    _printf_wctomb                           0x00000000   Number         0  printfstubs.o ABSOLUTE
    _printf_widthprec                        0x00000000   Number         0  printfstubs.o ABSOLUTE
    _printf_x                                0x00000000   Number         0  printfstubs.o ABSOLUTE
    __cpp_initialize__aeabi_                  - Undefined Weak Reference
    __cxa_finalize                            - Undefined Weak Reference
    __decompress                              - Undefined Weak Reference
    _clock_init                               - Undefined Weak Reference
    _microlib_exit                            - Undefined Weak Reference
    _scanf_longlong                           - Undefined Weak Reference
    _scanf_string                             - Undefined Weak Reference
    __Vectors_Size                           0x00000188   Number         0  startup_stm32f303x8.o ABSOLUTE
    __Vectors                                0x08000000   Data           4  startup_stm32f303x8.o(RESET)
    __Vectors_End                            0x08000188   Data           0  startup_stm32f303x8.o(RESET)
    __main                                   0x08000189   Thumb Code     0  entry.o(.ARM.Collect$$$$00000000)
    _main_stk                                0x08000189   Thumb Code     0  entry2.o(.ARM.Collect$$$$00000001)
    _main_scatterload                        0x0800018d   Thumb Code     0  entry5.o(.ARM.Collect$$$$00000004)
    __main_after_scatterload                 0x08000191   Thumb Code     0  entry5.o(.ARM.Collect$$$$00000004)
    _main_clock                              0x08000191   Thumb Code     0  entry7b.o(.ARM.Collect$$$$00000008)
    _main_cpp_init                           0x08000191   Thumb Code     0  entry8b.o(.ARM.Collect$$$$0000000A)
    _main_init                               0x08000191   Thumb Code     0  entry9a.o(.ARM.Collect$$$$0000000B)
    __rt_final_cpp                           0x08000199   Thumb Code     0  entry10a.o(.ARM.Collect$$$$0000000D)
    __rt_final_exit                          0x08000199   Thumb Code     0  entry11a.o(.ARM.Collect$$$$0000000F)
    Reset_Handler                            0x0800019d   Thumb Code     8  startup_stm32f303x8.o(.text)
    NMI_Handler                              0x080001a5   Thumb Code     2  startup_stm32f303x8.o(.text)
    HardFault_Handler                        0x080001a7   Thumb Code     2  startup_stm32f303x8.o(.text)
    MemManage_Handler                        0x080001a9   Thumb Code     2  startup_stm32f303x8.o(.text)
    BusFault_Handler                         0x080001ab   Thumb Code     2  startup_stm32f303x8.o(.text)
    UsageFault_Handler                       0x080001ad   Thumb Code     2  startup_stm32f303x8.o(.text)
    SVC_Handler                              0x080001af   Thumb Code     2  startup_stm32f303x8.o(.text)
    DebugMon_Handler                         0x080001b1   Thumb Code     2  startup_stm32f303x8.o(.text)
    PendSV_Handler                           0x080001b3   Thumb Code     2  startup_stm32f303x8.o(.text)
    ADC1_2_IRQHandler                        0x080001b7   Thumb Code     0  startup_stm32f303x8.o(.text)
    CAN_RX0_IRQHandler                       0x080001b7   Thumb Code     0  startup_stm32f303x8.o(.text)
    CAN_RX1_IRQHandler                       0x080001b7   Thumb Code     0  startup_stm32f303x8.o(.text)
    CAN_SCE_IRQHandler                       0x080001b7   Thumb Code     0  startup_stm32f303x8.o(.text)
    CAN_TX_IRQHandler                        0x080001b7   Thumb Code     0  startup_stm32f303x8.o(.text)
    COMP2_IRQHandler                         0x080001b7   Thumb Code     0  startup_stm32f303x8.o(.text)
    COMP4_6_IRQHandler                       0x080001b7   Thumb Code     0  startup_stm32f303x8.o(.text)
    DMA1_Channel1_IRQHandler                 0x080001b7   Thumb Code     0  startup_stm32f303x8.o(.text)
    DMA1_Channel2_IRQHandler                 0x080001b7   Thumb Code     0  startup_stm32f303x8.o(.text)
    DMA1_Channel3_IRQHandler                 0x080001b7   Thumb Code     0  startup_stm32f303x8.o(.text)
    DMA1_Channel4_IRQHandler                 0x080001b7   Thumb Code     0  startup_stm32f303x8.o(.text)
    DMA1_Channel5_IRQHandler                 0x080001b7   Thumb Code     0  startup_stm32f303x8.o(.text)
    DMA1_Channel6_IRQHandler                 0x080001b7   Thumb Code     0  startup_stm32f303x8.o(.text)
    DMA1_Channel7_IRQHandler                 0x080001b7   Thumb Code     0  startup_stm32f303x8.o(.text)
    EXTI0_IRQHandler                         0x080001b7   Thumb Code     0  startup_stm32f303x8.o(.text)
    EXTI15_10_IRQHandler                     0x080001b7   Thumb Code     0  startup_stm32f303x8.o(.text)
    EXTI1_IRQHandler                         0x080001b7   Thumb Code     0  startup_stm32f303x8.o(.text)
    EXTI2_TSC_IRQHandler                     0x080001b7   Thumb Code     0  startup_stm32f303x8.o(.text)
    EXTI3_IRQHandler                         0x080001b7   Thumb Code     0  startup_stm32f303x8.o(.text)
    EXTI4_IRQHandler                         0x080001b7   Thumb Code     0  startup_stm32f303x8.o(.text)
    EXTI9_5_IRQHandler                       0x080001b7   Thumb Code     0  startup_stm32f303x8.o(.text)
    FLASH_IRQHandler                         0x080001b7   Thumb Code     0  startup_stm32f303x8.o(.text)
    FPU_IRQHandler                           0x080001b7   Thumb Code     0  startup_stm32f303x8.o(.text)
    I2C1_ER_IRQHandler                       0x080001b7   Thumb Code     0  startup_stm32f303x8.o(.text)
    I2C1_EV_IRQHandler                       0x080001b7   Thumb Code     0  startup_stm32f303x8.o(.text)
    PVD_IRQHandler                           0x080001b7   Thumb Code     0  startup_stm32f303x8.o(.text)
    RCC_IRQHandler                           0x080001b7   Thumb Code     0  startup_stm32f303x8.o(.text)
    RTC_Alarm_IRQHandler                     0x080001b7   Thumb Code     0  startup_stm32f303x8.o(.text)
    RTC_WKUP_IRQHandler                      0x080001b7   Thumb Code     0  startup_stm32f303x8.o(.text)
    SPI1_IRQHandler                          0x080001b7   Thumb Code     0  startup_stm32f303x8.o(.text)
    TAMP_STAMP_IRQHandler                    0x080001b7   Thumb Code     0  startup_stm32f303x8.o(.text)
    TIM1_BRK_TIM15_IRQHandler                0x080001b7   Thumb Code     0  startup_stm32f303x8.o(.text)
    TIM1_CC_IRQHandler                       0x080001b7   Thumb Code     0  startup_stm32f303x8.o(.text)
    TIM1_TRG_COM_TIM17_IRQHandler            0x080001b7   Thumb Code     0  startup_stm32f303x8.o(.text)
    TIM1_UP_TIM16_IRQHandler                 0x080001b7   Thumb Code     0  startup_stm32f303x8.o(.text)
    TIM2_IRQHandler                          0x080001b7   Thumb Code     0  startup_stm32f303x8.o(.text)
    TIM3_IRQHandler                          0x080001b7   Thumb Code     0  startup_stm32f303x8.o(.text)
    TIM6_DAC1_IRQHandler                     0x080001b7   Thumb Code     0  startup_stm32f303x8.o(.text)
    TIM7_DAC2_IRQHandler                     0x080001b7   Thumb Code     0  startup_stm32f303x8.o(.text)
    USART1_IRQHandler                        0x080001b7   Thumb Code     0  startup_stm32f303x8.o(.text)
    USART2_IRQHandler                        0x080001b7   Thumb Code     0  startup_stm32f303x8.o(.text)
    USART3_IRQHandler                        0x080001b7   Thumb Code     0  startup_stm32f303x8.o(.text)
    WWDG_IRQHandler                          0x080001b7   Thumb Code     0  startup_stm32f303x8.o(.text)
    __aeabi_llsr                             0x080001c1   Thumb Code    32  llushr.o(.text)
    _ll_ushift_r                             0x080001c1   Thumb Code     0  llushr.o(.text)
    qsort                                    0x080001e1   Thumb Code   156  qsort.o(.text)
    __aeabi_memcpy                           0x0800027d   Thumb Code    36  memcpya.o(.text)
    __aeabi_memcpy4                          0x0800027d   Thumb Code     0  memcpya.o(.text)
    __aeabi_memcpy8                          0x0800027d   Thumb Code     0  memcpya.o(.text)
    __aeabi_memset                           0x080002a1   Thumb Code    14  memseta.o(.text)
    __aeabi_memset4                          0x080002a1   Thumb Code     0  memseta.o(.text)
    __aeabi_memset8                          0x080002a1   Thumb Code     0  memseta.o(.text)
    __aeabi_memclr                           0x080002af   Thumb Code     4  memseta.o(.text)
    __aeabi_memclr4                          0x080002af   Thumb Code     0  memseta.o(.text)
    __aeabi_memclr8                          0x080002af   Thumb Code     0  memseta.o(.text)
    _memset$wrapper                          0x080002b3   Thumb Code    18  memseta.o(.text)
    __0scanf                                 0x080002c5   Thumb Code    26  __0scanf.o(.text)
    _scanf_int                               0x080002e5   Thumb Code   332  _scanf_int.o(.text)
    _scanf_real                              0x08000559   Thumb Code     0  scanf_fp.o(.text)
    _scanf_really_real                       0x08000559   Thumb Code   556  scanf_fp.o(.text)
    __aeabi_dadd                             0x08000791   Thumb Code   322  dadd.o(.text)
    __aeabi_dsub                             0x080008d3   Thumb Code     6  dadd.o(.text)
    __aeabi_drsub                            0x080008d9   Thumb Code     6  dadd.o(.text)
    __aeabi_dmul                             0x080008df   Thumb Code   228  dmul.o(.text)
    __aeabi_ddiv                             0x080009c3   Thumb Code   222  ddiv.o(.text)
    __aeabi_i2d                              0x08000aa1   Thumb Code    34  dflti.o(.text)
    __aeabi_ui2d                             0x08000ac3   Thumb Code    26  dfltui.o(.text)
    __aeabi_d2f                              0x08000add   Thumb Code    56  d2f.o(.text)
    __aeabi_uidiv                            0x08000b15   Thumb Code     0  uidiv.o(.text)
    __aeabi_uidivmod                         0x08000b15   Thumb Code    44  uidiv.o(.text)
    __aeabi_uldivmod                         0x08000b41   Thumb Code    98  uldiv.o(.text)
    __aeabi_llsl                             0x08000ba3   Thumb Code    30  llshl.o(.text)
    _ll_shift_l                              0x08000ba3   Thumb Code     0  llshl.o(.text)
    __aeabi_lasr                             0x08000bc1   Thumb Code    36  llsshr.o(.text)
    _ll_sshift_r                             0x08000bc1   Thumb Code     0  llsshr.o(.text)
    _chval                                   0x08000be5   Thumb Code    28  _chval.o(.text)
    __vfscanf_char_file                      0x08000c01   Thumb Code    12  scanf_char_file.o(.text)
    __I$use$fp                               0x08000c15   Thumb Code     0  iusefp.o(.text)
    _float_round                             0x08000c15   Thumb Code    18  fepilogue.o(.text)
    _float_epilogue                          0x08000c27   Thumb Code    92  fepilogue.o(.text)
    _double_round                            0x08000c83   Thumb Code    30  depilogue.o(.text)
    _double_epilogue                         0x08000ca1   Thumb Code   156  depilogue.o(.text)
    __aeabi_ul2d                             0x08000d3d   Thumb Code    24  dfltul.o(.text)
    __aeabi_d2ulz                            0x08000d55   Thumb Code    48  dfixul.o(.text)
    __aeabi_cdrcmple                         0x08000d85   Thumb Code    48  cdrcmple.o(.text)
    __scatterload                            0x08000db5   Thumb Code    28  init.o(.text)
    __scatterload_rt2                        0x08000db5   Thumb Code     0  init.o(.text)
    _fgetc$bs                                0x08000dd9   Thumb Code    28  fgetc_b.o(.text)
    __backspace                              0x08000df5   Thumb Code    10  fgetc_b.o(.text)
    __vfscanf_char                           0x08000e11   Thumb Code    20  scanf_char.o(.text)
    __semihosting_library_function           0x08000e2d   Thumb Code     0  semi.o(.text)
    isspace                                  0x08000e2d   Thumb Code    10  isspace_c.o(.text)
    __vfscanf                                0x08000e39   Thumb Code   808  _scanf.o(.text)
    __I$use$semihosting$fgetc                0x08001165   Thumb Code     0  iusesemig.o(.text)
    __ctype_lookup                           0x08001165   Thumb Code    34  ctype_c.o(.text)
    Error_Handler                            0x0800118d   Thumb Code     8  main.o(.text.Error_Handler)
    HAL_Delay                                0x08001195   Thumb Code    38  stm32f3xx_hal.o(.text.HAL_Delay)
    HAL_GPIO_Init                            0x080011bb   Thumb Code   396  stm32f3xx_hal_gpio.o(.text.HAL_GPIO_Init)
    HAL_GetTick                              0x08001347   Thumb Code    12  stm32f3xx_hal.o(.text.HAL_GetTick)
    HAL_IncTick                              0x08001353   Thumb Code    26  stm32f3xx_hal.o(.text.HAL_IncTick)
    HAL_Init                                 0x0800136d   Thumb Code    22  stm32f3xx_hal.o(.text.HAL_Init)
    HAL_InitTick                             0x08001383   Thumb Code    68  stm32f3xx_hal.o(.text.HAL_InitTick)
    HAL_MspInit                              0x080013c7   Thumb Code    50  stm32f3xx_hal_msp.o(.text.HAL_MspInit)
    HAL_NVIC_SetPriority                     0x080013f9   Thumb Code    60  stm32f3xx_hal_cortex.o(.text.HAL_NVIC_SetPriority)
    HAL_NVIC_SetPriorityGrouping             0x08001435   Thumb Code    32  stm32f3xx_hal_cortex.o(.text.HAL_NVIC_SetPriorityGrouping)
    HAL_RCC_GetPCLK1Freq                     0x08001455   Thumb Code    18  stm32f3xx_hal_rcc.o(.text.HAL_RCC_GetPCLK1Freq)
    HAL_RCC_GetSysClockFreq                  0x08001467   Thumb Code    82  stm32f3xx_hal_rcc.o(.text.HAL_RCC_GetSysClockFreq)
    HAL_SYSTICK_Config                       0x080014b9   Thumb Code    44  stm32f3xx_hal_cortex.o(.text.HAL_SYSTICK_Config)
    HAL_UART_Init                            0x080014e5   Thumb Code    56  stm32f3xx_hal_uart.o(.text.HAL_UART_Init)
    HAL_UART_MspInit                         0x0800151d   Thumb Code   136  usart.o(.text.HAL_UART_MspInit)
    HAL_UART_Receive                         0x080015a5   Thumb Code   202  stm32f3xx_hal_uart.o(.text.HAL_UART_Receive)
    HAL_UART_Transmit                        0x0800166f   Thumb Code   182  stm32f3xx_hal_uart.o(.text.HAL_UART_Transmit)
    LL_SetSystemCoreClock                    0x08001741   Thumb Code    12  stm32f3xx_ll_utils.o(.text.LL_SetSystemCoreClock)
    MX_CRC_Init                              0x0800174d   Thumb Code    80  crc.o(.text.MX_CRC_Init)
    MX_GPIO_Init                             0x0800179d   Thumb Code    22  gpio.o(.text.MX_GPIO_Init)
    MX_USART1_UART_Init                      0x080017b3   Thumb Code    42  usart.o(.text.MX_USART1_UART_Init)
    MX_USART2_UART_Init                      0x080017dd   Thumb Code    42  usart.o(.text.MX_USART2_UART_Init)
    M_add                                    0x08001807   Thumb Code    48  matrix.o(.text.M_add)
    M_mul                                    0x08001837   Thumb Code   206  matrix.o(.text.M_mul)
    M_relu                                   0x08001905   Thumb Code    58  matrix.o(.text.M_relu)
    Matrix_gen                               0x0800193f   Thumb Code    22  matrix.o(.text.Matrix_gen)
    Model_Init                               0x08001955   Thumb Code   268  airun.o(.text.Model_Init)
    SysTick_Handler                          0x08001b4f   Thumb Code     4  stm32f3xx_it.o(.text.SysTick_Handler)
    SystemClock_Config                       0x08001b53   Thumb Code   180  main.o(.text.SystemClock_Config)
    SystemInit                               0x08001c07   Thumb Code    18  system_stm32f3xx.o(.text.SystemInit)
    UART_AdvFeatureConfig                    0x08001c19   Thumb Code   168  stm32f3xx_hal_uart.o(.text.UART_AdvFeatureConfig)
    UART_CheckIdleState                      0x08001cc1   Thumb Code    76  stm32f3xx_hal_uart.o(.text.UART_CheckIdleState)
    UART_SetConfig                           0x08001d0d   Thumb Code   358  stm32f3xx_hal_uart.o(.text.UART_SetConfig)
    UART_WaitOnFlagUntilTimeout              0x08001e73   Thumb Code   124  stm32f3xx_hal_uart.o(.text.UART_WaitOnFlagUntilTimeout)
    aiRun                                    0x08001f13   Thumb Code   160  airun.o(.text.aiRun)
    cal_mean_std                             0x08001fb3   Thumb Code   136  airun.o(.text.cal_mean_std)
    compare                                  0x0800203b   Thumb Code    22  airun.o(.text.compare)
    deconvert                                0x08002051   Thumb Code    38  airun.o(.text.deconvert)
    dequant                                  0x08002077   Thumb Code   130  airun.o(.text.dequant)
    fgetc                                    0x080020f9   Thumb Code    30  usart.o(.text.fgetc)
    fputc                                    0x08002117   Thumb Code    28  usart.o(.text.fputc)
    getCurrentMicros                         0x08002133   Thumb Code    60  main.o(.text.getCurrentMicros)
    get_feature                              0x0800216f   Thumb Code   498  airun.o(.text.get_feature)
    get_network_input                        0x08002361   Thumb Code   218  airun.o(.text.get_network_input)
    main                                     0x0800243b   Thumb Code   290  main.o(.text.main)
    __0printf                                0x0800255d   Thumb Code    22  printfa.o(i.__0printf)
    __1printf                                0x0800255d   Thumb Code     0  printfa.o(i.__0printf)
    __2printf                                0x0800255d   Thumb Code     0  printfa.o(i.__0printf)
    __c89printf                              0x0800255d   Thumb Code     0  printfa.o(i.__0printf)
    printf                                   0x0800255d   Thumb Code     0  printfa.o(i.__0printf)
    __hardfp_sqrtf                           0x0800257d   Thumb Code    58  sqrtf.o(i.__hardfp_sqrtf)
    __scatterload_copy                       0x080025b7   Thumb Code    14  handlers.o(i.__scatterload_copy)
    __scatterload_null                       0x080025c5   Thumb Code     2  handlers.o(i.__scatterload_null)
    __scatterload_zeroinit                   0x080025c7   Thumb Code    14  handlers.o(i.__scatterload_zeroinit)
    __set_errno                              0x080025d5   Thumb Code     6  errno.o(i.__set_errno)
    _is_digit                                0x08002765   Thumb Code    14  scanf_fp.o(i._is_digit)
    free                                     0x08002ea5   Thumb Code    76  malloc.o(i.free)
    malloc                                   0x08002ef5   Thumb Code    92  malloc.o(i.malloc)
    puts                                     0x08002f61   Thumb Code    30  puts.o(i.puts)
    __ctype_categories                       0x08002f84   Data          64  ctype_c.o(.constdata)
    APBPrescTable                            0x08002fc4   Data           8  system_stm32f3xx.o(.rodata.APBPrescTable)
    aPLLMULFactorTable                       0x08002fcc   Data          16  stm32f3xx_hal_rcc.o(.rodata.aPLLMULFactorTable)
    aPredivFactorTable                       0x08002fdc   Data          16  stm32f3xx_hal_rcc.o(.rodata.aPredivFactorTable)
    dense1_bq                                0x08002ffc   Data          32  parameter.o(.rodata.dense1_bq)
    dense1_wq                                0x0800301c   Data        1984  parameter.o(.rodata.dense1_wq)
    dense2_bq                                0x080037dc   Data          12  parameter.o(.rodata.dense2_bq)
    dense2_wq                                0x080037e8   Data         192  parameter.o(.rodata.dense2_wq)
    dense3_bq                                0x080038a8   Data           4  parameter.o(.rodata.dense3_bq)
    dense3_wq                                0x080038ac   Data          24  parameter.o(.rodata.dense3_wq)
    factor                                   0x080038c4   Data          20  parameter.o(.rodata.factor)
    threshold                                0x08003950   Data          20  parameter.o(.rodata.threshold)
    Region$$Table$$Base                      0x08003964   Number         0  anon$$obj.o(Region$$Table)
    Region$$Table$$Limit                     0x080039a4   Number         0  anon$$obj.o(Region$$Table)
    __microlib_freelist_initialised          0x10000000   Data           4  mvars.o(.data)
    Dense1_weight                            0x10000008   Data           4  airun.o(.bss..L_MergedGlobals)
    Dense1_bias                              0x1000000c   Data           4  airun.o(.bss..L_MergedGlobals)
    Dense2_weight                            0x10000010   Data           4  airun.o(.bss..L_MergedGlobals)
    Dense2_bias                              0x10000014   Data           4  airun.o(.bss..L_MergedGlobals)
    Dense3_weight                            0x10000018   Data           4  airun.o(.bss..L_MergedGlobals)
    Dense3_bias                              0x1000001c   Data           4  airun.o(.bss..L_MergedGlobals)
    dense3_bias_float                        0x10000020   Data           8  airun.o(.bss..L_MergedGlobals)
    dense2_bias_float                        0x10000028   Data          24  airun.o(.bss..L_MergedGlobals)
    dense3_weight_float                      0x10000040   Data          48  airun.o(.bss..L_MergedGlobals)
    dense1_bias_float                        0x10000070   Data          64  airun.o(.bss.dense1_bias_float)
    dense2_weight_float                      0x100000b0   Data         384  airun.o(.bss.dense2_weight_float)
    huart1                                   0x10000230   Data         128  usart.o(.bss.huart1)
    huart2                                   0x100002b0   Data         128  usart.o(.bss.huart2)
    __initial_sp                             0x10000b30   Data           0  startup_stm32f303x8.o(STACK)
    __stdin                                  0x20000000   Data           4  stdin.o(.data)
    __stdout                                 0x20000004   Data           4  stdout.o(.data)
    __microlib_freelist                      0x20000008   Data           4  mvars.o(.data)
    uwTickFreq                               0x20000010   Data           1  stm32f3xx_hal.o(.data..L_MergedGlobals)
    uwTickPrio                               0x20000014   Data           4  stm32f3xx_hal.o(.data..L_MergedGlobals)
    SystemCoreClock                          0x20000018   Data           4  system_stm32f3xx.o(.data.SystemCoreClock)
    dense1_weight_float                      0x20000020   Data        3968  airun.o(.bss.dense1_weight_float)
    input                                    0x20000fa0   Data        5000  main.o(.bss.input)
    result                                   0x20002328   Data           8  main.o(.bss.result)
    uwTick                                   0x20002330   Data           4  stm32f3xx_hal.o(.bss.uwTick)
    __heap_base                              0x20002338   Data           0  startup_stm32f303x8.o(HEAP)
    __heap_limit                             0x20002b38   Data           0  startup_stm32f303x8.o(HEAP)



==============================================================================

Memory Map of the image

  Image Entry point : 0x08000189

  Load Region LR_IROM1 (Base: 0x08000000, Size: 0x000039d0, Max: 0x00010000, ABSOLUTE)

    Execution Region ER_IROM1 (Exec base: 0x08000000, Load base: 0x08000000, Size: 0x000039a4, Max: 0x00010000, ABSOLUTE)

    Exec Addr    Load Addr    Size         Type   Attr      Idx    E Section Name        Object

    0x08000000   0x08000000   0x00000188   Data   RO            3    RESET               startup_stm32f303x8.o
    0x08000188   0x08000188   0x00000000   Code   RO         1042  * .ARM.Collect$$$$00000000  mc_w.l(entry.o)
    0x08000188   0x08000188   0x00000004   Code   RO         1208    .ARM.Collect$$$$00000001  mc_w.l(entry2.o)
    0x0800018c   0x0800018c   0x00000004   Code   RO         1211    .ARM.Collect$$$$00000004  mc_w.l(entry5.o)
    0x08000190   0x08000190   0x00000000   Code   RO         1213    .ARM.Collect$$$$00000008  mc_w.l(entry7b.o)
    0x08000190   0x08000190   0x00000000   Code   RO         1215    .ARM.Collect$$$$0000000A  mc_w.l(entry8b.o)
    0x08000190   0x08000190   0x00000008   Code   RO         1216    .ARM.Collect$$$$0000000B  mc_w.l(entry9a.o)
    0x08000198   0x08000198   0x00000000   Code   RO         1218    .ARM.Collect$$$$0000000D  mc_w.l(entry10a.o)
    0x08000198   0x08000198   0x00000000   Code   RO         1220    .ARM.Collect$$$$0000000F  mc_w.l(entry11a.o)
    0x08000198   0x08000198   0x00000004   Code   RO         1209    .ARM.Collect$$$$00002712  mc_w.l(entry2.o)
    0x0800019c   0x0800019c   0x00000024   Code   RO            4    .text               startup_stm32f303x8.o
    0x080001c0   0x080001c0   0x00000020   Code   RO         1047    .text               mc_w.l(llushr.o)
    0x080001e0   0x080001e0   0x0000009c   Code   RO         1048    .text               mc_w.l(qsort.o)
    0x0800027c   0x0800027c   0x00000024   Code   RO         1049    .text               mc_w.l(memcpya.o)
    0x080002a0   0x080002a0   0x00000024   Code   RO         1050    .text               mc_w.l(memseta.o)
    0x080002c4   0x080002c4   0x00000020   Code   RO         1197    .text               mc_w.l(__0scanf.o)
    0x080002e4   0x080002e4   0x0000014c   Code   RO         1198    .text               mc_w.l(_scanf_int.o)
    0x08000430   0x08000430   0x00000360   Code   RO         1199    .text               mc_w.l(scanf_fp.o)
    0x08000790   0x08000790   0x0000014e   Code   RO         1202    .text               mf_w.l(dadd.o)
    0x080008de   0x080008de   0x000000e4   Code   RO         1203    .text               mf_w.l(dmul.o)
    0x080009c2   0x080009c2   0x000000de   Code   RO         1204    .text               mf_w.l(ddiv.o)
    0x08000aa0   0x08000aa0   0x00000022   Code   RO         1205    .text               mf_w.l(dflti.o)
    0x08000ac2   0x08000ac2   0x0000001a   Code   RO         1206    .text               mf_w.l(dfltui.o)
    0x08000adc   0x08000adc   0x00000038   Code   RO         1207    .text               mf_w.l(d2f.o)
    0x08000b14   0x08000b14   0x0000002c   Code   RO         1229    .text               mc_w.l(uidiv.o)
    0x08000b40   0x08000b40   0x00000062   Code   RO         1230    .text               mc_w.l(uldiv.o)
    0x08000ba2   0x08000ba2   0x0000001e   Code   RO         1231    .text               mc_w.l(llshl.o)
    0x08000bc0   0x08000bc0   0x00000024   Code   RO         1232    .text               mc_w.l(llsshr.o)
    0x08000be4   0x08000be4   0x0000001c   Code   RO         1239    .text               mc_w.l(_chval.o)
    0x08000c00   0x08000c00   0x00000014   Code   RO         1240    .text               mc_w.l(scanf_char_file.o)
    0x08000c14   0x08000c14   0x00000000   Code   RO         1241    .text               mc_w.l(iusefp.o)
    0x08000c14   0x08000c14   0x0000006e   Code   RO         1242    .text               mf_w.l(fepilogue.o)
    0x08000c82   0x08000c82   0x000000ba   Code   RO         1243    .text               mf_w.l(depilogue.o)
    0x08000d3c   0x08000d3c   0x00000018   Code   RO         1244    .text               mf_w.l(dfltul.o)
    0x08000d54   0x08000d54   0x00000030   Code   RO         1245    .text               mf_w.l(dfixul.o)
    0x08000d84   0x08000d84   0x00000030   Code   RO         1246    .text               mf_w.l(cdrcmple.o)
    0x08000db4   0x08000db4   0x00000024   Code   RO         1247    .text               mc_w.l(init.o)
    0x08000dd8   0x08000dd8   0x0000002c   Code   RO         1248    .text               mc_w.l(fgetc_b.o)
    0x08000e04   0x08000e04   0x00000028   Code   RO         1250    .text               mc_w.l(scanf_char.o)
    0x08000e2c   0x08000e2c   0x00000000   Code   RO         1251    .text               mc_w.l(semi.o)
    0x08000e2c   0x08000e2c   0x0000000a   Code   RO         1252    .text               mc_w.l(isspace_c.o)
    0x08000e36   0x08000e36   0x00000002   PAD
    0x08000e38   0x08000e38   0x0000032c   Code   RO         1253    .text               mc_w.l(_scanf.o)
    0x08001164   0x08001164   0x00000000   Code   RO         1254    .text               mc_w.l(iusesemig.o)
    0x08001164   0x08001164   0x00000028   Code   RO         1255    .text               mc_w.l(ctype_c.o)
    0x0800118c   0x0800118c   0x00000008   Code   RO           60    .text.Error_Handler  main.o
    0x08001194   0x08001194   0x00000026   Code   RO          182    .text.HAL_Delay     stm32f3xx_hal.o
    0x080011ba   0x080011ba   0x0000018c   Code   RO          274    .text.HAL_GPIO_Init  stm32f3xx_hal_gpio.o
    0x08001346   0x08001346   0x0000000c   Code   RO          174    .text.HAL_GetTick   stm32f3xx_hal.o
    0x08001352   0x08001352   0x0000001a   Code   RO          172    .text.HAL_IncTick   stm32f3xx_hal.o
    0x0800136c   0x0800136c   0x00000016   Code   RO          162    .text.HAL_Init      stm32f3xx_hal.o
    0x08001382   0x08001382   0x00000044   Code   RO          164    .text.HAL_InitTick  stm32f3xx_hal.o
    0x080013c6   0x080013c6   0x00000032   Code   RO           97    .text.HAL_MspInit   stm32f3xx_hal_msp.o
    0x080013f8   0x080013f8   0x0000003c   Code   RO          320    .text.HAL_NVIC_SetPriority  stm32f3xx_hal_cortex.o
    0x08001434   0x08001434   0x00000020   Code   RO          318    .text.HAL_NVIC_SetPriorityGrouping  stm32f3xx_hal_cortex.o
    0x08001454   0x08001454   0x00000012   Code   RO          237    .text.HAL_RCC_GetPCLK1Freq  stm32f3xx_hal_rcc.o
    0x08001466   0x08001466   0x00000052   Code   RO          227    .text.HAL_RCC_GetSysClockFreq  stm32f3xx_hal_rcc.o
    0x080014b8   0x080014b8   0x0000002c   Code   RO          332    .text.HAL_SYSTICK_Config  stm32f3xx_hal_cortex.o
    0x080014e4   0x080014e4   0x00000038   Code   RO          853    .text.HAL_UART_Init  stm32f3xx_hal_uart.o
    0x0800151c   0x0800151c   0x00000088   Code   RO           79    .text.HAL_UART_MspInit  usart.o
    0x080015a4   0x080015a4   0x000000ca   Code   RO          877    .text.HAL_UART_Receive  stm32f3xx_hal_uart.o
    0x0800166e   0x0800166e   0x000000b6   Code   RO          873    .text.HAL_UART_Transmit  stm32f3xx_hal_uart.o
    0x08001724   0x08001724   0x0000001c   Code   RO           69    .text.LL_AHB1_GRP1_EnableClock  gpio.o
    0x08001740   0x08001740   0x0000000c   Code   RO          104    .text.LL_SetSystemCoreClock  stm32f3xx_ll_utils.o
    0x0800174c   0x0800174c   0x00000050   Code   RO           72    .text.MX_CRC_Init   crc.o
    0x0800179c   0x0800179c   0x00000016   Code   RO           67    .text.MX_GPIO_Init  gpio.o
    0x080017b2   0x080017b2   0x0000002a   Code   RO           75    .text.MX_USART1_UART_Init  usart.o
    0x080017dc   0x080017dc   0x0000002a   Code   RO           77    .text.MX_USART2_UART_Init  usart.o
    0x08001806   0x08001806   0x00000030   Code   RO           46    .text.M_add         matrix.o
    0x08001836   0x08001836   0x000000ce   Code   RO           48    .text.M_mul         matrix.o
    0x08001904   0x08001904   0x0000003a   Code   RO           50    .text.M_relu        matrix.o
    0x0800193e   0x0800193e   0x00000016   Code   RO           44    .text.Matrix_gen    matrix.o
    0x08001954   0x08001954   0x0000010c   Code   RO           18    .text.Model_Init    airun.o
    0x08001a60   0x08001a60   0x0000000c   Code   RO           22    .text.OUTLINED_FUNCTION_0  airun.o
    0x08001a6c   0x08001a6c   0x00000018   Code   RO           87    .text.OUTLINED_FUNCTION_0  usart.o
    0x08001a84   0x08001a84   0x00000014   Code   RO          975    .text.OUTLINED_FUNCTION_0  stm32f3xx_hal_uart.o
    0x08001a98   0x08001a98   0x00000012   Code   RO           24    .text.OUTLINED_FUNCTION_1  airun.o
    0x08001aaa   0x08001aaa   0x00000016   Code   RO           89    .text.OUTLINED_FUNCTION_1  usart.o
    0x08001ac0   0x08001ac0   0x0000001e   Code   RO          251    .text.OUTLINED_FUNCTION_1  stm32f3xx_hal_rcc.o
    0x08001ade   0x08001ade   0x00000014   Code   RO          995    .text.OUTLINED_FUNCTION_10  stm32f3xx_hal_uart.o
    0x08001af2   0x08001af2   0x0000000c   Code   RO          999    .text.OUTLINED_FUNCTION_12  stm32f3xx_hal_uart.o
    0x08001afe   0x08001afe   0x0000000a   Code   RO         1003    .text.OUTLINED_FUNCTION_14  stm32f3xx_hal_uart.o
    0x08001b08   0x08001b08   0x0000000e   Code   RO         1013    .text.OUTLINED_FUNCTION_19  stm32f3xx_hal_uart.o
    0x08001b16   0x08001b16   0x0000000c   Code   RO           26    .text.OUTLINED_FUNCTION_2  airun.o
    0x08001b22   0x08001b22   0x0000000c   Code   RO          979    .text.OUTLINED_FUNCTION_2  stm32f3xx_hal_uart.o
    0x08001b2e   0x08001b2e   0x00000006   Code   RO         1015    .text.OUTLINED_FUNCTION_20  stm32f3xx_hal_uart.o
    0x08001b34   0x08001b34   0x0000000e   Code   RO           28    .text.OUTLINED_FUNCTION_3  airun.o
    0x08001b42   0x08001b42   0x0000000c   Code   RO          983    .text.OUTLINED_FUNCTION_4  stm32f3xx_hal_uart.o
    0x08001b4e   0x08001b4e   0x00000004   Code   RO           94    .text.SysTick_Handler  stm32f3xx_it.o
    0x08001b52   0x08001b52   0x000000b4   Code   RO           58    .text.SystemClock_Config  main.o
    0x08001c06   0x08001c06   0x00000012   Code   RO         1032    .text.SystemInit    system_stm32f3xx.o
    0x08001c18   0x08001c18   0x000000a8   Code   RO          859    .text.UART_AdvFeatureConfig  stm32f3xx_hal_uart.o
    0x08001cc0   0x08001cc0   0x0000004c   Code   RO          861    .text.UART_CheckIdleState  stm32f3xx_hal_uart.o
    0x08001d0c   0x08001d0c   0x00000166   Code   RO          857    .text.UART_SetConfig  stm32f3xx_hal_uart.o
    0x08001e72   0x08001e72   0x0000007c   Code   RO          875    .text.UART_WaitOnFlagUntilTimeout  stm32f3xx_hal_uart.o
    0x08001eee   0x08001eee   0x00000024   Code   RO          322    .text.__NVIC_SetPriority  stm32f3xx_hal_cortex.o
    0x08001f12   0x08001f12   0x000000a0   Code   RO           20    .text.aiRun         airun.o
    0x08001fb2   0x08001fb2   0x00000088   Code   RO            8    .text.cal_mean_std  airun.o
    0x0800203a   0x0800203a   0x00000016   Code   RO            6    .text.compare       airun.o
    0x08002050   0x08002050   0x00000026   Code   RO           16    .text.deconvert     airun.o
    0x08002076   0x08002076   0x00000082   Code   RO           14    .text.dequant       airun.o
    0x080020f8   0x080020f8   0x0000001e   Code   RO           85    .text.fgetc         usart.o
    0x08002116   0x08002116   0x0000001c   Code   RO           83    .text.fputc         usart.o
    0x08002132   0x08002132   0x0000003c   Code   RO           54    .text.getCurrentMicros  main.o
    0x0800216e   0x0800216e   0x000001f2   Code   RO           10    .text.get_feature   airun.o
    0x08002360   0x08002360   0x000000da   Code   RO           12    .text.get_network_input  airun.o
    0x0800243a   0x0800243a   0x00000122   Code   RO           56    .text.main          main.o
    0x0800255c   0x0800255c   0x00000020   Code   RO         1169    i.__0printf         mc_w.l(printfa.o)
    0x0800257c   0x0800257c   0x0000003a   Code   RO         1039    i.__hardfp_sqrtf    m_wm.l(sqrtf.o)
    0x080025b6   0x080025b6   0x0000000e   Code   RO         1259    i.__scatterload_copy  mc_w.l(handlers.o)
    0x080025c4   0x080025c4   0x00000002   Code   RO         1260    i.__scatterload_null  mc_w.l(handlers.o)
    0x080025c6   0x080025c6   0x0000000e   Code   RO         1261    i.__scatterload_zeroinit  mc_w.l(handlers.o)
    0x080025d4   0x080025d4   0x0000000c   Code   RO         1237    i.__set_errno       mc_w.l(errno.o)
    0x080025e0   0x080025e0   0x00000184   Code   RO         1176    i._fp_digits        mc_w.l(printfa.o)
    0x08002764   0x08002764   0x0000000e   Code   RO         1201    i._is_digit         mc_w.l(scanf_fp.o)
    0x08002772   0x08002772   0x00000002   PAD
    0x08002774   0x08002774   0x000006dc   Code   RO         1177    i._printf_core      mc_w.l(printfa.o)
    0x08002e50   0x08002e50   0x00000024   Code   RO         1178    i._printf_post_padding  mc_w.l(printfa.o)
    0x08002e74   0x08002e74   0x0000002e   Code   RO         1179    i._printf_pre_padding  mc_w.l(printfa.o)
    0x08002ea2   0x08002ea2   0x00000002   PAD
    0x08002ea4   0x08002ea4   0x00000050   Code   RO         1183    i.free              mc_w.l(malloc.o)
    0x08002ef4   0x08002ef4   0x0000006c   Code   RO         1184    i.malloc            mc_w.l(malloc.o)
    0x08002f60   0x08002f60   0x00000024   Code   RO         1045    i.puts              mc_w.l(puts.o)
    0x08002f84   0x08002f84   0x00000040   Data   RO         1256    .constdata          mc_w.l(ctype_c.o)
    0x08002fc4   0x08002fc4   0x00000008   Data   RO         1038    .rodata.APBPrescTable  system_stm32f3xx.o
    0x08002fcc   0x08002fcc   0x00000010   Data   RO          259    .rodata.aPLLMULFactorTable  stm32f3xx_hal_rcc.o
    0x08002fdc   0x08002fdc   0x00000010   Data   RO          260    .rodata.aPredivFactorTable  stm32f3xx_hal_rcc.o
    0x08002fec   0x08002fec   0x00000010   Data   RO         1017    .rodata.cst16       stm32f3xx_hal_uart.o
    0x08002ffc   0x08002ffc   0x00000020   Data   RO           36    .rodata.dense1_bq   parameter.o
    0x0800301c   0x0800301c   0x000007c0   Data   RO           35    .rodata.dense1_wq   parameter.o
    0x080037dc   0x080037dc   0x0000000c   Data   RO           38    .rodata.dense2_bq   parameter.o
    0x080037e8   0x080037e8   0x000000c0   Data   RO           37    .rodata.dense2_wq   parameter.o
    0x080038a8   0x080038a8   0x00000004   Data   RO           40    .rodata.dense3_bq   parameter.o
    0x080038ac   0x080038ac   0x00000018   Data   RO           39    .rodata.dense3_wq   parameter.o
    0x080038c4   0x080038c4   0x00000014   Data   RO           41    .rodata.factor      parameter.o
    0x080038d8   0x080038d8   0x0000005a   Data   RO           52    .rodata.str1.1      matrix.o
    0x08003932   0x08003932   0x0000001d   Data   RO           64    .rodata.str1.1      main.o
    0x0800394f   0x0800394f   0x00000001   PAD
    0x08003950   0x08003950   0x00000014   Data   RO           42    .rodata.threshold   parameter.o
    0x08003964   0x08003964   0x00000040   Data   RO         1258    Region$$Table       anon$$obj.o


    Execution Region RW_IRAM2 (Exec base: 0x10000000, Load base: 0x080039c8, Size: 0x00000b30, Max: 0x00001000, ABSOLUTE)

    Exec Addr    Load Addr    Size         Type   Attr      Idx    E Section Name        Object

    0x10000000   0x080039c8   0x00000004   Data   RW         1234    .data               mc_w.l(mvars.o)
    0x10000004   0x080039cc   0x00000003   Data   RW         1249    .data               mc_w.l(fgetc_b.o)
    0x10000007   0x080039cf   0x00000001   PAD
    0x10000008        -       0x00000068   Zero   RW           33    .bss..L_MergedGlobals  airun.o
    0x10000070        -       0x00000040   Zero   RW           32    .bss.dense1_bias_float  airun.o
    0x100000b0        -       0x00000180   Zero   RW           31    .bss.dense2_weight_float  airun.o
    0x10000230        -       0x00000080   Zero   RW           91    .bss.huart1         usart.o
    0x100002b0        -       0x00000080   Zero   RW           92    .bss.huart2         usart.o
    0x10000330        -       0x00000800   Zero   RW            1    STACK               startup_stm32f303x8.o


    Execution Region RW_IRAM1 (Exec base: 0x20000000, Load base: 0x080039a8, Size: 0x00002b38, Max: 0x00003000, ABSOLUTE)

    Exec Addr    Load Addr    Size         Type   Attr      Idx    E Section Name        Object

    0x20000000   0x080039a8   0x00000004   Data   RW         1222    .data               mc_w.l(stdin.o)
    0x20000004   0x080039ac   0x00000004   Data   RW         1223    .data               mc_w.l(stdout.o)
    0x20000008   0x080039b0   0x00000004   Data   RW         1233    .data               mc_w.l(mvars.o)
    0x2000000c   0x080039b4   0x00000004   Data   RW         1238    .data               mc_w.l(errno.o)
    0x20000010   0x080039b8   0x00000008   Data   RW          219    .data..L_MergedGlobals  stm32f3xx_hal.o
    0x20000018   0x080039c0   0x00000004   Data   RW         1036    .data.SystemCoreClock  system_stm32f3xx.o
    0x2000001c   0x080039c4   0x00000004   PAD
    0x20000020        -       0x00000f80   Zero   RW           30    .bss.dense1_weight_float  airun.o
    0x20000fa0        -       0x00001388   Zero   RW           62    .bss.input          main.o
    0x20002328        -       0x00000008   Zero   RW           63    .bss.result         main.o
    0x20002330        -       0x00000004   Zero   RW          218    .bss.uwTick         stm32f3xx_hal.o
    0x20002334   0x080039c4   0x00000004   PAD
    0x20002338        -       0x00000800   Zero   RW            2    HEAP                startup_stm32f303x8.o


==============================================================================

Image component sizes


      Code (inc. data)   RO Data    RW Data    ZI Data      Debug   Object Name

      1526          0          0          0       4520          0   airun.o
        80          0          0          0          0          0   crc.o
        50          0          0          0          0          0   gpio.o
       538          0         29          0       5008          0   main.o
       334          0         90          0          0          0   matrix.o
         0          0       2288          0          0          0   parameter.o
        36          8        392          0       4096          0   startup_stm32f303x8.o
       166          0          0          8          4          0   stm32f3xx_hal.o
       172          0          0          0          0          0   stm32f3xx_hal_cortex.o
       396          0          0          0          0          0   stm32f3xx_hal_gpio.o
        50          0          0          0          0          0   stm32f3xx_hal_msp.o
       130          0         32          0          0          0   stm32f3xx_hal_rcc.o
      1272          0         16          0          0          0   stm32f3xx_hal_uart.o
         4          0          0          0          0          0   stm32f3xx_it.o
        12          0          0          0          0          0   stm32f3xx_ll_utils.o
        18          0          8          4          0          0   system_stm32f3xx.o
       324          0          0          0        256          0   usart.o

    ----------------------------------------------------------------------
      5108          8       2920         12      13892          0   Object Totals
         0          0         64          0          0          0   (incl. Generated)
         0          0          1          0          8          0   (incl. Padding)

    ----------------------------------------------------------------------

      Code (inc. data)   RO Data    RW Data    ZI Data      Debug   Library Member Name

        58          0          0          0          0          0   sqrtf.o
        32          6          0          0          0          0   __0scanf.o
        28          0          0          0          0          0   _chval.o
       812          4          0          0          0          0   _scanf.o
       332          0          0          0          0          0   _scanf_int.o
        40          6         64          0          0          0   ctype_c.o
         0          0          0          0          0          0   entry.o
         0          0          0          0          0          0   entry10a.o
         0          0          0          0          0          0   entry11a.o
         8          4          0          0          0          0   entry2.o
         4          0          0          0          0          0   entry5.o
         0          0          0          0          0          0   entry7b.o
         0          0          0          0          0          0   entry8b.o
         8          4          0          0          0          0   entry9a.o
        12          6          0          4          0          0   errno.o
        44          6          0          3          0          0   fgetc_b.o
        30          0          0          0          0          0   handlers.o
        36          8          0          0          0          0   init.o
        10          0          0          0          0          0   isspace_c.o
         0          0          0          0          0          0   iusefp.o
         0          0          0          0          0          0   iusesemig.o
        30          0          0          0          0          0   llshl.o
        36          0          0          0          0          0   llsshr.o
        32          0          0          0          0          0   llushr.o
       188         20          0          0          0          0   malloc.o
        36          0          0          0          0          0   memcpya.o
        36          0          0          0          0          0   memseta.o
         0          0          0          8          0          0   mvars.o
      2258         90          0          0          0          0   printfa.o
        36          6          0          0          0          0   puts.o
       156          0          0          0          0          0   qsort.o
        40          8          0          0          0          0   scanf_char.o
        20          8          0          0          0          0   scanf_char_file.o
       878         12          0          0          0          0   scanf_fp.o
         0          0          0          0          0          0   semi.o
         0          0          0          4          0          0   stdin.o
         0          0          0          4          0          0   stdout.o
        44          0          0          0          0          0   uidiv.o
        98          0          0          0          0          0   uldiv.o
        48          0          0          0          0          0   cdrcmple.o
        56          0          0          0          0          0   d2f.o
       334          0          0          0          0          0   dadd.o
       222          0          0          0          0          0   ddiv.o
       186          0          0          0          0          0   depilogue.o
        48          0          0          0          0          0   dfixul.o
        34          0          0          0          0          0   dflti.o
        26          0          0          0          0          0   dfltui.o
        24          0          0          0          0          0   dfltul.o
       228          0          0          0          0          0   dmul.o
       110          0          0          0          0          0   fepilogue.o

    ----------------------------------------------------------------------
      6664        188         64         24          0          0   Library Totals
         6          0          0          1          0          0   (incl. Padding)

    ----------------------------------------------------------------------

      Code (inc. data)   RO Data    RW Data    ZI Data      Debug   Library Name

        58          0          0          0          0          0   m_wm.l
      5284        188         64         23          0          0   mc_w.l
      1316          0          0          0          0          0   mf_w.l

    ----------------------------------------------------------------------
      6664        188         64         24          0          0   Library Totals

    ----------------------------------------------------------------------

==============================================================================


      Code (inc. data)   RO Data    RW Data    ZI Data      Debug   

     11772        196       2984         36      13892          0   Grand Totals
     11772        196       2984         36      13892          0   ELF Image Totals
     11772        196       2984         36          0          0   ROM Totals

==============================================================================

    Total RO  Size (Code + RO Data)                14756 (  14.41kB)
    Total RW  Size (RW Data + ZI Data)             13928 (  13.60kB)
    Total ROM Size (Code + RO Data + RW Data)      14792 (  14.45kB)

==============================================================================

